Loading stratified splits (ensures (dEdge, length) combinations are held out)...
Stratified training set size: 21352
Stratified validation set size: 1858
Stratified test set size: 2410
Note: Validation/test sets contain (dEdge, length) combinations not seen in training
Loaded ML_dEdge critic model from /dfs9/tw/yuanmis1/mrsec/ML-MD-Peptide/DL_for_Peptide/ML_dEdge/models/iteration2/Transformer_curriculum_lr_0.2_bs_1024.pt
Critic model frozen (no gradients)
Critic model (ML_dEdge) loaded for dEdge prediction
Building similar sequences lookup for soft reconstruction loss...
Similar sequences lookup built with 93 dEdge bins
Training on cuda
Total parameters: 25,451,541
Training samples: 21352
Validation samples: 1858
Training: MSE loss between generated sequence's predicted dEdge and input dEdge
Training metrics will be saved to: /dfs9/tw/yuanmis1/mrsec/ML-MD-Peptide/DL_for_Peptide/ML_dEdge_gen/v1+2/data/training_metrics_lr0.0005_bs512_ep400_1.csv
Epoch 1: New best model saved! (Valid Loss: 0.4213)
Epoch 1/400: Train Loss: 1.7626 (dEdge: 0.8843, Recon: 0.8784) | Valid Loss: 0.4213 | LR: 5.00e-04
Epoch 2: New best model saved! (Valid Loss: 0.3962)
Epoch 2/400: Train Loss: 1.5379 (dEdge: 0.8449, Recon: 0.6930) | Valid Loss: 0.3962 | LR: 5.00e-04
Epoch 3/400: Train Loss: 1.5360 (dEdge: 0.8447, Recon: 0.6914) | Valid Loss: 0.4312 | LR: 5.00e-04
Epoch 4: New best model saved! (Valid Loss: 0.3793)
Epoch 4/400: Train Loss: 1.5235 (dEdge: 0.8335, Recon: 0.6900) | Valid Loss: 0.3793 | LR: 5.00e-04
Epoch 5/400: Train Loss: 1.5329 (dEdge: 0.8433, Recon: 0.6896) | Valid Loss: 0.4065 | LR: 5.00e-04
Epoch 6/400: Train Loss: 1.5402 (dEdge: 0.8509, Recon: 0.6894) | Valid Loss: 0.3879 | LR: 5.00e-04
Epoch 7/400: Train Loss: 1.5391 (dEdge: 0.8497, Recon: 0.6894) | Valid Loss: 0.4222 | LR: 5.00e-04
Epoch 8/400: Train Loss: 1.5361 (dEdge: 0.8469, Recon: 0.6892) | Valid Loss: 0.3844 | LR: 5.00e-04
Epoch 9/400: Train Loss: 1.5471 (dEdge: 0.8583, Recon: 0.6888) | Valid Loss: 0.4225 | LR: 5.00e-04
Epoch 10/400: Train Loss: 1.5380 (dEdge: 0.8494, Recon: 0.6886) | Valid Loss: 0.3977 | LR: 5.00e-04
Epoch 11/400: Train Loss: 1.5178 (dEdge: 0.8317, Recon: 0.6860) | Valid Loss: 0.4627 | LR: 5.00e-04
Epoch 12/400: Train Loss: 1.5351 (dEdge: 0.8416, Recon: 0.6935) | Valid Loss: 0.4010 | LR: 5.00e-04
Epoch 13/400: Train Loss: 1.5374 (dEdge: 0.8473, Recon: 0.6901) | Valid Loss: 0.3900 | LR: 5.00e-04
Epoch 14/400: Train Loss: 1.5326 (dEdge: 0.8434, Recon: 0.6892) | Valid Loss: 0.4158 | LR: 5.00e-04
Epoch 00015: reducing learning rate of group 0 to 2.5000e-04.
Epoch 15/400: Train Loss: 1.5387 (dEdge: 0.8501, Recon: 0.6886) | Valid Loss: 0.3882 | LR: 2.50e-04
Epoch 16/400: Train Loss: 1.5371 (dEdge: 0.8488, Recon: 0.6883) | Valid Loss: 0.4151 | LR: 2.50e-04
Epoch 17/400: Train Loss: 1.5527 (dEdge: 0.8645, Recon: 0.6882) | Valid Loss: 0.3922 | LR: 2.50e-04
Epoch 18/400: Train Loss: 1.5226 (dEdge: 0.8345, Recon: 0.6882) | Valid Loss: 0.4094 | LR: 2.50e-04
Epoch 19/400: Train Loss: 1.5383 (dEdge: 0.8501, Recon: 0.6881) | Valid Loss: 0.4044 | LR: 2.50e-04
Epoch 20/400: Train Loss: 1.5387 (dEdge: 0.8505, Recon: 0.6882) | Valid Loss: 0.4060 | LR: 2.50e-04
Epoch 21/400: Train Loss: 1.5558 (dEdge: 0.8677, Recon: 0.6881) | Valid Loss: 0.3984 | LR: 2.50e-04
Epoch 22/400: Train Loss: 1.5339 (dEdge: 0.8457, Recon: 0.6881) | Valid Loss: 0.4108 | LR: 2.50e-04
Epoch 23/400: Train Loss: 1.5292 (dEdge: 0.8411, Recon: 0.6880) | Valid Loss: 0.3843 | LR: 2.50e-04
Epoch 24/400: Train Loss: 1.5307 (dEdge: 0.8426, Recon: 0.6881) | Valid Loss: 0.4161 | LR: 2.50e-04
Epoch 25/400: Train Loss: 1.5403 (dEdge: 0.8523, Recon: 0.6880) | Valid Loss: 0.4024 | LR: 2.50e-04
Epoch 00026: reducing learning rate of group 0 to 1.2500e-04.
Epoch 26/400: Train Loss: 1.5540 (dEdge: 0.8660, Recon: 0.6881) | Valid Loss: 0.4119 | LR: 1.25e-04
Epoch 27/400: Train Loss: 1.5441 (dEdge: 0.8563, Recon: 0.6878) | Valid Loss: 0.4171 | LR: 1.25e-04
Epoch 28/400: Train Loss: 1.5356 (dEdge: 0.8478, Recon: 0.6878) | Valid Loss: 0.4202 | LR: 1.25e-04
Epoch 29/400: Train Loss: 1.5571 (dEdge: 0.8694, Recon: 0.6877) | Valid Loss: 0.4279 | LR: 1.25e-04
Epoch 30/400: Train Loss: 1.5527 (dEdge: 0.8650, Recon: 0.6877) | Valid Loss: 0.4118 | LR: 1.25e-04
Epoch 31/400: Train Loss: 1.5438 (dEdge: 0.8560, Recon: 0.6877) | Valid Loss: 0.3916 | LR: 1.25e-04
Epoch 32/400: Train Loss: 1.5356 (dEdge: 0.8479, Recon: 0.6877) | Valid Loss: 0.4122 | LR: 1.25e-04
Epoch 33/400: Train Loss: 1.5304 (dEdge: 0.8427, Recon: 0.6877) | Valid Loss: 0.4083 | LR: 1.25e-04
Epoch 34/400: Train Loss: 1.5334 (dEdge: 0.8457, Recon: 0.6876) | Valid Loss: 0.3965 | LR: 1.25e-04
Epoch 35/400: Train Loss: 1.5398 (dEdge: 0.8522, Recon: 0.6877) | Valid Loss: 0.4049 | LR: 1.25e-04
Epoch 36/400: Train Loss: 1.5511 (dEdge: 0.8635, Recon: 0.6876) | Valid Loss: 0.3912 | LR: 1.25e-04
Epoch 37: New best model saved! (Valid Loss: 0.3786)
Epoch 37/400: Train Loss: 1.3350 (dEdge: 0.7426, Recon: 0.5924) | Valid Loss: 0.3786 | LR: 1.25e-04
Epoch 38: New best model saved! (Valid Loss: 0.3321)
Epoch 38/400: Train Loss: 1.0526 (dEdge: 0.5412, Recon: 0.5114) | Valid Loss: 0.3321 | LR: 1.25e-04
Epoch 39/400: Train Loss: 1.0174 (dEdge: 0.5210, Recon: 0.4963) | Valid Loss: 0.3323 | LR: 1.25e-04
Epoch 40: New best model saved! (Valid Loss: 0.3235)
Epoch 40/400: Train Loss: 1.0148 (dEdge: 0.5185, Recon: 0.4963) | Valid Loss: 0.3235 | LR: 1.25e-04
Epoch 41: New best model saved! (Valid Loss: 0.3159)
Epoch 41/400: Train Loss: 1.0112 (dEdge: 0.5179, Recon: 0.4932) | Valid Loss: 0.3159 | LR: 1.25e-04
Epoch 42/400: Train Loss: 1.0097 (dEdge: 0.5188, Recon: 0.4909) | Valid Loss: 0.3325 | LR: 1.25e-04
Epoch 43/400: Train Loss: 1.0005 (dEdge: 0.5112, Recon: 0.4892) | Valid Loss: 0.3231 | LR: 1.25e-04
Epoch 44/400: Train Loss: 0.9998 (dEdge: 0.5126, Recon: 0.4873) | Valid Loss: 0.3267 | LR: 1.25e-04
Epoch 45/400: Train Loss: 0.9982 (dEdge: 0.5124, Recon: 0.4858) | Valid Loss: 0.3208 | LR: 1.25e-04
Epoch 46/400: Train Loss: 0.9953 (dEdge: 0.5104, Recon: 0.4848) | Valid Loss: 0.3190 | LR: 1.25e-04
Epoch 47/400: Train Loss: 0.9936 (dEdge: 0.5095, Recon: 0.4841) | Valid Loss: 0.3273 | LR: 1.25e-04
Epoch 48: New best model saved! (Valid Loss: 0.3129)
Epoch 48/400: Train Loss: 0.9938 (dEdge: 0.5111, Recon: 0.4827) | Valid Loss: 0.3129 | LR: 1.25e-04
Epoch 49/400: Train Loss: 0.9916 (dEdge: 0.5098, Recon: 0.4818) | Valid Loss: 0.3278 | LR: 1.25e-04
Epoch 50/400: Train Loss: 0.9910 (dEdge: 0.5097, Recon: 0.4814) | Valid Loss: 0.3296 | LR: 1.25e-04
Epoch 51/400: Train Loss: 0.9880 (dEdge: 0.5077, Recon: 0.4803) | Valid Loss: 0.3195 | LR: 1.25e-04
Epoch 52/400: Train Loss: 0.9951 (dEdge: 0.5152, Recon: 0.4799) | Valid Loss: 0.3238 | LR: 1.25e-04
Epoch 53/400: Train Loss: 0.9912 (dEdge: 0.5118, Recon: 0.4794) | Valid Loss: 0.3465 | LR: 1.25e-04
Epoch 54/400: Train Loss: 0.9888 (dEdge: 0.5097, Recon: 0.4791) | Valid Loss: 0.3301 | LR: 1.25e-04
Epoch 55/400: Train Loss: 0.9913 (dEdge: 0.5128, Recon: 0.4785) | Valid Loss: 0.3341 | LR: 1.25e-04
Epoch 56/400: Train Loss: 1.0027 (dEdge: 0.5158, Recon: 0.4869) | Valid Loss: 0.3288 | LR: 1.25e-04
Epoch 57/400: Train Loss: 0.9897 (dEdge: 0.5107, Recon: 0.4790) | Valid Loss: 0.3272 | LR: 1.25e-04
Epoch 58/400: Train Loss: 0.9855 (dEdge: 0.5076, Recon: 0.4780) | Valid Loss: 0.3210 | LR: 1.25e-04
Epoch 00059: reducing learning rate of group 0 to 6.2500e-05.
Epoch 59/400: Train Loss: 0.9865 (dEdge: 0.5091, Recon: 0.4774) | Valid Loss: 0.3297 | LR: 6.25e-05
Epoch 60/400: Train Loss: 0.9889 (dEdge: 0.5126, Recon: 0.4764) | Valid Loss: 0.3284 | LR: 6.25e-05
Epoch 61: New best model saved! (Valid Loss: 0.3122)
Epoch 61/400: Train Loss: 0.9905 (dEdge: 0.5148, Recon: 0.4757) | Valid Loss: 0.3122 | LR: 6.25e-05
Epoch 62/400: Train Loss: 0.9810 (dEdge: 0.5054, Recon: 0.4756) | Valid Loss: 0.3278 | LR: 6.25e-05
Epoch 63/400: Train Loss: 0.9826 (dEdge: 0.5074, Recon: 0.4752) | Valid Loss: 0.3233 | LR: 6.25e-05
Epoch 64/400: Train Loss: 0.9850 (dEdge: 0.5101, Recon: 0.4749) | Valid Loss: 0.3197 | LR: 6.25e-05
Epoch 65/400: Train Loss: 0.9816 (dEdge: 0.5070, Recon: 0.4747) | Valid Loss: 0.3317 | LR: 6.25e-05
Epoch 66/400: Train Loss: 0.9894 (dEdge: 0.5150, Recon: 0.4744) | Valid Loss: 0.3241 | LR: 6.25e-05
Epoch 67/400: Train Loss: 0.9811 (dEdge: 0.5067, Recon: 0.4744) | Valid Loss: 0.3267 | LR: 6.25e-05
Epoch 68: New best model saved! (Valid Loss: 0.3093)
Epoch 68/400: Train Loss: 0.9860 (dEdge: 0.5119, Recon: 0.4741) | Valid Loss: 0.3093 | LR: 6.25e-05
Epoch 69/400: Train Loss: 0.9870 (dEdge: 0.5133, Recon: 0.4737) | Valid Loss: 0.3337 | LR: 6.25e-05
Epoch 70/400: Train Loss: 0.9795 (dEdge: 0.5060, Recon: 0.4735) | Valid Loss: 0.3249 | LR: 6.25e-05
Epoch 71/400: Train Loss: 0.9836 (dEdge: 0.5099, Recon: 0.4737) | Valid Loss: 0.3242 | LR: 6.25e-05
Epoch 72: New best model saved! (Valid Loss: 0.3075)
Epoch 72/400: Train Loss: 0.9794 (dEdge: 0.5065, Recon: 0.4729) | Valid Loss: 0.3075 | LR: 6.25e-05
Epoch 73/400: Train Loss: 0.9805 (dEdge: 0.5078, Recon: 0.4727) | Valid Loss: 0.3391 | LR: 6.25e-05
Epoch 74/400: Train Loss: 0.9822 (dEdge: 0.5098, Recon: 0.4724) | Valid Loss: 0.3140 | LR: 6.25e-05
Epoch 75/400: Train Loss: 0.9797 (dEdge: 0.5073, Recon: 0.4724) | Valid Loss: 0.3314 | LR: 6.25e-05
Epoch 76/400: Train Loss: 0.9833 (dEdge: 0.5113, Recon: 0.4720) | Valid Loss: 0.3173 | LR: 6.25e-05
Epoch 77/400: Train Loss: 0.9798 (dEdge: 0.5081, Recon: 0.4718) | Valid Loss: 0.3307 | LR: 6.25e-05
Epoch 78/400: Train Loss: 0.9810 (dEdge: 0.5093, Recon: 0.4717) | Valid Loss: 0.3198 | LR: 6.25e-05
Epoch 79/400: Train Loss: 0.9832 (dEdge: 0.5120, Recon: 0.4712) | Valid Loss: 0.3214 | LR: 6.25e-05
Epoch 80/400: Train Loss: 0.9821 (dEdge: 0.5105, Recon: 0.4716) | Valid Loss: 0.3270 | LR: 6.25e-05
Epoch 81/400: Train Loss: 0.9796 (dEdge: 0.5089, Recon: 0.4706) | Valid Loss: 0.3283 | LR: 6.25e-05
Epoch 82/400: Train Loss: 0.9790 (dEdge: 0.5086, Recon: 0.4704) | Valid Loss: 0.3283 | LR: 6.25e-05
Epoch 00083: reducing learning rate of group 0 to 3.1250e-05.
Epoch 83/400: Train Loss: 0.9828 (dEdge: 0.5092, Recon: 0.4736) | Valid Loss: 0.3262 | LR: 3.13e-05
Epoch 84/400: Train Loss: 0.9760 (dEdge: 0.5059, Recon: 0.4701) | Valid Loss: 0.3245 | LR: 3.13e-05
Epoch 85/400: Train Loss: 0.9795 (dEdge: 0.5102, Recon: 0.4692) | Valid Loss: 0.3227 | LR: 3.13e-05
Epoch 86/400: Train Loss: 0.9801 (dEdge: 0.5113, Recon: 0.4689) | Valid Loss: 0.3271 | LR: 3.13e-05
Epoch 87/400: Train Loss: 0.9780 (dEdge: 0.5091, Recon: 0.4689) | Valid Loss: 0.3296 | LR: 3.13e-05
Epoch 88/400: Train Loss: 0.9740 (dEdge: 0.5055, Recon: 0.4685) | Valid Loss: 0.3246 | LR: 3.13e-05
Epoch 89/400: Train Loss: 0.9803 (dEdge: 0.5120, Recon: 0.4683) | Valid Loss: 0.3209 | LR: 3.13e-05
Epoch 90/400: Train Loss: 0.9731 (dEdge: 0.5051, Recon: 0.4680) | Valid Loss: 0.3314 | LR: 3.13e-05
Epoch 91/400: Train Loss: 0.9793 (dEdge: 0.5115, Recon: 0.4678) | Valid Loss: 0.3431 | LR: 3.13e-05
Epoch 92/400: Train Loss: 0.9788 (dEdge: 0.5111, Recon: 0.4677) | Valid Loss: 0.3191 | LR: 3.13e-05
Epoch 93/400: Train Loss: 0.9809 (dEdge: 0.5134, Recon: 0.4675) | Valid Loss: 0.3169 | LR: 3.13e-05
Epoch 00094: reducing learning rate of group 0 to 1.5625e-05.
Epoch 94/400: Train Loss: 0.9810 (dEdge: 0.5137, Recon: 0.4673) | Valid Loss: 0.3125 | LR: 1.56e-05
Epoch 95/400: Train Loss: 0.9780 (dEdge: 0.5115, Recon: 0.4666) | Valid Loss: 0.3316 | LR: 1.56e-05
Epoch 96/400: Train Loss: 0.9725 (dEdge: 0.5063, Recon: 0.4663) | Valid Loss: 0.3303 | LR: 1.56e-05
Epoch 97/400: Train Loss: 0.9730 (dEdge: 0.5068, Recon: 0.4661) | Valid Loss: 0.3272 | LR: 1.56e-05
Epoch 98/400: Train Loss: 0.9751 (dEdge: 0.5091, Recon: 0.4661) | Valid Loss: 0.3230 | LR: 1.56e-05
Epoch 99/400: Train Loss: 0.9783 (dEdge: 0.5124, Recon: 0.4659) | Valid Loss: 0.3256 | LR: 1.56e-05
Epoch 100/400: Train Loss: 0.9712 (dEdge: 0.5053, Recon: 0.4659) | Valid Loss: 0.3266 | LR: 1.56e-05
Epoch 101/400: Train Loss: 0.9728 (dEdge: 0.5071, Recon: 0.4656) | Valid Loss: 0.3198 | LR: 1.56e-05
Epoch 102/400: Train Loss: 0.9774 (dEdge: 0.5118, Recon: 0.4656) | Valid Loss: 0.3102 | LR: 1.56e-05
Epoch 103/400: Train Loss: 0.9747 (dEdge: 0.5093, Recon: 0.4654) | Valid Loss: 0.3243 | LR: 1.56e-05
Epoch 104/400: Train Loss: 0.9743 (dEdge: 0.5090, Recon: 0.4653) | Valid Loss: 0.3325 | LR: 1.56e-05
Epoch 00105: reducing learning rate of group 0 to 1.0000e-05.
Epoch 105/400: Train Loss: 0.9754 (dEdge: 0.5102, Recon: 0.4651) | Valid Loss: 0.3285 | LR: 1.00e-05
Epoch 106/400: Train Loss: 0.9738 (dEdge: 0.5091, Recon: 0.4647) | Valid Loss: 0.3367 | LR: 1.00e-05
Epoch 107/400: Train Loss: 0.9757 (dEdge: 0.5109, Recon: 0.4648) | Valid Loss: 0.3307 | LR: 1.00e-05
Epoch 108/400: Train Loss: 0.9722 (dEdge: 0.5074, Recon: 0.4647) | Valid Loss: 0.3310 | LR: 1.00e-05
Epoch 109/400: Train Loss: 0.9746 (dEdge: 0.5101, Recon: 0.4645) | Valid Loss: 0.3316 | LR: 1.00e-05
Epoch 110/400: Train Loss: 0.9786 (dEdge: 0.5142, Recon: 0.4645) | Valid Loss: 0.3238 | LR: 1.00e-05
Epoch 111/400: Train Loss: 0.9734 (dEdge: 0.5091, Recon: 0.4644) | Valid Loss: 0.3338 | LR: 1.00e-05
Epoch 112/400: Train Loss: 0.9746 (dEdge: 0.5104, Recon: 0.4642) | Valid Loss: 0.3286 | LR: 1.00e-05
Epoch 113/400: Train Loss: 0.9695 (dEdge: 0.5054, Recon: 0.4641) | Valid Loss: 0.3258 | LR: 1.00e-05
Epoch 114/400: Train Loss: 0.9741 (dEdge: 0.5100, Recon: 0.4641) | Valid Loss: 0.3339 | LR: 1.00e-05
Epoch 115/400: Train Loss: 0.9715 (dEdge: 0.5076, Recon: 0.4639) | Valid Loss: 0.3270 | LR: 1.00e-05
Epoch 116/400: Train Loss: 0.9752 (dEdge: 0.5113, Recon: 0.4639) | Valid Loss: 0.3274 | LR: 1.00e-05
Epoch 117/400: Train Loss: 0.9762 (dEdge: 0.5125, Recon: 0.4637) | Valid Loss: 0.3327 | LR: 1.00e-05
Epoch 118/400: Train Loss: 0.9729 (dEdge: 0.5091, Recon: 0.4637) | Valid Loss: 0.3341 | LR: 1.00e-05
Epoch 119/400: Train Loss: 0.9733 (dEdge: 0.5097, Recon: 0.4637) | Valid Loss: 0.3307 | LR: 1.00e-05
Epoch 120/400: Train Loss: 0.9742 (dEdge: 0.5106, Recon: 0.4636) | Valid Loss: 0.3311 | LR: 1.00e-05
Epoch 121/400: Train Loss: 0.9767 (dEdge: 0.5132, Recon: 0.4635) | Valid Loss: 0.3308 | LR: 1.00e-05
Epoch 122/400: Train Loss: 0.9751 (dEdge: 0.5117, Recon: 0.4634) | Valid Loss: 0.3507 | LR: 1.00e-05
Epoch 123/400: Train Loss: 0.9753 (dEdge: 0.5120, Recon: 0.4633) | Valid Loss: 0.3267 | LR: 1.00e-05
Epoch 124/400: Train Loss: 0.9771 (dEdge: 0.5139, Recon: 0.4632) | Valid Loss: 0.3279 | LR: 1.00e-05
Epoch 125/400: Train Loss: 0.9733 (dEdge: 0.5101, Recon: 0.4632) | Valid Loss: 0.3232 | LR: 1.00e-05
Epoch 126/400: Train Loss: 0.9752 (dEdge: 0.5121, Recon: 0.4631) | Valid Loss: 0.3342 | LR: 1.00e-05
Epoch 127/400: Train Loss: 0.9715 (dEdge: 0.5086, Recon: 0.4629) | Valid Loss: 0.3308 | LR: 1.00e-05
Epoch 128/400: Train Loss: 0.9773 (dEdge: 0.5144, Recon: 0.4630) | Valid Loss: 0.3333 | LR: 1.00e-05
Epoch 129/400: Train Loss: 0.9694 (dEdge: 0.5066, Recon: 0.4628) | Valid Loss: 0.3269 | LR: 1.00e-05
Epoch 130/400: Train Loss: 0.9743 (dEdge: 0.5116, Recon: 0.4627) | Valid Loss: 0.3191 | LR: 1.00e-05
Epoch 131/400: Train Loss: 0.9722 (dEdge: 0.5095, Recon: 0.4627) | Valid Loss: 0.3272 | LR: 1.00e-05
Epoch 132/400: Train Loss: 0.9767 (dEdge: 0.5141, Recon: 0.4626) | Valid Loss: 0.3154 | LR: 1.00e-05
Epoch 133/400: Train Loss: 0.9716 (dEdge: 0.5090, Recon: 0.4625) | Valid Loss: 0.3285 | LR: 1.00e-05
Epoch 134/400: Train Loss: 0.9742 (dEdge: 0.5117, Recon: 0.4625) | Valid Loss: 0.3319 | LR: 1.00e-05
Epoch 135/400: Train Loss: 0.9707 (dEdge: 0.5084, Recon: 0.4623) | Valid Loss: 0.3285 | LR: 1.00e-05
Epoch 136/400: Train Loss: 0.9692 (dEdge: 0.5070, Recon: 0.4622) | Valid Loss: 0.3310 | LR: 1.00e-05
Epoch 137/400: Train Loss: 0.9732 (dEdge: 0.5112, Recon: 0.4620) | Valid Loss: 0.3277 | LR: 1.00e-05
Epoch 138/400: Train Loss: 0.9748 (dEdge: 0.5127, Recon: 0.4621) | Valid Loss: 0.3178 | LR: 1.00e-05
Epoch 139/400: Train Loss: 0.9705 (dEdge: 0.5086, Recon: 0.4619) | Valid Loss: 0.3281 | LR: 1.00e-05
Epoch 140/400: Train Loss: 0.9714 (dEdge: 0.5095, Recon: 0.4619) | Valid Loss: 0.3278 | LR: 1.00e-05
Epoch 141/400: Train Loss: 0.9656 (dEdge: 0.5038, Recon: 0.4618) | Valid Loss: 0.3237 | LR: 1.00e-05
Epoch 142/400: Train Loss: 0.9746 (dEdge: 0.5129, Recon: 0.4617) | Valid Loss: 0.3255 | LR: 1.00e-05
Epoch 143/400: Train Loss: 0.9694 (dEdge: 0.5078, Recon: 0.4616) | Valid Loss: 0.3251 | LR: 1.00e-05
Epoch 144/400: Train Loss: 0.9721 (dEdge: 0.5106, Recon: 0.4615) | Valid Loss: 0.3319 | LR: 1.00e-05
Epoch 145/400: Train Loss: 0.9706 (dEdge: 0.5093, Recon: 0.4613) | Valid Loss: 0.3284 | LR: 1.00e-05
Epoch 146/400: Train Loss: 0.9689 (dEdge: 0.5078, Recon: 0.4612) | Valid Loss: 0.3175 | LR: 1.00e-05
Epoch 147/400: Train Loss: 0.9732 (dEdge: 0.5120, Recon: 0.4612) | Valid Loss: 0.3382 | LR: 1.00e-05
Epoch 148/400: Train Loss: 0.9675 (dEdge: 0.5063, Recon: 0.4612) | Valid Loss: 0.3254 | LR: 1.00e-05
Epoch 149/400: Train Loss: 0.9706 (dEdge: 0.5096, Recon: 0.4611) | Valid Loss: 0.3364 | LR: 1.00e-05
Epoch 150/400: Train Loss: 0.9674 (dEdge: 0.5065, Recon: 0.4608) | Valid Loss: 0.3296 | LR: 1.00e-05
Epoch 151/400: Train Loss: 0.9706 (dEdge: 0.5097, Recon: 0.4608) | Valid Loss: 0.3350 | LR: 1.00e-05
Epoch 152/400: Train Loss: 0.9668 (dEdge: 0.5059, Recon: 0.4608) | Valid Loss: 0.3402 | LR: 1.00e-05
Epoch 153/400: Train Loss: 0.9724 (dEdge: 0.5118, Recon: 0.4606) | Valid Loss: 0.3353 | LR: 1.00e-05
Epoch 154/400: Train Loss: 0.9686 (dEdge: 0.5081, Recon: 0.4606) | Valid Loss: 0.3165 | LR: 1.00e-05
Epoch 155/400: Train Loss: 0.9723 (dEdge: 0.5119, Recon: 0.4604) | Valid Loss: 0.3269 | LR: 1.00e-05
Epoch 156/400: Train Loss: 0.9655 (dEdge: 0.5050, Recon: 0.4604) | Valid Loss: 0.3406 | LR: 1.00e-05
Epoch 157/400: Train Loss: 0.9694 (dEdge: 0.5092, Recon: 0.4602) | Valid Loss: 0.3200 | LR: 1.00e-05
Epoch 158/400: Train Loss: 0.9691 (dEdge: 0.5089, Recon: 0.4602) | Valid Loss: 0.3260 | LR: 1.00e-05
Epoch 159/400: Train Loss: 0.9656 (dEdge: 0.5055, Recon: 0.4601) | Valid Loss: 0.3275 | LR: 1.00e-05
Epoch 160/400: Train Loss: 0.9689 (dEdge: 0.5090, Recon: 0.4599) | Valid Loss: 0.3278 | LR: 1.00e-05
Epoch 161/400: Train Loss: 0.9687 (dEdge: 0.5089, Recon: 0.4598) | Valid Loss: 0.3264 | LR: 1.00e-05
Epoch 162/400: Train Loss: 0.9723 (dEdge: 0.5124, Recon: 0.4598) | Valid Loss: 0.3332 | LR: 1.00e-05
Epoch 163/400: Train Loss: 0.9652 (dEdge: 0.5055, Recon: 0.4598) | Valid Loss: 0.3206 | LR: 1.00e-05
Epoch 164/400: Train Loss: 0.9678 (dEdge: 0.5082, Recon: 0.4596) | Valid Loss: 0.3208 | LR: 1.00e-05
Epoch 165/400: Train Loss: 0.9697 (dEdge: 0.5102, Recon: 0.4595) | Valid Loss: 0.3308 | LR: 1.00e-05
Epoch 166/400: Train Loss: 0.9708 (dEdge: 0.5114, Recon: 0.4594) | Valid Loss: 0.3331 | LR: 1.00e-05
Epoch 167/400: Train Loss: 0.9737 (dEdge: 0.5145, Recon: 0.4592) | Valid Loss: 0.3181 | LR: 1.00e-05
Epoch 168/400: Train Loss: 0.9660 (dEdge: 0.5069, Recon: 0.4591) | Valid Loss: 0.3310 | LR: 1.00e-05
Epoch 169/400: Train Loss: 0.9668 (dEdge: 0.5078, Recon: 0.4590) | Valid Loss: 0.3242 | LR: 1.00e-05
Epoch 170/400: Train Loss: 0.9679 (dEdge: 0.5090, Recon: 0.4589) | Valid Loss: 0.3377 | LR: 1.00e-05
Epoch 171/400: Train Loss: 0.9640 (dEdge: 0.5052, Recon: 0.4588) | Valid Loss: 0.3331 | LR: 1.00e-05
Epoch 172/400: Train Loss: 0.9651 (dEdge: 0.5066, Recon: 0.4584) | Valid Loss: 0.3356 | LR: 1.00e-05
Epoch 173/400: Train Loss: 0.9665 (dEdge: 0.5086, Recon: 0.4579) | Valid Loss: 0.3333 | LR: 1.00e-05
Epoch 174/400: Train Loss: 0.9675 (dEdge: 0.5113, Recon: 0.4562) | Valid Loss: 0.3410 | LR: 1.00e-05
Epoch 175/400: Train Loss: 0.9648 (dEdge: 0.5118, Recon: 0.4530) | Valid Loss: 0.3354 | LR: 1.00e-05
Epoch 176/400: Train Loss: 0.9619 (dEdge: 0.5105, Recon: 0.4514) | Valid Loss: 0.3309 | LR: 1.00e-05
Epoch 177/400: Train Loss: 0.9581 (dEdge: 0.5073, Recon: 0.4507) | Valid Loss: 0.3345 | LR: 1.00e-05
Epoch 178/400: Train Loss: 0.9640 (dEdge: 0.5137, Recon: 0.4503) | Valid Loss: 0.3449 | LR: 1.00e-05
Epoch 179/400: Train Loss: 0.9634 (dEdge: 0.5132, Recon: 0.4502) | Valid Loss: 0.3299 | LR: 1.00e-05
Epoch 180/400: Train Loss: 0.9574 (dEdge: 0.5074, Recon: 0.4500) | Valid Loss: 0.3425 | LR: 1.00e-05
Epoch 181/400: Train Loss: 0.9594 (dEdge: 0.5096, Recon: 0.4498) | Valid Loss: 0.3339 | LR: 1.00e-05
Epoch 182/400: Train Loss: 0.9592 (dEdge: 0.5092, Recon: 0.4500) | Valid Loss: 0.3349 | LR: 1.00e-05
Epoch 183/400: Train Loss: 0.9618 (dEdge: 0.5123, Recon: 0.4495) | Valid Loss: 0.3280 | LR: 1.00e-05
Epoch 184/400: Train Loss: 0.9580 (dEdge: 0.5087, Recon: 0.4493) | Valid Loss: 0.3354 | LR: 1.00e-05
Epoch 185/400: Train Loss: 0.9551 (dEdge: 0.5058, Recon: 0.4493) | Valid Loss: 0.3377 | LR: 1.00e-05
Epoch 186/400: Train Loss: 0.9598 (dEdge: 0.5105, Recon: 0.4492) | Valid Loss: 0.3438 | LR: 1.00e-05
Epoch 187/400: Train Loss: 0.9613 (dEdge: 0.5121, Recon: 0.4492) | Valid Loss: 0.3447 | LR: 1.00e-05
Epoch 188/400: Train Loss: 0.9593 (dEdge: 0.5104, Recon: 0.4489) | Valid Loss: 0.3312 | LR: 1.00e-05
Epoch 189/400: Train Loss: 0.9546 (dEdge: 0.5056, Recon: 0.4490) | Valid Loss: 0.3379 | LR: 1.00e-05
Epoch 190/400: Train Loss: 0.9570 (dEdge: 0.5084, Recon: 0.4487) | Valid Loss: 0.3414 | LR: 1.00e-05
Epoch 191/400: Train Loss: 0.9564 (dEdge: 0.5079, Recon: 0.4485) | Valid Loss: 0.3321 | LR: 1.00e-05
Epoch 192/400: Train Loss: 0.9550 (dEdge: 0.5065, Recon: 0.4485) | Valid Loss: 0.3271 | LR: 1.00e-05
Epoch 193/400: Train Loss: 0.9557 (dEdge: 0.5073, Recon: 0.4484) | Valid Loss: 0.3350 | LR: 1.00e-05
Epoch 194/400: Train Loss: 0.9589 (dEdge: 0.5105, Recon: 0.4484) | Valid Loss: 0.3336 | LR: 1.00e-05
Epoch 195/400: Train Loss: 0.9594 (dEdge: 0.5113, Recon: 0.4482) | Valid Loss: 0.3478 | LR: 1.00e-05
Epoch 196/400: Train Loss: 0.9590 (dEdge: 0.5109, Recon: 0.4481) | Valid Loss: 0.3367 | LR: 1.00e-05
Epoch 197/400: Train Loss: 0.9586 (dEdge: 0.5106, Recon: 0.4480) | Valid Loss: 0.3306 | LR: 1.00e-05
Epoch 198/400: Train Loss: 0.9562 (dEdge: 0.5082, Recon: 0.4480) | Valid Loss: 0.3224 | LR: 1.00e-05
Epoch 199/400: Train Loss: 0.9577 (dEdge: 0.5099, Recon: 0.4478) | Valid Loss: 0.3388 | LR: 1.00e-05
Epoch 200/400: Train Loss: 0.9568 (dEdge: 0.5091, Recon: 0.4476) | Valid Loss: 0.3310 | LR: 1.00e-05
Epoch 201/400: Train Loss: 0.9588 (dEdge: 0.5111, Recon: 0.4477) | Valid Loss: 0.3242 | LR: 1.00e-05
Epoch 202/400: Train Loss: 0.9548 (dEdge: 0.5074, Recon: 0.4474) | Valid Loss: 0.3437 | LR: 1.00e-05
Epoch 203/400: Train Loss: 0.9556 (dEdge: 0.5084, Recon: 0.4473) | Valid Loss: 0.3274 | LR: 1.00e-05
Epoch 204/400: Train Loss: 0.9586 (dEdge: 0.5115, Recon: 0.4471) | Valid Loss: 0.3323 | LR: 1.00e-05
Epoch 205/400: Train Loss: 0.9565 (dEdge: 0.5094, Recon: 0.4471) | Valid Loss: 0.3520 | LR: 1.00e-05
Epoch 206/400: Train Loss: 0.9562 (dEdge: 0.5090, Recon: 0.4471) | Valid Loss: 0.3276 | LR: 1.00e-05
Epoch 207/400: Train Loss: 0.9583 (dEdge: 0.5112, Recon: 0.4471) | Valid Loss: 0.3374 | LR: 1.00e-05
Epoch 208/400: Train Loss: 0.9562 (dEdge: 0.5093, Recon: 0.4468) | Valid Loss: 0.3422 | LR: 1.00e-05
Epoch 209/400: Train Loss: 0.9525 (dEdge: 0.5057, Recon: 0.4468) | Valid Loss: 0.3392 | LR: 1.00e-05
Epoch 210/400: Train Loss: 0.9560 (dEdge: 0.5093, Recon: 0.4467) | Valid Loss: 0.3351 | LR: 1.00e-05
Epoch 211/400: Train Loss: 0.9529 (dEdge: 0.5063, Recon: 0.4466) | Valid Loss: 0.3342 | LR: 1.00e-05
Epoch 212/400: Train Loss: 0.9534 (dEdge: 0.5071, Recon: 0.4464) | Valid Loss: 0.3315 | LR: 1.00e-05
Epoch 213/400: Train Loss: 0.9533 (dEdge: 0.5068, Recon: 0.4465) | Valid Loss: 0.3311 | LR: 1.00e-05
Epoch 214/400: Train Loss: 0.9553 (dEdge: 0.5092, Recon: 0.4461) | Valid Loss: 0.3393 | LR: 1.00e-05
Epoch 215/400: Train Loss: 0.9545 (dEdge: 0.5084, Recon: 0.4461) | Valid Loss: 0.3261 | LR: 1.00e-05
Epoch 216/400: Train Loss: 0.9520 (dEdge: 0.5059, Recon: 0.4461) | Valid Loss: 0.3430 | LR: 1.00e-05
Epoch 217/400: Train Loss: 0.9535 (dEdge: 0.5076, Recon: 0.4459) | Valid Loss: 0.3393 | LR: 1.00e-05
Epoch 218/400: Train Loss: 0.9566 (dEdge: 0.5108, Recon: 0.4459) | Valid Loss: 0.3410 | LR: 1.00e-05
Epoch 219/400: Train Loss: 0.9530 (dEdge: 0.5072, Recon: 0.4458) | Valid Loss: 0.3208 | LR: 1.00e-05
Epoch 220/400: Train Loss: 0.9552 (dEdge: 0.5095, Recon: 0.4457) | Valid Loss: 0.3325 | LR: 1.00e-05
Epoch 221/400: Train Loss: 0.9540 (dEdge: 0.5085, Recon: 0.4456) | Valid Loss: 0.3311 | LR: 1.00e-05
Epoch 222/400: Train Loss: 0.9555 (dEdge: 0.5101, Recon: 0.4454) | Valid Loss: 0.3405 | LR: 1.00e-05
Epoch 223/400: Train Loss: 0.9549 (dEdge: 0.5096, Recon: 0.4453) | Valid Loss: 0.3375 | LR: 1.00e-05
Epoch 224/400: Train Loss: 0.9522 (dEdge: 0.5071, Recon: 0.4450) | Valid Loss: 0.3407 | LR: 1.00e-05
Epoch 225/400: Train Loss: 0.9546 (dEdge: 0.5095, Recon: 0.4451) | Valid Loss: 0.3253 | LR: 1.00e-05
Epoch 226/400: Train Loss: 0.9513 (dEdge: 0.5064, Recon: 0.4449) | Valid Loss: 0.3335 | LR: 1.00e-05
Epoch 227/400: Train Loss: 0.9554 (dEdge: 0.5106, Recon: 0.4448) | Valid Loss: 0.3408 | LR: 1.00e-05
Epoch 228/400: Train Loss: 0.9546 (dEdge: 0.5098, Recon: 0.4448) | Valid Loss: 0.3414 | LR: 1.00e-05
Epoch 229/400: Train Loss: 0.9521 (dEdge: 0.5074, Recon: 0.4447) | Valid Loss: 0.3328 | LR: 1.00e-05
Epoch 230/400: Train Loss: 0.9525 (dEdge: 0.5080, Recon: 0.4445) | Valid Loss: 0.3285 | LR: 1.00e-05
Epoch 231/400: Train Loss: 0.9517 (dEdge: 0.5071, Recon: 0.4446) | Valid Loss: 0.3490 | LR: 1.00e-05
Epoch 232/400: Train Loss: 0.9552 (dEdge: 0.5108, Recon: 0.4444) | Valid Loss: 0.3217 | LR: 1.00e-05
Epoch 233/400: Train Loss: 0.9537 (dEdge: 0.5094, Recon: 0.4442) | Valid Loss: 0.3312 | LR: 1.00e-05
Epoch 234/400: Train Loss: 0.9582 (dEdge: 0.5139, Recon: 0.4443) | Valid Loss: 0.3367 | LR: 1.00e-05
Epoch 235/400: Train Loss: 0.9515 (dEdge: 0.5074, Recon: 0.4441) | Valid Loss: 0.3496 | LR: 1.00e-05
Epoch 236/400: Train Loss: 0.9542 (dEdge: 0.5103, Recon: 0.4439) | Valid Loss: 0.3310 | LR: 1.00e-05
Epoch 237/400: Train Loss: 0.9555 (dEdge: 0.5118, Recon: 0.4437) | Valid Loss: 0.3387 | LR: 1.00e-05
Epoch 238/400: Train Loss: 0.9549 (dEdge: 0.5112, Recon: 0.4438) | Valid Loss: 0.3328 | LR: 1.00e-05
Epoch 239/400: Train Loss: 0.9560 (dEdge: 0.5123, Recon: 0.4437) | Valid Loss: 0.3107 | LR: 1.00e-05
Epoch 240/400: Train Loss: 0.9528 (dEdge: 0.5094, Recon: 0.4435) | Valid Loss: 0.3370 | LR: 1.00e-05
Epoch 241/400: Train Loss: 0.9508 (dEdge: 0.5073, Recon: 0.4435) | Valid Loss: 0.3304 | LR: 1.00e-05
Epoch 242/400: Train Loss: 0.9540 (dEdge: 0.5107, Recon: 0.4433) | Valid Loss: 0.3399 | LR: 1.00e-05
Epoch 243/400: Train Loss: 0.9513 (dEdge: 0.5081, Recon: 0.4432) | Valid Loss: 0.3350 | LR: 1.00e-05
Epoch 244/400: Train Loss: 0.9505 (dEdge: 0.5074, Recon: 0.4431) | Valid Loss: 0.3196 | LR: 1.00e-05
Epoch 245/400: Train Loss: 0.9565 (dEdge: 0.5136, Recon: 0.4430) | Valid Loss: 0.3201 | LR: 1.00e-05
Epoch 246/400: Train Loss: 0.9537 (dEdge: 0.5108, Recon: 0.4428) | Valid Loss: 0.3366 | LR: 1.00e-05
Epoch 247/400: Train Loss: 0.9550 (dEdge: 0.5123, Recon: 0.4427) | Valid Loss: 0.3460 | LR: 1.00e-05
Epoch 248/400: Train Loss: 0.9508 (dEdge: 0.5081, Recon: 0.4426) | Valid Loss: 0.3364 | LR: 1.00e-05
Epoch 249/400: Train Loss: 0.9495 (dEdge: 0.5069, Recon: 0.4426) | Valid Loss: 0.3338 | LR: 1.00e-05
Epoch 250/400: Train Loss: 0.9534 (dEdge: 0.5110, Recon: 0.4424) | Valid Loss: 0.3287 | LR: 1.00e-05
Epoch 251/400: Train Loss: 0.9549 (dEdge: 0.5126, Recon: 0.4423) | Valid Loss: 0.3264 | LR: 1.00e-05
Epoch 252/400: Train Loss: 0.9519 (dEdge: 0.5097, Recon: 0.4422) | Valid Loss: 0.3260 | LR: 1.00e-05
Epoch 253/400: Train Loss: 0.9519 (dEdge: 0.5098, Recon: 0.4421) | Valid Loss: 0.3304 | LR: 1.00e-05
Epoch 254/400: Train Loss: 0.9517 (dEdge: 0.5098, Recon: 0.4419) | Valid Loss: 0.3336 | LR: 1.00e-05
Epoch 255/400: Train Loss: 0.9541 (dEdge: 0.5122, Recon: 0.4418) | Valid Loss: 0.3357 | LR: 1.00e-05
Epoch 256/400: Train Loss: 0.9476 (dEdge: 0.5056, Recon: 0.4420) | Valid Loss: 0.3327 | LR: 1.00e-05
Epoch 257/400: Train Loss: 0.9527 (dEdge: 0.5109, Recon: 0.4418) | Valid Loss: 0.3387 | LR: 1.00e-05
Epoch 258/400: Train Loss: 0.9476 (dEdge: 0.5060, Recon: 0.4416) | Valid Loss: 0.3317 | LR: 1.00e-05
Epoch 259/400: Train Loss: 0.9523 (dEdge: 0.5106, Recon: 0.4416) | Valid Loss: 0.3285 | LR: 1.00e-05
Epoch 260/400: Train Loss: 0.9531 (dEdge: 0.5115, Recon: 0.4416) | Valid Loss: 0.3371 | LR: 1.00e-05
Epoch 261/400: Train Loss: 0.9510 (dEdge: 0.5096, Recon: 0.4414) | Valid Loss: 0.3334 | LR: 1.00e-05
Epoch 262/400: Train Loss: 0.9545 (dEdge: 0.5132, Recon: 0.4413) | Valid Loss: 0.3386 | LR: 1.00e-05
Epoch 263/400: Train Loss: 0.9526 (dEdge: 0.5115, Recon: 0.4411) | Valid Loss: 0.3288 | LR: 1.00e-05
Epoch 264/400: Train Loss: 0.9526 (dEdge: 0.5117, Recon: 0.4409) | Valid Loss: 0.3310 | LR: 1.00e-05
Epoch 265/400: Train Loss: 0.9513 (dEdge: 0.5102, Recon: 0.4411) | Valid Loss: 0.3250 | LR: 1.00e-05
Epoch 266/400: Train Loss: 0.9488 (dEdge: 0.5079, Recon: 0.4408) | Valid Loss: 0.3305 | LR: 1.00e-05
Epoch 267/400: Train Loss: 0.9470 (dEdge: 0.5065, Recon: 0.4406) | Valid Loss: 0.3326 | LR: 1.00e-05
Epoch 268/400: Train Loss: 0.9506 (dEdge: 0.5100, Recon: 0.4406) | Valid Loss: 0.3430 | LR: 1.00e-05
Epoch 269/400: Train Loss: 0.9475 (dEdge: 0.5069, Recon: 0.4406) | Valid Loss: 0.3371 | LR: 1.00e-05
Epoch 270/400: Train Loss: 0.9530 (dEdge: 0.5124, Recon: 0.4406) | Valid Loss: 0.3373 | LR: 1.00e-05
Epoch 271/400: Train Loss: 0.9507 (dEdge: 0.5105, Recon: 0.4403) | Valid Loss: 0.3364 | LR: 1.00e-05
Epoch 272/400: Train Loss: 0.9509 (dEdge: 0.5106, Recon: 0.4403) | Valid Loss: 0.3354 | LR: 1.00e-05
Epoch 273/400: Train Loss: 0.9464 (dEdge: 0.5064, Recon: 0.4401) | Valid Loss: 0.3327 | LR: 1.00e-05
Epoch 274/400: Train Loss: 0.9473 (dEdge: 0.5073, Recon: 0.4400) | Valid Loss: 0.3324 | LR: 1.00e-05
Epoch 275/400: Train Loss: 0.9491 (dEdge: 0.5091, Recon: 0.4400) | Valid Loss: 0.3341 | LR: 1.00e-05
Epoch 276/400: Train Loss: 0.9456 (dEdge: 0.5059, Recon: 0.4397) | Valid Loss: 0.3286 | LR: 1.00e-05
Epoch 277/400: Train Loss: 0.9495 (dEdge: 0.5097, Recon: 0.4397) | Valid Loss: 0.3267 | LR: 1.00e-05
Epoch 278/400: Train Loss: 0.9484 (dEdge: 0.5088, Recon: 0.4396) | Valid Loss: 0.3360 | LR: 1.00e-05
Epoch 279/400: Train Loss: 0.9483 (dEdge: 0.5088, Recon: 0.4395) | Valid Loss: 0.3419 | LR: 1.00e-05
Epoch 280/400: Train Loss: 0.9496 (dEdge: 0.5102, Recon: 0.4394) | Valid Loss: 0.3334 | LR: 1.00e-05
Epoch 281/400: Train Loss: 0.9460 (dEdge: 0.5067, Recon: 0.4393) | Valid Loss: 0.3163 | LR: 1.00e-05
Epoch 282/400: Train Loss: 0.9506 (dEdge: 0.5114, Recon: 0.4391) | Valid Loss: 0.3383 | LR: 1.00e-05
Epoch 283/400: Train Loss: 0.9509 (dEdge: 0.5119, Recon: 0.4390) | Valid Loss: 0.3323 | LR: 1.00e-05
Epoch 284/400: Train Loss: 0.9494 (dEdge: 0.5104, Recon: 0.4389) | Valid Loss: 0.3394 | LR: 1.00e-05
Epoch 285/400: Train Loss: 0.9462 (dEdge: 0.5073, Recon: 0.4389) | Valid Loss: 0.3381 | LR: 1.00e-05
Epoch 286/400: Train Loss: 0.9502 (dEdge: 0.5116, Recon: 0.4386) | Valid Loss: 0.3215 | LR: 1.00e-05
Epoch 287/400: Train Loss: 0.9449 (dEdge: 0.5063, Recon: 0.4386) | Valid Loss: 0.3376 | LR: 1.00e-05
Epoch 288/400: Train Loss: 0.9487 (dEdge: 0.5103, Recon: 0.4384) | Valid Loss: 0.3377 | LR: 1.00e-05
Epoch 289/400: Train Loss: 0.9482 (dEdge: 0.5098, Recon: 0.4385) | Valid Loss: 0.3295 | LR: 1.00e-05
Epoch 290/400: Train Loss: 0.9492 (dEdge: 0.5105, Recon: 0.4387) | Valid Loss: 0.3344 | LR: 1.00e-05
Epoch 291/400: Train Loss: 0.9480 (dEdge: 0.5098, Recon: 0.4382) | Valid Loss: 0.3314 | LR: 1.00e-05
Epoch 292/400: Train Loss: 0.9462 (dEdge: 0.5082, Recon: 0.4380) | Valid Loss: 0.3326 | LR: 1.00e-05
Epoch 293/400: Train Loss: 0.9490 (dEdge: 0.5110, Recon: 0.4380) | Valid Loss: 0.3298 | LR: 1.00e-05
Epoch 294/400: Train Loss: 0.9491 (dEdge: 0.5111, Recon: 0.4381) | Valid Loss: 0.3238 | LR: 1.00e-05
Epoch 295/400: Train Loss: 0.9452 (dEdge: 0.5074, Recon: 0.4379) | Valid Loss: 0.3308 | LR: 1.00e-05
Epoch 296/400: Train Loss: 0.9482 (dEdge: 0.5105, Recon: 0.4377) | Valid Loss: 0.3325 | LR: 1.00e-05
Epoch 297/400: Train Loss: 0.9502 (dEdge: 0.5126, Recon: 0.4376) | Valid Loss: 0.3424 | LR: 1.00e-05
Epoch 298/400: Train Loss: 0.9423 (dEdge: 0.5048, Recon: 0.4376) | Valid Loss: 0.3452 | LR: 1.00e-05
Epoch 299/400: Train Loss: 0.9457 (dEdge: 0.5083, Recon: 0.4374) | Valid Loss: 0.3396 | LR: 1.00e-05
Epoch 300/400: Train Loss: 0.9536 (dEdge: 0.5164, Recon: 0.4372) | Valid Loss: 0.3454 | LR: 1.00e-05
Epoch 301/400: Train Loss: 0.9442 (dEdge: 0.5070, Recon: 0.4372) | Valid Loss: 0.3317 | LR: 1.00e-05
Epoch 302/400: Train Loss: 0.9485 (dEdge: 0.5111, Recon: 0.4374) | Valid Loss: 0.3363 | LR: 1.00e-05
Epoch 303/400: Train Loss: 0.9430 (dEdge: 0.5060, Recon: 0.4371) | Valid Loss: 0.3379 | LR: 1.00e-05
Epoch 304/400: Train Loss: 0.9451 (dEdge: 0.5081, Recon: 0.4370) | Valid Loss: 0.3350 | LR: 1.00e-05
Epoch 305/400: Train Loss: 0.9475 (dEdge: 0.5108, Recon: 0.4367) | Valid Loss: 0.3381 | LR: 1.00e-05
Epoch 306/400: Train Loss: 0.9425 (dEdge: 0.5060, Recon: 0.4365) | Valid Loss: 0.3303 | LR: 1.00e-05
Epoch 307/400: Train Loss: 0.9443 (dEdge: 0.5078, Recon: 0.4364) | Valid Loss: 0.3249 | LR: 1.00e-05
Epoch 308/400: Train Loss: 0.9435 (dEdge: 0.5071, Recon: 0.4364) | Valid Loss: 0.3175 | LR: 1.00e-05
Epoch 309/400: Train Loss: 0.9440 (dEdge: 0.5077, Recon: 0.4364) | Valid Loss: 0.3407 | LR: 1.00e-05
Epoch 310/400: Train Loss: 0.9455 (dEdge: 0.5093, Recon: 0.4362) | Valid Loss: 0.3290 | LR: 1.00e-05
Epoch 311/400: Train Loss: 0.9447 (dEdge: 0.5085, Recon: 0.4362) | Valid Loss: 0.3346 | LR: 1.00e-05
Epoch 312/400: Train Loss: 0.9465 (dEdge: 0.5104, Recon: 0.4360) | Valid Loss: 0.3279 | LR: 1.00e-05
Epoch 313/400: Train Loss: 0.9436 (dEdge: 0.5077, Recon: 0.4359) | Valid Loss: 0.3338 | LR: 1.00e-05
Epoch 314/400: Train Loss: 0.9445 (dEdge: 0.5085, Recon: 0.4360) | Valid Loss: 0.3384 | LR: 1.00e-05
Epoch 315/400: Train Loss: 0.9467 (dEdge: 0.5109, Recon: 0.4358) | Valid Loss: 0.3353 | LR: 1.00e-05
Epoch 316/400: Train Loss: 0.9475 (dEdge: 0.5118, Recon: 0.4357) | Valid Loss: 0.3268 | LR: 1.00e-05
Epoch 317/400: Train Loss: 0.9427 (dEdge: 0.5070, Recon: 0.4357) | Valid Loss: 0.3251 | LR: 1.00e-05
Epoch 318/400: Train Loss: 0.9463 (dEdge: 0.5110, Recon: 0.4353) | Valid Loss: 0.3289 | LR: 1.00e-05
Epoch 319/400: Train Loss: 0.9391 (dEdge: 0.5038, Recon: 0.4353) | Valid Loss: 0.3432 | LR: 1.00e-05
Epoch 320/400: Train Loss: 0.9425 (dEdge: 0.5075, Recon: 0.4350) | Valid Loss: 0.3338 | LR: 1.00e-05
Epoch 321/400: Train Loss: 0.9438 (dEdge: 0.5087, Recon: 0.4351) | Valid Loss: 0.3383 | LR: 1.00e-05
Epoch 322/400: Train Loss: 0.9475 (dEdge: 0.5126, Recon: 0.4349) | Valid Loss: 0.3277 | LR: 1.00e-05
Epoch 323/400: Train Loss: 0.9411 (dEdge: 0.5063, Recon: 0.4348) | Valid Loss: 0.3277 | LR: 1.00e-05
Epoch 324/400: Train Loss: 0.9423 (dEdge: 0.5074, Recon: 0.4349) | Valid Loss: 0.3314 | LR: 1.00e-05
Epoch 325/400: Train Loss: 0.9413 (dEdge: 0.5067, Recon: 0.4346) | Valid Loss: 0.3446 | LR: 1.00e-05
Epoch 326/400: Train Loss: 0.9478 (dEdge: 0.5134, Recon: 0.4344) | Valid Loss: 0.3192 | LR: 1.00e-05
Epoch 327/400: Train Loss: 0.9457 (dEdge: 0.5114, Recon: 0.4343) | Valid Loss: 0.3304 | LR: 1.00e-05
Epoch 328/400: Train Loss: 0.9426 (dEdge: 0.5083, Recon: 0.4343) | Valid Loss: 0.3175 | LR: 1.00e-05
Epoch 329/400: Train Loss: 0.9427 (dEdge: 0.5085, Recon: 0.4342) | Valid Loss: 0.3318 | LR: 1.00e-05
Epoch 330/400: Train Loss: 0.9414 (dEdge: 0.5073, Recon: 0.4341) | Valid Loss: 0.3351 | LR: 1.00e-05
Epoch 331/400: Train Loss: 0.9457 (dEdge: 0.5116, Recon: 0.4341) | Valid Loss: 0.3310 | LR: 1.00e-05
Epoch 332/400: Train Loss: 0.9409 (dEdge: 0.5069, Recon: 0.4340) | Valid Loss: 0.3386 | LR: 1.00e-05
Epoch 333/400: Train Loss: 0.9408 (dEdge: 0.5071, Recon: 0.4337) | Valid Loss: 0.3281 | LR: 1.00e-05
Epoch 334/400: Train Loss: 0.9450 (dEdge: 0.5113, Recon: 0.4337) | Valid Loss: 0.3376 | LR: 1.00e-05
Epoch 335/400: Train Loss: 0.9457 (dEdge: 0.5120, Recon: 0.4337) | Valid Loss: 0.3263 | LR: 1.00e-05
Epoch 336/400: Train Loss: 0.9419 (dEdge: 0.5085, Recon: 0.4334) | Valid Loss: 0.3254 | LR: 1.00e-05
Epoch 337/400: Train Loss: 0.9433 (dEdge: 0.5096, Recon: 0.4337) | Valid Loss: 0.3273 | LR: 1.00e-05
Epoch 338/400: Train Loss: 0.9425 (dEdge: 0.5092, Recon: 0.4333) | Valid Loss: 0.3425 | LR: 1.00e-05
Epoch 339/400: Train Loss: 0.9422 (dEdge: 0.5089, Recon: 0.4334) | Valid Loss: 0.3395 | LR: 1.00e-05
Epoch 340/400: Train Loss: 0.9422 (dEdge: 0.5092, Recon: 0.4330) | Valid Loss: 0.3263 | LR: 1.00e-05
Epoch 341/400: Train Loss: 0.9420 (dEdge: 0.5088, Recon: 0.4332) | Valid Loss: 0.3246 | LR: 1.00e-05
Epoch 342/400: Train Loss: 0.9399 (dEdge: 0.5071, Recon: 0.4329) | Valid Loss: 0.3384 | LR: 1.00e-05
Epoch 343/400: Train Loss: 0.9427 (dEdge: 0.5100, Recon: 0.4327) | Valid Loss: 0.3361 | LR: 1.00e-05
Epoch 344/400: Train Loss: 0.9432 (dEdge: 0.5108, Recon: 0.4324) | Valid Loss: 0.3107 | LR: 1.00e-05
Epoch 345/400: Train Loss: 0.9437 (dEdge: 0.5111, Recon: 0.4327) | Valid Loss: 0.3331 | LR: 1.00e-05
Epoch 346/400: Train Loss: 0.9397 (dEdge: 0.5075, Recon: 0.4323) | Valid Loss: 0.3276 | LR: 1.00e-05
Epoch 347/400: Train Loss: 0.9418 (dEdge: 0.5094, Recon: 0.4323) | Valid Loss: 0.3412 | LR: 1.00e-05
Epoch 348/400: Train Loss: 0.9373 (dEdge: 0.5049, Recon: 0.4324) | Valid Loss: 0.3245 | LR: 1.00e-05
Epoch 349/400: Train Loss: 0.9375 (dEdge: 0.5053, Recon: 0.4321) | Valid Loss: 0.3297 | LR: 1.00e-05
Epoch 350/400: Train Loss: 0.9401 (dEdge: 0.5081, Recon: 0.4320) | Valid Loss: 0.3345 | LR: 1.00e-05
Epoch 351/400: Train Loss: 0.9447 (dEdge: 0.5126, Recon: 0.4321) | Valid Loss: 0.3437 | LR: 1.00e-05
Epoch 352/400: Train Loss: 0.9417 (dEdge: 0.5100, Recon: 0.4317) | Valid Loss: 0.3378 | LR: 1.00e-05
Epoch 353/400: Train Loss: 0.9391 (dEdge: 0.5073, Recon: 0.4318) | Valid Loss: 0.3418 | LR: 1.00e-05
Epoch 354/400: Train Loss: 0.9413 (dEdge: 0.5097, Recon: 0.4316) | Valid Loss: 0.3433 | LR: 1.00e-05
Epoch 355/400: Train Loss: 0.9376 (dEdge: 0.5061, Recon: 0.4315) | Valid Loss: 0.3325 | LR: 1.00e-05
Epoch 356/400: Train Loss: 0.9360 (dEdge: 0.5048, Recon: 0.4312) | Valid Loss: 0.3259 | LR: 1.00e-05
Epoch 357/400: Train Loss: 0.9406 (dEdge: 0.5094, Recon: 0.4312) | Valid Loss: 0.3241 | LR: 1.00e-05
Epoch 358/400: Train Loss: 0.9373 (dEdge: 0.5061, Recon: 0.4312) | Valid Loss: 0.3311 | LR: 1.00e-05
Epoch 359/400: Train Loss: 0.9429 (dEdge: 0.5118, Recon: 0.4311) | Valid Loss: 0.3239 | LR: 1.00e-05
Epoch 360/400: Train Loss: 0.9402 (dEdge: 0.5091, Recon: 0.4310) | Valid Loss: 0.3393 | LR: 1.00e-05
Epoch 361/400: Train Loss: 0.9449 (dEdge: 0.5141, Recon: 0.4308) | Valid Loss: 0.3320 | LR: 1.00e-05
Epoch 362/400: Train Loss: 0.9434 (dEdge: 0.5125, Recon: 0.4309) | Valid Loss: 0.3386 | LR: 1.00e-05
Epoch 363/400: Train Loss: 0.9364 (dEdge: 0.5059, Recon: 0.4305) | Valid Loss: 0.3428 | LR: 1.00e-05
Epoch 364/400: Train Loss: 0.9406 (dEdge: 0.5100, Recon: 0.4306) | Valid Loss: 0.3367 | LR: 1.00e-05
Epoch 365/400: Train Loss: 0.9382 (dEdge: 0.5078, Recon: 0.4304) | Valid Loss: 0.3305 | LR: 1.00e-05
Epoch 366/400: Train Loss: 0.9378 (dEdge: 0.5075, Recon: 0.4303) | Valid Loss: 0.3358 | LR: 1.00e-05
Epoch 367/400: Train Loss: 0.9356 (dEdge: 0.5056, Recon: 0.4301) | Valid Loss: 0.3389 | LR: 1.00e-05
Epoch 368/400: Train Loss: 0.9416 (dEdge: 0.5113, Recon: 0.4303) | Valid Loss: 0.3490 | LR: 1.00e-05
Epoch 369/400: Train Loss: 0.9402 (dEdge: 0.5101, Recon: 0.4301) | Valid Loss: 0.3338 | LR: 1.00e-05
Epoch 370/400: Train Loss: 0.9363 (dEdge: 0.5063, Recon: 0.4300) | Valid Loss: 0.3400 | LR: 1.00e-05
Epoch 371/400: Train Loss: 0.9396 (dEdge: 0.5098, Recon: 0.4298) | Valid Loss: 0.3358 | LR: 1.00e-05
Epoch 372/400: Train Loss: 0.9394 (dEdge: 0.5098, Recon: 0.4296) | Valid Loss: 0.3303 | LR: 1.00e-05
Epoch 373/400: Train Loss: 0.9349 (dEdge: 0.5054, Recon: 0.4295) | Valid Loss: 0.3171 | LR: 1.00e-05
Epoch 374/400: Train Loss: 0.9354 (dEdge: 0.5060, Recon: 0.4294) | Valid Loss: 0.3285 | LR: 1.00e-05
Epoch 375/400: Train Loss: 0.9381 (dEdge: 0.5086, Recon: 0.4295) | Valid Loss: 0.3388 | LR: 1.00e-05
Epoch 376/400: Train Loss: 0.9374 (dEdge: 0.5082, Recon: 0.4292) | Valid Loss: 0.3334 | LR: 1.00e-05
Epoch 377/400: Train Loss: 0.9389 (dEdge: 0.5098, Recon: 0.4291) | Valid Loss: 0.3409 | LR: 1.00e-05
Epoch 378/400: Train Loss: 0.9403 (dEdge: 0.5113, Recon: 0.4290) | Valid Loss: 0.3314 | LR: 1.00e-05
Epoch 379/400: Train Loss: 0.9366 (dEdge: 0.5078, Recon: 0.4287) | Valid Loss: 0.3323 | LR: 1.00e-05
Epoch 380/400: Train Loss: 0.9355 (dEdge: 0.5067, Recon: 0.4287) | Valid Loss: 0.3414 | LR: 1.00e-05
Epoch 381/400: Train Loss: 0.9375 (dEdge: 0.5088, Recon: 0.4287) | Valid Loss: 0.3224 | LR: 1.00e-05
Epoch 382/400: Train Loss: 0.9350 (dEdge: 0.5063, Recon: 0.4287) | Valid Loss: 0.3413 | LR: 1.00e-05
Epoch 383/400: Train Loss: 0.9370 (dEdge: 0.5083, Recon: 0.4287) | Valid Loss: 0.3365 | LR: 1.00e-05
Epoch 384/400: Train Loss: 0.9392 (dEdge: 0.5107, Recon: 0.4285) | Valid Loss: 0.3394 | LR: 1.00e-05
Epoch 385/400: Train Loss: 0.9370 (dEdge: 0.5088, Recon: 0.4282) | Valid Loss: 0.3313 | LR: 1.00e-05
Epoch 386/400: Train Loss: 0.9424 (dEdge: 0.5141, Recon: 0.4283) | Valid Loss: 0.3227 | LR: 1.00e-05
Epoch 387/400: Train Loss: 0.9385 (dEdge: 0.5104, Recon: 0.4281) | Valid Loss: 0.3398 | LR: 1.00e-05
Epoch 388/400: Train Loss: 0.9347 (dEdge: 0.5069, Recon: 0.4279) | Valid Loss: 0.3258 | LR: 1.00e-05
Epoch 389/400: Train Loss: 0.9361 (dEdge: 0.5081, Recon: 0.4280) | Valid Loss: 0.3274 | LR: 1.00e-05
Epoch 390/400: Train Loss: 0.9360 (dEdge: 0.5080, Recon: 0.4279) | Valid Loss: 0.3329 | LR: 1.00e-05
Epoch 391/400: Train Loss: 0.9366 (dEdge: 0.5088, Recon: 0.4278) | Valid Loss: 0.3341 | LR: 1.00e-05
Epoch 392/400: Train Loss: 0.9348 (dEdge: 0.5071, Recon: 0.4277) | Valid Loss: 0.3358 | LR: 1.00e-05
Epoch 393/400: Train Loss: 0.9340 (dEdge: 0.5064, Recon: 0.4275) | Valid Loss: 0.3424 | LR: 1.00e-05
Epoch 394/400: Train Loss: 0.9337 (dEdge: 0.5064, Recon: 0.4273) | Valid Loss: 0.3341 | LR: 1.00e-05
Epoch 395/400: Train Loss: 0.9374 (dEdge: 0.5100, Recon: 0.4273) | Valid Loss: 0.3366 | LR: 1.00e-05
Epoch 396/400: Train Loss: 0.9366 (dEdge: 0.5095, Recon: 0.4271) | Valid Loss: 0.3303 | LR: 1.00e-05
Epoch 397/400: Train Loss: 0.9367 (dEdge: 0.5095, Recon: 0.4272) | Valid Loss: 0.3280 | LR: 1.00e-05
Epoch 398/400: Train Loss: 0.9361 (dEdge: 0.5091, Recon: 0.4269) | Valid Loss: 0.3320 | LR: 1.00e-05
Epoch 399/400: Train Loss: 0.9375 (dEdge: 0.5107, Recon: 0.4268) | Valid Loss: 0.3349 | LR: 1.00e-05
Epoch 400/400: Train Loss: 0.9364 (dEdge: 0.5097, Recon: 0.4268) | Valid Loss: 0.3437 | LR: 1.00e-05

============================================================
Training completed!
Best model from epoch 72/400
Best validation loss: 0.3075
Model saved to: /dfs9/tw/yuanmis1/mrsec/ML-MD-Peptide/DL_for_Peptide/ML_dEdge_gen/v1+2/models/ConditionalGenerator_v1v2_lr_0.0005_bs_512.pt
Training metrics saved to: /dfs9/tw/yuanmis1/mrsec/ML-MD-Peptide/DL_for_Peptide/ML_dEdge_gen/v1+2/data/training_metrics_lr0.0005_bs512_ep400_1.csv
============================================================
Training completed with parameters:
Model: ConditionalGenerator
Architecture: d_model=512, d_ff=2048, n_layers=6, n_heads=8
Training: epochs=400, batch_size=512, lr=0.0005
Data: Combined iteration1 (v1) and iteration2 (v2)
