Loading stratified splits (ensures (dEdge, length) combinations are held out)...
Stratified training set size: 21352
Stratified validation set size: 1858
Stratified test set size: 2410
Note: Validation/test sets contain (dEdge, length) combinations not seen in training
Loaded ML_dEdge critic model from /dfs9/tw/yuanmis1/mrsec/ML-MD-Peptide/DL_for_Peptide/ML_dEdge/models/iteration2/Transformer_curriculum_lr_0.2_bs_1024.pt
Critic model frozen (no gradients)
Adversarial training enabled with lambda=1.0
Training on cuda
Total parameters: 25,451,541
Training samples: 21352
Validation samples: 1858
Adversarial training: ENABLED (lambda=1.0, freq=1)
Training metrics will be saved to: /dfs9/tw/yuanmis1/mrsec/ML-MD-Peptide/DL_for_Peptide/ML_dEdge_gen/v1+2/data/training_metrics_lr0.0005_bs512_lam1.0_ep400_1.csv
Epoch 1: New best model saved! (Valid Loss: 0.5400 = Gen: 3.4270 + λ*Adv: 0.5400)
Epoch 1/400: Total Loss: 1.0531 | Generator Loss: 3.3788 | Adversarial Loss: 1.0531 | Valid Loss: 0.5400 (Gen: 3.4270, Adv: 0.5400) | Perplexity: 29.34 (train) / 30.78 (val) | Token Acc: 1.38% (train) / 0.81% (val) | LR: 5.00e-04
Epoch 2: New best model saved! (Valid Loss: 0.4999 = Gen: 3.4270 + λ*Adv: 0.4999)
Epoch 2/400: Total Loss: 1.0431 | Generator Loss: 3.3799 | Adversarial Loss: 1.0431 | Valid Loss: 0.4999 (Gen: 3.4270, Adv: 0.4999) | Perplexity: 29.37 (train) / 30.78 (val) | Token Acc: 1.46% (train) / 0.81% (val) | LR: 5.00e-04
Epoch 3/400: Total Loss: 1.0589 | Generator Loss: 3.3797 | Adversarial Loss: 1.0589 | Valid Loss: 0.5548 (Gen: 3.4270, Adv: 0.5548) | Perplexity: 29.36 (train) / 30.78 (val) | Token Acc: 1.51% (train) / 0.81% (val) | LR: 5.00e-04
Epoch 4/400: Total Loss: 1.0589 | Generator Loss: 3.3790 | Adversarial Loss: 1.0589 | Valid Loss: 0.5394 (Gen: 3.4270, Adv: 0.5394) | Perplexity: 29.34 (train) / 30.78 (val) | Token Acc: 1.54% (train) / 0.81% (val) | LR: 5.00e-04
Epoch 5/400: Total Loss: 1.0549 | Generator Loss: 3.3794 | Adversarial Loss: 1.0549 | Valid Loss: 0.5428 (Gen: 3.4270, Adv: 0.5428) | Perplexity: 29.35 (train) / 30.78 (val) | Token Acc: 1.53% (train) / 0.81% (val) | LR: 5.00e-04
Epoch 00006: reducing learning rate of group 0 to 2.5000e-04.
Epoch 6/400: Total Loss: 1.0599 | Generator Loss: 3.3786 | Adversarial Loss: 1.0599 | Valid Loss: 0.5363 (Gen: 3.4270, Adv: 0.5363) | Perplexity: 29.33 (train) / 30.78 (val) | Token Acc: 1.47% (train) / 0.81% (val) | LR: 2.50e-04
Epoch 7/400: Total Loss: 1.0659 | Generator Loss: 3.3793 | Adversarial Loss: 1.0659 | Valid Loss: 0.5574 (Gen: 3.4270, Adv: 0.5574) | Perplexity: 29.35 (train) / 30.78 (val) | Token Acc: 1.45% (train) / 0.81% (val) | LR: 2.50e-04
Epoch 8/400: Total Loss: 1.0558 | Generator Loss: 3.3784 | Adversarial Loss: 1.0558 | Valid Loss: 0.5394 (Gen: 3.4270, Adv: 0.5394) | Perplexity: 29.32 (train) / 30.78 (val) | Token Acc: 1.53% (train) / 0.81% (val) | LR: 2.50e-04
Epoch 9/400: Total Loss: 1.0588 | Generator Loss: 3.3795 | Adversarial Loss: 1.0588 | Valid Loss: 0.5216 (Gen: 3.4270, Adv: 0.5216) | Perplexity: 29.36 (train) / 30.78 (val) | Token Acc: 1.42% (train) / 0.81% (val) | LR: 2.50e-04
Epoch 00010: reducing learning rate of group 0 to 1.2500e-04.
Epoch 10/400: Total Loss: 1.0684 | Generator Loss: 3.3785 | Adversarial Loss: 1.0684 | Valid Loss: 0.5216 (Gen: 3.4270, Adv: 0.5216) | Perplexity: 29.33 (train) / 30.78 (val) | Token Acc: 1.40% (train) / 0.81% (val) | LR: 1.25e-04
Epoch 11/400: Total Loss: 1.0593 | Generator Loss: 3.3790 | Adversarial Loss: 1.0593 | Valid Loss: 0.5707 (Gen: 3.4270, Adv: 0.5707) | Perplexity: 29.34 (train) / 30.78 (val) | Token Acc: 1.42% (train) / 0.81% (val) | LR: 1.25e-04
Epoch 12/400: Total Loss: 1.0653 | Generator Loss: 3.3780 | Adversarial Loss: 1.0653 | Valid Loss: 0.5372 (Gen: 3.4270, Adv: 0.5372) | Perplexity: 29.31 (train) / 30.78 (val) | Token Acc: 1.41% (train) / 0.81% (val) | LR: 1.25e-04
Epoch 13/400: Total Loss: 1.0764 | Generator Loss: 3.3792 | Adversarial Loss: 1.0764 | Valid Loss: 0.5228 (Gen: 3.4270, Adv: 0.5228) | Perplexity: 29.35 (train) / 30.78 (val) | Token Acc: 1.46% (train) / 0.81% (val) | LR: 1.25e-04
Epoch 00014: reducing learning rate of group 0 to 6.2500e-05.
Epoch 14/400: Total Loss: 1.0650 | Generator Loss: 3.3788 | Adversarial Loss: 1.0650 | Valid Loss: 0.5376 (Gen: 3.4270, Adv: 0.5376) | Perplexity: 29.34 (train) / 30.78 (val) | Token Acc: 1.45% (train) / 0.81% (val) | LR: 6.25e-05
Epoch 15/400: Total Loss: 1.0741 | Generator Loss: 3.3786 | Adversarial Loss: 1.0741 | Valid Loss: 0.5326 (Gen: 3.4270, Adv: 0.5326) | Perplexity: 29.33 (train) / 30.78 (val) | Token Acc: 1.46% (train) / 0.81% (val) | LR: 6.25e-05
Epoch 16/400: Total Loss: 1.0586 | Generator Loss: 3.3792 | Adversarial Loss: 1.0586 | Valid Loss: 0.5553 (Gen: 3.4270, Adv: 0.5553) | Perplexity: 29.35 (train) / 30.78 (val) | Token Acc: 1.41% (train) / 0.81% (val) | LR: 6.25e-05
Epoch 17/400: Total Loss: 1.0501 | Generator Loss: 3.3794 | Adversarial Loss: 1.0501 | Valid Loss: 0.5499 (Gen: 3.4270, Adv: 0.5499) | Perplexity: 29.35 (train) / 30.78 (val) | Token Acc: 1.48% (train) / 0.81% (val) | LR: 6.25e-05
Epoch 00018: reducing learning rate of group 0 to 3.1250e-05.
Epoch 18/400: Total Loss: 1.0547 | Generator Loss: 3.3787 | Adversarial Loss: 1.0547 | Valid Loss: 0.5442 (Gen: 3.4270, Adv: 0.5442) | Perplexity: 29.33 (train) / 30.78 (val) | Token Acc: 1.34% (train) / 0.81% (val) | LR: 3.13e-05
Epoch 19/400: Total Loss: 1.0666 | Generator Loss: 3.3787 | Adversarial Loss: 1.0666 | Valid Loss: 0.5698 (Gen: 3.4270, Adv: 0.5698) | Perplexity: 29.33 (train) / 30.78 (val) | Token Acc: 1.50% (train) / 0.81% (val) | LR: 3.13e-05
Epoch 20/400: Total Loss: 1.0805 | Generator Loss: 3.3786 | Adversarial Loss: 1.0805 | Valid Loss: 0.5570 (Gen: 3.4270, Adv: 0.5570) | Perplexity: 29.33 (train) / 30.78 (val) | Token Acc: 1.46% (train) / 0.81% (val) | LR: 3.13e-05
Epoch 21/400: Total Loss: 1.0693 | Generator Loss: 3.3794 | Adversarial Loss: 1.0693 | Valid Loss: 0.5412 (Gen: 3.4270, Adv: 0.5412) | Perplexity: 29.35 (train) / 30.78 (val) | Token Acc: 1.45% (train) / 0.81% (val) | LR: 3.13e-05
Epoch 00022: reducing learning rate of group 0 to 1.5625e-05.
Epoch 22/400: Total Loss: 1.0576 | Generator Loss: 3.3791 | Adversarial Loss: 1.0576 | Valid Loss: 0.5580 (Gen: 3.4270, Adv: 0.5580) | Perplexity: 29.34 (train) / 30.78 (val) | Token Acc: 1.50% (train) / 0.81% (val) | LR: 1.56e-05
Epoch 23/400: Total Loss: 1.0832 | Generator Loss: 3.3779 | Adversarial Loss: 1.0832 | Valid Loss: 0.5330 (Gen: 3.4270, Adv: 0.5330) | Perplexity: 29.31 (train) / 30.78 (val) | Token Acc: 1.46% (train) / 0.81% (val) | LR: 1.56e-05
Epoch 24/400: Total Loss: 1.0398 | Generator Loss: 3.3791 | Adversarial Loss: 1.0398 | Valid Loss: 0.5289 (Gen: 3.4270, Adv: 0.5289) | Perplexity: 29.34 (train) / 30.78 (val) | Token Acc: 1.44% (train) / 0.81% (val) | LR: 1.56e-05
Epoch 25/400: Total Loss: 1.0609 | Generator Loss: 3.3781 | Adversarial Loss: 1.0609 | Valid Loss: 0.5253 (Gen: 3.4270, Adv: 0.5253) | Perplexity: 29.31 (train) / 30.78 (val) | Token Acc: 1.43% (train) / 0.81% (val) | LR: 1.56e-05
Epoch 00026: reducing learning rate of group 0 to 7.8125e-06.
Epoch 26/400: Total Loss: 1.0641 | Generator Loss: 3.3789 | Adversarial Loss: 1.0641 | Valid Loss: 0.5334 (Gen: 3.4270, Adv: 0.5334) | Perplexity: 29.34 (train) / 30.78 (val) | Token Acc: 1.43% (train) / 0.81% (val) | LR: 7.81e-06
Epoch 27/400: Total Loss: 1.0549 | Generator Loss: 3.3796 | Adversarial Loss: 1.0549 | Valid Loss: 0.5560 (Gen: 3.4270, Adv: 0.5560) | Perplexity: 29.36 (train) / 30.78 (val) | Token Acc: 1.47% (train) / 0.81% (val) | LR: 7.81e-06
Epoch 28/400: Total Loss: 1.0663 | Generator Loss: 3.3785 | Adversarial Loss: 1.0663 | Valid Loss: 0.5193 (Gen: 3.4270, Adv: 0.5193) | Perplexity: 29.33 (train) / 30.78 (val) | Token Acc: 1.42% (train) / 0.81% (val) | LR: 7.81e-06
Epoch 29: New best model saved! (Valid Loss: 0.4921 = Gen: 3.4270 + λ*Adv: 0.4921)
Epoch 29/400: Total Loss: 1.0569 | Generator Loss: 3.3786 | Adversarial Loss: 1.0569 | Valid Loss: 0.4921 (Gen: 3.4270, Adv: 0.4921) | Perplexity: 29.33 (train) / 30.78 (val) | Token Acc: 1.48% (train) / 0.81% (val) | LR: 7.81e-06
Epoch 30/400: Total Loss: 1.0822 | Generator Loss: 3.3783 | Adversarial Loss: 1.0822 | Valid Loss: 0.5322 (Gen: 3.4270, Adv: 0.5322) | Perplexity: 29.32 (train) / 30.78 (val) | Token Acc: 1.46% (train) / 0.81% (val) | LR: 7.81e-06
Epoch 31/400: Total Loss: 1.0647 | Generator Loss: 3.3791 | Adversarial Loss: 1.0647 | Valid Loss: 0.5288 (Gen: 3.4270, Adv: 0.5288) | Perplexity: 29.34 (train) / 30.78 (val) | Token Acc: 1.46% (train) / 0.81% (val) | LR: 7.81e-06
Epoch 32/400: Total Loss: 1.0724 | Generator Loss: 3.3793 | Adversarial Loss: 1.0724 | Valid Loss: 0.5376 (Gen: 3.4270, Adv: 0.5376) | Perplexity: 29.35 (train) / 30.78 (val) | Token Acc: 1.35% (train) / 0.81% (val) | LR: 7.81e-06
Epoch 00033: reducing learning rate of group 0 to 3.9063e-06.
Epoch 33/400: Total Loss: 1.0610 | Generator Loss: 3.3791 | Adversarial Loss: 1.0610 | Valid Loss: 0.5481 (Gen: 3.4270, Adv: 0.5481) | Perplexity: 29.34 (train) / 30.78 (val) | Token Acc: 1.41% (train) / 0.81% (val) | LR: 3.91e-06
Epoch 34/400: Total Loss: 1.0709 | Generator Loss: 3.3791 | Adversarial Loss: 1.0709 | Valid Loss: 0.5323 (Gen: 3.4270, Adv: 0.5323) | Perplexity: 29.35 (train) / 30.78 (val) | Token Acc: 1.35% (train) / 0.81% (val) | LR: 3.91e-06
Epoch 35/400: Total Loss: 1.0502 | Generator Loss: 3.3791 | Adversarial Loss: 1.0502 | Valid Loss: 0.5433 (Gen: 3.4270, Adv: 0.5433) | Perplexity: 29.34 (train) / 30.78 (val) | Token Acc: 1.37% (train) / 0.81% (val) | LR: 3.91e-06
Epoch 36/400: Total Loss: 1.0553 | Generator Loss: 3.3801 | Adversarial Loss: 1.0553 | Valid Loss: 0.5555 (Gen: 3.4270, Adv: 0.5555) | Perplexity: 29.37 (train) / 30.78 (val) | Token Acc: 1.45% (train) / 0.81% (val) | LR: 3.91e-06
Epoch 00037: reducing learning rate of group 0 to 1.9531e-06.
Epoch 37/400: Total Loss: 1.0771 | Generator Loss: 3.3791 | Adversarial Loss: 1.0771 | Valid Loss: 0.5288 (Gen: 3.4270, Adv: 0.5288) | Perplexity: 29.34 (train) / 30.78 (val) | Token Acc: 1.53% (train) / 0.81% (val) | LR: 1.95e-06
Epoch 38/400: Total Loss: 1.0581 | Generator Loss: 3.3790 | Adversarial Loss: 1.0581 | Valid Loss: 0.5310 (Gen: 3.4270, Adv: 0.5310) | Perplexity: 29.34 (train) / 30.78 (val) | Token Acc: 1.44% (train) / 0.81% (val) | LR: 1.95e-06
Epoch 39/400: Total Loss: 1.0391 | Generator Loss: 3.3795 | Adversarial Loss: 1.0391 | Valid Loss: 0.5834 (Gen: 3.4270, Adv: 0.5834) | Perplexity: 29.36 (train) / 30.78 (val) | Token Acc: 1.38% (train) / 0.81% (val) | LR: 1.95e-06
Epoch 40/400: Total Loss: 1.0460 | Generator Loss: 3.3801 | Adversarial Loss: 1.0460 | Valid Loss: 0.5657 (Gen: 3.4270, Adv: 0.5657) | Perplexity: 29.37 (train) / 30.78 (val) | Token Acc: 1.48% (train) / 0.81% (val) | LR: 1.95e-06
Epoch 00041: reducing learning rate of group 0 to 1.0000e-06.
Epoch 41/400: Total Loss: 1.0566 | Generator Loss: 3.3781 | Adversarial Loss: 1.0566 | Valid Loss: 0.5763 (Gen: 3.4270, Adv: 0.5763) | Perplexity: 29.31 (train) / 30.78 (val) | Token Acc: 1.47% (train) / 0.81% (val) | LR: 1.00e-06
Epoch 42/400: Total Loss: 1.0577 | Generator Loss: 3.3795 | Adversarial Loss: 1.0577 | Valid Loss: 0.5336 (Gen: 3.4270, Adv: 0.5336) | Perplexity: 29.36 (train) / 30.78 (val) | Token Acc: 1.43% (train) / 0.81% (val) | LR: 1.00e-06
Epoch 43/400: Total Loss: 1.0366 | Generator Loss: 3.3792 | Adversarial Loss: 1.0366 | Valid Loss: 0.5387 (Gen: 3.4270, Adv: 0.5387) | Perplexity: 29.35 (train) / 30.78 (val) | Token Acc: 1.56% (train) / 0.81% (val) | LR: 1.00e-06
Epoch 44/400: Total Loss: 1.0560 | Generator Loss: 3.3797 | Adversarial Loss: 1.0560 | Valid Loss: 0.5191 (Gen: 3.4270, Adv: 0.5191) | Perplexity: 29.36 (train) / 30.78 (val) | Token Acc: 1.43% (train) / 0.81% (val) | LR: 1.00e-06
Epoch 45/400: Total Loss: 1.0718 | Generator Loss: 3.3794 | Adversarial Loss: 1.0718 | Valid Loss: 0.5517 (Gen: 3.4270, Adv: 0.5517) | Perplexity: 29.35 (train) / 30.78 (val) | Token Acc: 1.46% (train) / 0.81% (val) | LR: 1.00e-06
Epoch 46/400: Total Loss: 1.0495 | Generator Loss: 3.3784 | Adversarial Loss: 1.0495 | Valid Loss: 0.5380 (Gen: 3.4270, Adv: 0.5380) | Perplexity: 29.32 (train) / 30.78 (val) | Token Acc: 1.45% (train) / 0.81% (val) | LR: 1.00e-06
Epoch 47/400: Total Loss: 1.0722 | Generator Loss: 3.3791 | Adversarial Loss: 1.0722 | Valid Loss: 0.5369 (Gen: 3.4270, Adv: 0.5369) | Perplexity: 29.34 (train) / 30.78 (val) | Token Acc: 1.37% (train) / 0.81% (val) | LR: 1.00e-06
Epoch 48/400: Total Loss: 1.0573 | Generator Loss: 3.3798 | Adversarial Loss: 1.0573 | Valid Loss: 0.5484 (Gen: 3.4270, Adv: 0.5484) | Perplexity: 29.36 (train) / 30.78 (val) | Token Acc: 1.47% (train) / 0.81% (val) | LR: 1.00e-06
Epoch 49/400: Total Loss: 1.0642 | Generator Loss: 3.3786 | Adversarial Loss: 1.0642 | Valid Loss: 0.5421 (Gen: 3.4270, Adv: 0.5421) | Perplexity: 29.33 (train) / 30.78 (val) | Token Acc: 1.43% (train) / 0.81% (val) | LR: 1.00e-06
Epoch 50/400: Total Loss: 1.0644 | Generator Loss: 3.3788 | Adversarial Loss: 1.0644 | Valid Loss: 0.5155 (Gen: 3.4270, Adv: 0.5155) | Perplexity: 29.34 (train) / 30.78 (val) | Token Acc: 1.45% (train) / 0.81% (val) | LR: 1.00e-06
Epoch 51/400: Total Loss: 1.0642 | Generator Loss: 3.3789 | Adversarial Loss: 1.0642 | Valid Loss: 0.5373 (Gen: 3.4270, Adv: 0.5373) | Perplexity: 29.34 (train) / 30.78 (val) | Token Acc: 1.51% (train) / 0.81% (val) | LR: 1.00e-06
Epoch 52/400: Total Loss: 1.0583 | Generator Loss: 3.3796 | Adversarial Loss: 1.0583 | Valid Loss: 0.5122 (Gen: 3.4270, Adv: 0.5122) | Perplexity: 29.36 (train) / 30.78 (val) | Token Acc: 1.55% (train) / 0.81% (val) | LR: 1.00e-06
Epoch 53/400: Total Loss: 1.0711 | Generator Loss: 3.3791 | Adversarial Loss: 1.0711 | Valid Loss: 0.5337 (Gen: 3.4270, Adv: 0.5337) | Perplexity: 29.34 (train) / 30.78 (val) | Token Acc: 1.45% (train) / 0.81% (val) | LR: 1.00e-06
Epoch 54/400: Total Loss: 1.0747 | Generator Loss: 3.3783 | Adversarial Loss: 1.0747 | Valid Loss: 0.5289 (Gen: 3.4270, Adv: 0.5289) | Perplexity: 29.32 (train) / 30.78 (val) | Token Acc: 1.46% (train) / 0.81% (val) | LR: 1.00e-06
Epoch 55/400: Total Loss: 1.0755 | Generator Loss: 3.3793 | Adversarial Loss: 1.0755 | Valid Loss: 0.5320 (Gen: 3.4270, Adv: 0.5320) | Perplexity: 29.35 (train) / 30.78 (val) | Token Acc: 1.47% (train) / 0.81% (val) | LR: 1.00e-06
Epoch 56/400: Total Loss: 1.0507 | Generator Loss: 3.3791 | Adversarial Loss: 1.0507 | Valid Loss: 0.5087 (Gen: 3.4270, Adv: 0.5087) | Perplexity: 29.34 (train) / 30.78 (val) | Token Acc: 1.44% (train) / 0.81% (val) | LR: 1.00e-06
Epoch 57/400: Total Loss: 1.0736 | Generator Loss: 3.3794 | Adversarial Loss: 1.0736 | Valid Loss: 0.5331 (Gen: 3.4270, Adv: 0.5331) | Perplexity: 29.35 (train) / 30.78 (val) | Token Acc: 1.31% (train) / 0.81% (val) | LR: 1.00e-06
Epoch 58/400: Total Loss: 1.0526 | Generator Loss: 3.3784 | Adversarial Loss: 1.0526 | Valid Loss: 0.5743 (Gen: 3.4270, Adv: 0.5743) | Perplexity: 29.32 (train) / 30.78 (val) | Token Acc: 1.40% (train) / 0.81% (val) | LR: 1.00e-06
Epoch 59/400: Total Loss: 1.0579 | Generator Loss: 3.3787 | Adversarial Loss: 1.0579 | Valid Loss: 0.5494 (Gen: 3.4270, Adv: 0.5494) | Perplexity: 29.33 (train) / 30.78 (val) | Token Acc: 1.39% (train) / 0.81% (val) | LR: 1.00e-06
Epoch 60/400: Total Loss: 1.0509 | Generator Loss: 3.3791 | Adversarial Loss: 1.0509 | Valid Loss: 0.5312 (Gen: 3.4270, Adv: 0.5312) | Perplexity: 29.34 (train) / 30.78 (val) | Token Acc: 1.49% (train) / 0.81% (val) | LR: 1.00e-06
Epoch 61/400: Total Loss: 1.0634 | Generator Loss: 3.3786 | Adversarial Loss: 1.0634 | Valid Loss: 0.5293 (Gen: 3.4270, Adv: 0.5293) | Perplexity: 29.33 (train) / 30.78 (val) | Token Acc: 1.49% (train) / 0.81% (val) | LR: 1.00e-06
Epoch 62/400: Total Loss: 1.0472 | Generator Loss: 3.3798 | Adversarial Loss: 1.0472 | Valid Loss: 0.5501 (Gen: 3.4270, Adv: 0.5501) | Perplexity: 29.36 (train) / 30.78 (val) | Token Acc: 1.45% (train) / 0.81% (val) | LR: 1.00e-06
Epoch 63/400: Total Loss: 1.0412 | Generator Loss: 3.3792 | Adversarial Loss: 1.0412 | Valid Loss: 0.5464 (Gen: 3.4270, Adv: 0.5464) | Perplexity: 29.35 (train) / 30.78 (val) | Token Acc: 1.43% (train) / 0.81% (val) | LR: 1.00e-06
Epoch 64/400: Total Loss: 1.0720 | Generator Loss: 3.3797 | Adversarial Loss: 1.0720 | Valid Loss: 0.5254 (Gen: 3.4270, Adv: 0.5254) | Perplexity: 29.36 (train) / 30.78 (val) | Token Acc: 1.39% (train) / 0.81% (val) | LR: 1.00e-06
Epoch 65/400: Total Loss: 1.0576 | Generator Loss: 3.3794 | Adversarial Loss: 1.0576 | Valid Loss: 0.5561 (Gen: 3.4270, Adv: 0.5561) | Perplexity: 29.35 (train) / 30.78 (val) | Token Acc: 1.57% (train) / 0.81% (val) | LR: 1.00e-06
Epoch 66/400: Total Loss: 1.0504 | Generator Loss: 3.3795 | Adversarial Loss: 1.0504 | Valid Loss: 0.5681 (Gen: 3.4270, Adv: 0.5681) | Perplexity: 29.36 (train) / 30.78 (val) | Token Acc: 1.46% (train) / 0.81% (val) | LR: 1.00e-06
Epoch 67/400: Total Loss: 1.0564 | Generator Loss: 3.3779 | Adversarial Loss: 1.0564 | Valid Loss: 0.5126 (Gen: 3.4270, Adv: 0.5126) | Perplexity: 29.31 (train) / 30.78 (val) | Token Acc: 1.47% (train) / 0.81% (val) | LR: 1.00e-06
Epoch 68/400: Total Loss: 1.0672 | Generator Loss: 3.3795 | Adversarial Loss: 1.0672 | Valid Loss: 0.5469 (Gen: 3.4270, Adv: 0.5469) | Perplexity: 29.36 (train) / 30.78 (val) | Token Acc: 1.45% (train) / 0.81% (val) | LR: 1.00e-06
Epoch 69/400: Total Loss: 1.0609 | Generator Loss: 3.3788 | Adversarial Loss: 1.0609 | Valid Loss: 0.5299 (Gen: 3.4270, Adv: 0.5299) | Perplexity: 29.34 (train) / 30.78 (val) | Token Acc: 1.44% (train) / 0.81% (val) | LR: 1.00e-06
Epoch 70/400: Total Loss: 1.0636 | Generator Loss: 3.3788 | Adversarial Loss: 1.0636 | Valid Loss: 0.5217 (Gen: 3.4270, Adv: 0.5217) | Perplexity: 29.33 (train) / 30.78 (val) | Token Acc: 1.43% (train) / 0.81% (val) | LR: 1.00e-06
Epoch 71/400: Total Loss: 1.0665 | Generator Loss: 3.3786 | Adversarial Loss: 1.0665 | Valid Loss: 0.5562 (Gen: 3.4270, Adv: 0.5562) | Perplexity: 29.33 (train) / 30.78 (val) | Token Acc: 1.47% (train) / 0.81% (val) | LR: 1.00e-06
Epoch 72/400: Total Loss: 1.0683 | Generator Loss: 3.3791 | Adversarial Loss: 1.0683 | Valid Loss: 0.5423 (Gen: 3.4270, Adv: 0.5423) | Perplexity: 29.35 (train) / 30.78 (val) | Token Acc: 1.52% (train) / 0.81% (val) | LR: 1.00e-06
Epoch 73/400: Total Loss: 1.0499 | Generator Loss: 3.3787 | Adversarial Loss: 1.0499 | Valid Loss: 0.5554 (Gen: 3.4270, Adv: 0.5554) | Perplexity: 29.33 (train) / 30.78 (val) | Token Acc: 1.43% (train) / 0.81% (val) | LR: 1.00e-06
Epoch 74/400: Total Loss: 1.0665 | Generator Loss: 3.3794 | Adversarial Loss: 1.0665 | Valid Loss: 0.5104 (Gen: 3.4270, Adv: 0.5104) | Perplexity: 29.35 (train) / 30.78 (val) | Token Acc: 1.51% (train) / 0.81% (val) | LR: 1.00e-06
Epoch 75/400: Total Loss: 1.0561 | Generator Loss: 3.3799 | Adversarial Loss: 1.0561 | Valid Loss: 0.5166 (Gen: 3.4270, Adv: 0.5166) | Perplexity: 29.37 (train) / 30.78 (val) | Token Acc: 1.49% (train) / 0.81% (val) | LR: 1.00e-06
Epoch 76/400: Total Loss: 1.0602 | Generator Loss: 3.3798 | Adversarial Loss: 1.0602 | Valid Loss: 0.5505 (Gen: 3.4270, Adv: 0.5505) | Perplexity: 29.36 (train) / 30.78 (val) | Token Acc: 1.47% (train) / 0.81% (val) | LR: 1.00e-06
Epoch 77/400: Total Loss: 1.0911 | Generator Loss: 3.3795 | Adversarial Loss: 1.0911 | Valid Loss: 0.5452 (Gen: 3.4270, Adv: 0.5452) | Perplexity: 29.36 (train) / 30.78 (val) | Token Acc: 1.51% (train) / 0.81% (val) | LR: 1.00e-06
Epoch 78/400: Total Loss: 1.0644 | Generator Loss: 3.3787 | Adversarial Loss: 1.0644 | Valid Loss: 0.5288 (Gen: 3.4270, Adv: 0.5288) | Perplexity: 29.33 (train) / 30.78 (val) | Token Acc: 1.46% (train) / 0.81% (val) | LR: 1.00e-06
Epoch 79/400: Total Loss: 1.0699 | Generator Loss: 3.3797 | Adversarial Loss: 1.0699 | Valid Loss: 0.5627 (Gen: 3.4270, Adv: 0.5627) | Perplexity: 29.36 (train) / 30.78 (val) | Token Acc: 1.54% (train) / 0.81% (val) | LR: 1.00e-06
Epoch 80/400: Total Loss: 1.0647 | Generator Loss: 3.3786 | Adversarial Loss: 1.0647 | Valid Loss: 0.5703 (Gen: 3.4270, Adv: 0.5703) | Perplexity: 29.33 (train) / 30.78 (val) | Token Acc: 1.44% (train) / 0.81% (val) | LR: 1.00e-06
Epoch 81/400: Total Loss: 1.0534 | Generator Loss: 3.3792 | Adversarial Loss: 1.0534 | Valid Loss: 0.5292 (Gen: 3.4270, Adv: 0.5292) | Perplexity: 29.35 (train) / 30.78 (val) | Token Acc: 1.42% (train) / 0.81% (val) | LR: 1.00e-06
Epoch 82/400: Total Loss: 1.0510 | Generator Loss: 3.3786 | Adversarial Loss: 1.0510 | Valid Loss: 0.5130 (Gen: 3.4270, Adv: 0.5130) | Perplexity: 29.33 (train) / 30.78 (val) | Token Acc: 1.44% (train) / 0.81% (val) | LR: 1.00e-06
Epoch 83/400: Total Loss: 1.0655 | Generator Loss: 3.3796 | Adversarial Loss: 1.0655 | Valid Loss: 0.5625 (Gen: 3.4270, Adv: 0.5625) | Perplexity: 29.36 (train) / 30.78 (val) | Token Acc: 1.45% (train) / 0.81% (val) | LR: 1.00e-06
Epoch 84/400: Total Loss: 1.0743 | Generator Loss: 3.3795 | Adversarial Loss: 1.0743 | Valid Loss: 0.5328 (Gen: 3.4270, Adv: 0.5328) | Perplexity: 29.36 (train) / 30.78 (val) | Token Acc: 1.41% (train) / 0.81% (val) | LR: 1.00e-06
Epoch 85/400: Total Loss: 1.0688 | Generator Loss: 3.3793 | Adversarial Loss: 1.0688 | Valid Loss: 0.5810 (Gen: 3.4270, Adv: 0.5810) | Perplexity: 29.35 (train) / 30.78 (val) | Token Acc: 1.45% (train) / 0.81% (val) | LR: 1.00e-06
Epoch 86/400: Total Loss: 1.0627 | Generator Loss: 3.3799 | Adversarial Loss: 1.0627 | Valid Loss: 0.5500 (Gen: 3.4270, Adv: 0.5500) | Perplexity: 29.37 (train) / 30.78 (val) | Token Acc: 1.52% (train) / 0.81% (val) | LR: 1.00e-06
Epoch 87/400: Total Loss: 1.0582 | Generator Loss: 3.3793 | Adversarial Loss: 1.0582 | Valid Loss: 0.5263 (Gen: 3.4270, Adv: 0.5263) | Perplexity: 29.35 (train) / 30.78 (val) | Token Acc: 1.49% (train) / 0.81% (val) | LR: 1.00e-06
Epoch 88/400: Total Loss: 1.0745 | Generator Loss: 3.3784 | Adversarial Loss: 1.0745 | Valid Loss: 0.5320 (Gen: 3.4270, Adv: 0.5320) | Perplexity: 29.32 (train) / 30.78 (val) | Token Acc: 1.42% (train) / 0.81% (val) | LR: 1.00e-06
Epoch 89/400: Total Loss: 1.0477 | Generator Loss: 3.3792 | Adversarial Loss: 1.0477 | Valid Loss: 0.5273 (Gen: 3.4270, Adv: 0.5273) | Perplexity: 29.35 (train) / 30.78 (val) | Token Acc: 1.54% (train) / 0.81% (val) | LR: 1.00e-06
Epoch 90/400: Total Loss: 1.0444 | Generator Loss: 3.3784 | Adversarial Loss: 1.0444 | Valid Loss: 0.5328 (Gen: 3.4270, Adv: 0.5328) | Perplexity: 29.32 (train) / 30.78 (val) | Token Acc: 1.39% (train) / 0.81% (val) | LR: 1.00e-06
Epoch 91/400: Total Loss: 1.0624 | Generator Loss: 3.3794 | Adversarial Loss: 1.0624 | Valid Loss: 0.5333 (Gen: 3.4270, Adv: 0.5333) | Perplexity: 29.35 (train) / 30.78 (val) | Token Acc: 1.51% (train) / 0.81% (val) | LR: 1.00e-06
Epoch 92/400: Total Loss: 1.0508 | Generator Loss: 3.3782 | Adversarial Loss: 1.0508 | Valid Loss: 0.5515 (Gen: 3.4270, Adv: 0.5515) | Perplexity: 29.32 (train) / 30.78 (val) | Token Acc: 1.43% (train) / 0.81% (val) | LR: 1.00e-06
Epoch 93/400: Total Loss: 1.0559 | Generator Loss: 3.3801 | Adversarial Loss: 1.0559 | Valid Loss: 0.5099 (Gen: 3.4270, Adv: 0.5099) | Perplexity: 29.37 (train) / 30.78 (val) | Token Acc: 1.47% (train) / 0.81% (val) | LR: 1.00e-06
Epoch 94/400: Total Loss: 1.0300 | Generator Loss: 3.3794 | Adversarial Loss: 1.0300 | Valid Loss: 0.5468 (Gen: 3.4270, Adv: 0.5468) | Perplexity: 29.35 (train) / 30.78 (val) | Token Acc: 1.49% (train) / 0.81% (val) | LR: 1.00e-06
Epoch 95/400: Total Loss: 1.0604 | Generator Loss: 3.3799 | Adversarial Loss: 1.0604 | Valid Loss: 0.5609 (Gen: 3.4270, Adv: 0.5609) | Perplexity: 29.37 (train) / 30.78 (val) | Token Acc: 1.44% (train) / 0.81% (val) | LR: 1.00e-06
Epoch 96/400: Total Loss: 1.0458 | Generator Loss: 3.3798 | Adversarial Loss: 1.0458 | Valid Loss: 0.5313 (Gen: 3.4270, Adv: 0.5313) | Perplexity: 29.37 (train) / 30.78 (val) | Token Acc: 1.42% (train) / 0.81% (val) | LR: 1.00e-06
Epoch 97/400: Total Loss: 1.0554 | Generator Loss: 3.3793 | Adversarial Loss: 1.0554 | Valid Loss: 0.5309 (Gen: 3.4270, Adv: 0.5309) | Perplexity: 29.35 (train) / 30.78 (val) | Token Acc: 1.44% (train) / 0.81% (val) | LR: 1.00e-06
Epoch 98/400: Total Loss: 1.0497 | Generator Loss: 3.3795 | Adversarial Loss: 1.0497 | Valid Loss: 0.5845 (Gen: 3.4270, Adv: 0.5845) | Perplexity: 29.36 (train) / 30.78 (val) | Token Acc: 1.37% (train) / 0.81% (val) | LR: 1.00e-06
Epoch 99/400: Total Loss: 1.0658 | Generator Loss: 3.3795 | Adversarial Loss: 1.0658 | Valid Loss: 0.5264 (Gen: 3.4270, Adv: 0.5264) | Perplexity: 29.36 (train) / 30.78 (val) | Token Acc: 1.50% (train) / 0.81% (val) | LR: 1.00e-06
Epoch 100/400: Total Loss: 1.0543 | Generator Loss: 3.3782 | Adversarial Loss: 1.0543 | Valid Loss: 0.5434 (Gen: 3.4270, Adv: 0.5434) | Perplexity: 29.32 (train) / 30.78 (val) | Token Acc: 1.49% (train) / 0.81% (val) | LR: 1.00e-06
Epoch 101/400: Total Loss: 1.0396 | Generator Loss: 3.3792 | Adversarial Loss: 1.0396 | Valid Loss: 0.5348 (Gen: 3.4270, Adv: 0.5348) | Perplexity: 29.35 (train) / 30.78 (val) | Token Acc: 1.43% (train) / 0.81% (val) | LR: 1.00e-06
Epoch 102/400: Total Loss: 1.0706 | Generator Loss: 3.3799 | Adversarial Loss: 1.0706 | Valid Loss: 0.5636 (Gen: 3.4270, Adv: 0.5636) | Perplexity: 29.37 (train) / 30.78 (val) | Token Acc: 1.41% (train) / 0.81% (val) | LR: 1.00e-06
Epoch 103/400: Total Loss: 1.0525 | Generator Loss: 3.3791 | Adversarial Loss: 1.0525 | Valid Loss: 0.5735 (Gen: 3.4270, Adv: 0.5735) | Perplexity: 29.34 (train) / 30.78 (val) | Token Acc: 1.44% (train) / 0.81% (val) | LR: 1.00e-06
Epoch 104/400: Total Loss: 1.0692 | Generator Loss: 3.3793 | Adversarial Loss: 1.0692 | Valid Loss: 0.5279 (Gen: 3.4270, Adv: 0.5279) | Perplexity: 29.35 (train) / 30.78 (val) | Token Acc: 1.43% (train) / 0.81% (val) | LR: 1.00e-06
Epoch 105/400: Total Loss: 1.0661 | Generator Loss: 3.3787 | Adversarial Loss: 1.0661 | Valid Loss: 0.5263 (Gen: 3.4270, Adv: 0.5263) | Perplexity: 29.33 (train) / 30.78 (val) | Token Acc: 1.48% (train) / 0.81% (val) | LR: 1.00e-06
Epoch 106/400: Total Loss: 1.0555 | Generator Loss: 3.3802 | Adversarial Loss: 1.0555 | Valid Loss: 0.5396 (Gen: 3.4270, Adv: 0.5396) | Perplexity: 29.38 (train) / 30.78 (val) | Token Acc: 1.40% (train) / 0.81% (val) | LR: 1.00e-06
Epoch 107/400: Total Loss: 1.0591 | Generator Loss: 3.3796 | Adversarial Loss: 1.0591 | Valid Loss: 0.5885 (Gen: 3.4270, Adv: 0.5885) | Perplexity: 29.36 (train) / 30.78 (val) | Token Acc: 1.48% (train) / 0.81% (val) | LR: 1.00e-06
Epoch 108/400: Total Loss: 1.0474 | Generator Loss: 3.3798 | Adversarial Loss: 1.0474 | Valid Loss: 0.5311 (Gen: 3.4270, Adv: 0.5311) | Perplexity: 29.36 (train) / 30.78 (val) | Token Acc: 1.43% (train) / 0.81% (val) | LR: 1.00e-06
Epoch 109/400: Total Loss: 1.0461 | Generator Loss: 3.3787 | Adversarial Loss: 1.0461 | Valid Loss: 0.5540 (Gen: 3.4270, Adv: 0.5540) | Perplexity: 29.33 (train) / 30.78 (val) | Token Acc: 1.42% (train) / 0.81% (val) | LR: 1.00e-06
Epoch 110/400: Total Loss: 1.0663 | Generator Loss: 3.3788 | Adversarial Loss: 1.0663 | Valid Loss: 0.5314 (Gen: 3.4270, Adv: 0.5314) | Perplexity: 29.34 (train) / 30.78 (val) | Token Acc: 1.44% (train) / 0.81% (val) | LR: 1.00e-06
Epoch 111/400: Total Loss: 1.0745 | Generator Loss: 3.3790 | Adversarial Loss: 1.0745 | Valid Loss: 0.5213 (Gen: 3.4270, Adv: 0.5213) | Perplexity: 29.34 (train) / 30.78 (val) | Token Acc: 1.44% (train) / 0.81% (val) | LR: 1.00e-06
Epoch 112/400: Total Loss: 1.0640 | Generator Loss: 3.3799 | Adversarial Loss: 1.0640 | Valid Loss: 0.5688 (Gen: 3.4270, Adv: 0.5688) | Perplexity: 29.37 (train) / 30.78 (val) | Token Acc: 1.48% (train) / 0.81% (val) | LR: 1.00e-06
Epoch 113/400: Total Loss: 1.0470 | Generator Loss: 3.3790 | Adversarial Loss: 1.0470 | Valid Loss: 0.5245 (Gen: 3.4270, Adv: 0.5245) | Perplexity: 29.34 (train) / 30.78 (val) | Token Acc: 1.52% (train) / 0.81% (val) | LR: 1.00e-06
Epoch 114/400: Total Loss: 1.0731 | Generator Loss: 3.3796 | Adversarial Loss: 1.0731 | Valid Loss: 0.5417 (Gen: 3.4270, Adv: 0.5417) | Perplexity: 29.36 (train) / 30.78 (val) | Token Acc: 1.43% (train) / 0.81% (val) | LR: 1.00e-06
Epoch 115/400: Total Loss: 1.0837 | Generator Loss: 3.3779 | Adversarial Loss: 1.0837 | Valid Loss: 0.5156 (Gen: 3.4270, Adv: 0.5156) | Perplexity: 29.31 (train) / 30.78 (val) | Token Acc: 1.50% (train) / 0.81% (val) | LR: 1.00e-06
Epoch 116/400: Total Loss: 1.0493 | Generator Loss: 3.3791 | Adversarial Loss: 1.0493 | Valid Loss: 0.5347 (Gen: 3.4270, Adv: 0.5347) | Perplexity: 29.34 (train) / 30.78 (val) | Token Acc: 1.46% (train) / 0.81% (val) | LR: 1.00e-06
Epoch 117/400: Total Loss: 1.0583 | Generator Loss: 3.3802 | Adversarial Loss: 1.0583 | Valid Loss: 0.5417 (Gen: 3.4270, Adv: 0.5417) | Perplexity: 29.38 (train) / 30.78 (val) | Token Acc: 1.52% (train) / 0.81% (val) | LR: 1.00e-06
Epoch 118/400: Total Loss: 1.0580 | Generator Loss: 3.3794 | Adversarial Loss: 1.0580 | Valid Loss: 0.5120 (Gen: 3.4270, Adv: 0.5120) | Perplexity: 29.35 (train) / 30.78 (val) | Token Acc: 1.46% (train) / 0.81% (val) | LR: 1.00e-06
Epoch 119/400: Total Loss: 1.0721 | Generator Loss: 3.3791 | Adversarial Loss: 1.0721 | Valid Loss: 0.5280 (Gen: 3.4270, Adv: 0.5280) | Perplexity: 29.34 (train) / 30.78 (val) | Token Acc: 1.39% (train) / 0.81% (val) | LR: 1.00e-06
Epoch 120/400: Total Loss: 1.0446 | Generator Loss: 3.3800 | Adversarial Loss: 1.0446 | Valid Loss: 0.5362 (Gen: 3.4270, Adv: 0.5362) | Perplexity: 29.37 (train) / 30.78 (val) | Token Acc: 1.41% (train) / 0.81% (val) | LR: 1.00e-06
Epoch 121/400: Total Loss: 1.0734 | Generator Loss: 3.3793 | Adversarial Loss: 1.0734 | Valid Loss: 0.5558 (Gen: 3.4270, Adv: 0.5558) | Perplexity: 29.35 (train) / 30.78 (val) | Token Acc: 1.47% (train) / 0.81% (val) | LR: 1.00e-06
Epoch 122/400: Total Loss: 1.0612 | Generator Loss: 3.3791 | Adversarial Loss: 1.0612 | Valid Loss: 0.5245 (Gen: 3.4270, Adv: 0.5245) | Perplexity: 29.34 (train) / 30.78 (val) | Token Acc: 1.42% (train) / 0.81% (val) | LR: 1.00e-06
Epoch 123/400: Total Loss: 1.0672 | Generator Loss: 3.3791 | Adversarial Loss: 1.0672 | Valid Loss: 0.5420 (Gen: 3.4270, Adv: 0.5420) | Perplexity: 29.34 (train) / 30.78 (val) | Token Acc: 1.38% (train) / 0.81% (val) | LR: 1.00e-06
Epoch 124/400: Total Loss: 1.0607 | Generator Loss: 3.3789 | Adversarial Loss: 1.0607 | Valid Loss: 0.5451 (Gen: 3.4270, Adv: 0.5451) | Perplexity: 29.34 (train) / 30.78 (val) | Token Acc: 1.46% (train) / 0.81% (val) | LR: 1.00e-06
Epoch 125/400: Total Loss: 1.0781 | Generator Loss: 3.3792 | Adversarial Loss: 1.0781 | Valid Loss: 0.5564 (Gen: 3.4270, Adv: 0.5564) | Perplexity: 29.35 (train) / 30.78 (val) | Token Acc: 1.49% (train) / 0.81% (val) | LR: 1.00e-06
Epoch 126/400: Total Loss: 1.0535 | Generator Loss: 3.3795 | Adversarial Loss: 1.0535 | Valid Loss: 0.5455 (Gen: 3.4270, Adv: 0.5455) | Perplexity: 29.36 (train) / 30.78 (val) | Token Acc: 1.50% (train) / 0.81% (val) | LR: 1.00e-06
Epoch 127/400: Total Loss: 1.0650 | Generator Loss: 3.3799 | Adversarial Loss: 1.0650 | Valid Loss: 0.5238 (Gen: 3.4270, Adv: 0.5238) | Perplexity: 29.37 (train) / 30.78 (val) | Token Acc: 1.47% (train) / 0.81% (val) | LR: 1.00e-06
Epoch 128/400: Total Loss: 1.0422 | Generator Loss: 3.3795 | Adversarial Loss: 1.0422 | Valid Loss: 0.5278 (Gen: 3.4270, Adv: 0.5278) | Perplexity: 29.36 (train) / 30.78 (val) | Token Acc: 1.41% (train) / 0.81% (val) | LR: 1.00e-06
Epoch 129/400: Total Loss: 1.0559 | Generator Loss: 3.3788 | Adversarial Loss: 1.0559 | Valid Loss: 0.5390 (Gen: 3.4270, Adv: 0.5390) | Perplexity: 29.33 (train) / 30.78 (val) | Token Acc: 1.45% (train) / 0.81% (val) | LR: 1.00e-06
Epoch 130/400: Total Loss: 1.0588 | Generator Loss: 3.3787 | Adversarial Loss: 1.0588 | Valid Loss: 0.5267 (Gen: 3.4270, Adv: 0.5267) | Perplexity: 29.33 (train) / 30.78 (val) | Token Acc: 1.46% (train) / 0.81% (val) | LR: 1.00e-06
Epoch 131/400: Total Loss: 1.0633 | Generator Loss: 3.3791 | Adversarial Loss: 1.0633 | Valid Loss: 0.5274 (Gen: 3.4270, Adv: 0.5274) | Perplexity: 29.34 (train) / 30.78 (val) | Token Acc: 1.40% (train) / 0.81% (val) | LR: 1.00e-06
Epoch 132/400: Total Loss: 1.0517 | Generator Loss: 3.3786 | Adversarial Loss: 1.0517 | Valid Loss: 0.5395 (Gen: 3.4270, Adv: 0.5395) | Perplexity: 29.33 (train) / 30.78 (val) | Token Acc: 1.37% (train) / 0.81% (val) | LR: 1.00e-06
Epoch 133/400: Total Loss: 1.0605 | Generator Loss: 3.3798 | Adversarial Loss: 1.0605 | Valid Loss: 0.5358 (Gen: 3.4270, Adv: 0.5358) | Perplexity: 29.36 (train) / 30.78 (val) | Token Acc: 1.54% (train) / 0.81% (val) | LR: 1.00e-06
Epoch 134/400: Total Loss: 1.0589 | Generator Loss: 3.3795 | Adversarial Loss: 1.0589 | Valid Loss: 0.5470 (Gen: 3.4270, Adv: 0.5470) | Perplexity: 29.36 (train) / 30.78 (val) | Token Acc: 1.42% (train) / 0.81% (val) | LR: 1.00e-06
Epoch 135/400: Total Loss: 1.0665 | Generator Loss: 3.3788 | Adversarial Loss: 1.0665 | Valid Loss: 0.5420 (Gen: 3.4270, Adv: 0.5420) | Perplexity: 29.33 (train) / 30.78 (val) | Token Acc: 1.42% (train) / 0.81% (val) | LR: 1.00e-06
Epoch 136/400: Total Loss: 1.0684 | Generator Loss: 3.3797 | Adversarial Loss: 1.0684 | Valid Loss: 0.5572 (Gen: 3.4270, Adv: 0.5572) | Perplexity: 29.36 (train) / 30.78 (val) | Token Acc: 1.41% (train) / 0.81% (val) | LR: 1.00e-06
Epoch 137/400: Total Loss: 1.0672 | Generator Loss: 3.3786 | Adversarial Loss: 1.0672 | Valid Loss: 0.5720 (Gen: 3.4270, Adv: 0.5720) | Perplexity: 29.33 (train) / 30.78 (val) | Token Acc: 1.47% (train) / 0.81% (val) | LR: 1.00e-06
Epoch 138/400: Total Loss: 1.0641 | Generator Loss: 3.3797 | Adversarial Loss: 1.0641 | Valid Loss: 0.5911 (Gen: 3.4270, Adv: 0.5911) | Perplexity: 29.36 (train) / 30.78 (val) | Token Acc: 1.42% (train) / 0.81% (val) | LR: 1.00e-06
Epoch 139/400: Total Loss: 1.0714 | Generator Loss: 3.3797 | Adversarial Loss: 1.0714 | Valid Loss: 0.5187 (Gen: 3.4270, Adv: 0.5187) | Perplexity: 29.36 (train) / 30.78 (val) | Token Acc: 1.47% (train) / 0.81% (val) | LR: 1.00e-06
Epoch 140/400: Total Loss: 1.0475 | Generator Loss: 3.3785 | Adversarial Loss: 1.0475 | Valid Loss: 0.5384 (Gen: 3.4270, Adv: 0.5384) | Perplexity: 29.33 (train) / 30.78 (val) | Token Acc: 1.45% (train) / 0.81% (val) | LR: 1.00e-06
Epoch 141/400: Total Loss: 1.0611 | Generator Loss: 3.3786 | Adversarial Loss: 1.0611 | Valid Loss: 0.5431 (Gen: 3.4270, Adv: 0.5431) | Perplexity: 29.33 (train) / 30.78 (val) | Token Acc: 1.48% (train) / 0.81% (val) | LR: 1.00e-06
Epoch 142/400: Total Loss: 1.0548 | Generator Loss: 3.3786 | Adversarial Loss: 1.0548 | Valid Loss: 0.5451 (Gen: 3.4270, Adv: 0.5451) | Perplexity: 29.33 (train) / 30.78 (val) | Token Acc: 1.46% (train) / 0.81% (val) | LR: 1.00e-06
Epoch 143/400: Total Loss: 1.0732 | Generator Loss: 3.3788 | Adversarial Loss: 1.0732 | Valid Loss: 0.5426 (Gen: 3.4270, Adv: 0.5426) | Perplexity: 29.33 (train) / 30.78 (val) | Token Acc: 1.44% (train) / 0.81% (val) | LR: 1.00e-06
Epoch 144/400: Total Loss: 1.0427 | Generator Loss: 3.3795 | Adversarial Loss: 1.0427 | Valid Loss: 0.5627 (Gen: 3.4270, Adv: 0.5627) | Perplexity: 29.36 (train) / 30.78 (val) | Token Acc: 1.40% (train) / 0.81% (val) | LR: 1.00e-06
Epoch 145/400: Total Loss: 1.0759 | Generator Loss: 3.3790 | Adversarial Loss: 1.0759 | Valid Loss: 0.5349 (Gen: 3.4270, Adv: 0.5349) | Perplexity: 29.34 (train) / 30.78 (val) | Token Acc: 1.50% (train) / 0.81% (val) | LR: 1.00e-06
Epoch 146/400: Total Loss: 1.0567 | Generator Loss: 3.3791 | Adversarial Loss: 1.0567 | Valid Loss: 0.5315 (Gen: 3.4270, Adv: 0.5315) | Perplexity: 29.34 (train) / 30.78 (val) | Token Acc: 1.44% (train) / 0.81% (val) | LR: 1.00e-06
Epoch 147/400: Total Loss: 1.0711 | Generator Loss: 3.3790 | Adversarial Loss: 1.0711 | Valid Loss: 0.5330 (Gen: 3.4270, Adv: 0.5330) | Perplexity: 29.34 (train) / 30.78 (val) | Token Acc: 1.43% (train) / 0.81% (val) | LR: 1.00e-06
Epoch 148/400: Total Loss: 1.0311 | Generator Loss: 3.3788 | Adversarial Loss: 1.0311 | Valid Loss: 0.5574 (Gen: 3.4270, Adv: 0.5574) | Perplexity: 29.34 (train) / 30.78 (val) | Token Acc: 1.47% (train) / 0.81% (val) | LR: 1.00e-06
Epoch 149/400: Total Loss: 1.0577 | Generator Loss: 3.3791 | Adversarial Loss: 1.0577 | Valid Loss: 0.5579 (Gen: 3.4270, Adv: 0.5579) | Perplexity: 29.34 (train) / 30.78 (val) | Token Acc: 1.46% (train) / 0.81% (val) | LR: 1.00e-06
Epoch 150/400: Total Loss: 1.0537 | Generator Loss: 3.3786 | Adversarial Loss: 1.0537 | Valid Loss: 0.5366 (Gen: 3.4270, Adv: 0.5366) | Perplexity: 29.33 (train) / 30.78 (val) | Token Acc: 1.50% (train) / 0.81% (val) | LR: 1.00e-06
Epoch 151/400: Total Loss: 1.0376 | Generator Loss: 3.3790 | Adversarial Loss: 1.0376 | Valid Loss: 0.5519 (Gen: 3.4270, Adv: 0.5519) | Perplexity: 29.34 (train) / 30.78 (val) | Token Acc: 1.49% (train) / 0.81% (val) | LR: 1.00e-06
Epoch 152/400: Total Loss: 1.0472 | Generator Loss: 3.3791 | Adversarial Loss: 1.0472 | Valid Loss: 0.5482 (Gen: 3.4270, Adv: 0.5482) | Perplexity: 29.34 (train) / 30.78 (val) | Token Acc: 1.39% (train) / 0.81% (val) | LR: 1.00e-06
Epoch 153/400: Total Loss: 1.0462 | Generator Loss: 3.3797 | Adversarial Loss: 1.0462 | Valid Loss: 0.5431 (Gen: 3.4270, Adv: 0.5431) | Perplexity: 29.36 (train) / 30.78 (val) | Token Acc: 1.45% (train) / 0.81% (val) | LR: 1.00e-06
Epoch 154/400: Total Loss: 1.0460 | Generator Loss: 3.3782 | Adversarial Loss: 1.0460 | Valid Loss: 0.5362 (Gen: 3.4270, Adv: 0.5362) | Perplexity: 29.32 (train) / 30.78 (val) | Token Acc: 1.45% (train) / 0.81% (val) | LR: 1.00e-06
Epoch 155/400: Total Loss: 1.0423 | Generator Loss: 3.3791 | Adversarial Loss: 1.0423 | Valid Loss: 0.5368 (Gen: 3.4270, Adv: 0.5368) | Perplexity: 29.34 (train) / 30.78 (val) | Token Acc: 1.50% (train) / 0.81% (val) | LR: 1.00e-06
Epoch 156/400: Total Loss: 1.0633 | Generator Loss: 3.3794 | Adversarial Loss: 1.0633 | Valid Loss: 0.5189 (Gen: 3.4270, Adv: 0.5189) | Perplexity: 29.35 (train) / 30.78 (val) | Token Acc: 1.41% (train) / 0.81% (val) | LR: 1.00e-06
Epoch 157/400: Total Loss: 1.0674 | Generator Loss: 3.3786 | Adversarial Loss: 1.0674 | Valid Loss: 0.5231 (Gen: 3.4270, Adv: 0.5231) | Perplexity: 29.33 (train) / 30.78 (val) | Token Acc: 1.40% (train) / 0.81% (val) | LR: 1.00e-06
Epoch 158/400: Total Loss: 1.0643 | Generator Loss: 3.3795 | Adversarial Loss: 1.0643 | Valid Loss: 0.5368 (Gen: 3.4270, Adv: 0.5368) | Perplexity: 29.36 (train) / 30.78 (val) | Token Acc: 1.44% (train) / 0.81% (val) | LR: 1.00e-06
Epoch 159/400: Total Loss: 1.0551 | Generator Loss: 3.3793 | Adversarial Loss: 1.0551 | Valid Loss: 0.5402 (Gen: 3.4270, Adv: 0.5402) | Perplexity: 29.35 (train) / 30.78 (val) | Token Acc: 1.44% (train) / 0.81% (val) | LR: 1.00e-06
Epoch 160/400: Total Loss: 1.0737 | Generator Loss: 3.3793 | Adversarial Loss: 1.0737 | Valid Loss: 0.5516 (Gen: 3.4270, Adv: 0.5516) | Perplexity: 29.35 (train) / 30.78 (val) | Token Acc: 1.48% (train) / 0.81% (val) | LR: 1.00e-06
Epoch 161/400: Total Loss: 1.0728 | Generator Loss: 3.3795 | Adversarial Loss: 1.0728 | Valid Loss: 0.5763 (Gen: 3.4270, Adv: 0.5763) | Perplexity: 29.36 (train) / 30.78 (val) | Token Acc: 1.43% (train) / 0.81% (val) | LR: 1.00e-06
Epoch 162/400: Total Loss: 1.0582 | Generator Loss: 3.3791 | Adversarial Loss: 1.0582 | Valid Loss: 0.5342 (Gen: 3.4270, Adv: 0.5342) | Perplexity: 29.34 (train) / 30.78 (val) | Token Acc: 1.43% (train) / 0.81% (val) | LR: 1.00e-06
Epoch 163/400: Total Loss: 1.0668 | Generator Loss: 3.3792 | Adversarial Loss: 1.0668 | Valid Loss: 0.5257 (Gen: 3.4270, Adv: 0.5257) | Perplexity: 29.35 (train) / 30.78 (val) | Token Acc: 1.47% (train) / 0.81% (val) | LR: 1.00e-06
Epoch 164/400: Total Loss: 1.0566 | Generator Loss: 3.3795 | Adversarial Loss: 1.0566 | Valid Loss: 0.5265 (Gen: 3.4270, Adv: 0.5265) | Perplexity: 29.36 (train) / 30.78 (val) | Token Acc: 1.39% (train) / 0.81% (val) | LR: 1.00e-06
Epoch 165/400: Total Loss: 1.0495 | Generator Loss: 3.3796 | Adversarial Loss: 1.0495 | Valid Loss: 0.5665 (Gen: 3.4270, Adv: 0.5665) | Perplexity: 29.36 (train) / 30.78 (val) | Token Acc: 1.47% (train) / 0.81% (val) | LR: 1.00e-06
Epoch 166/400: Total Loss: 1.0569 | Generator Loss: 3.3791 | Adversarial Loss: 1.0569 | Valid Loss: 0.4928 (Gen: 3.4270, Adv: 0.4928) | Perplexity: 29.35 (train) / 30.78 (val) | Token Acc: 1.35% (train) / 0.81% (val) | LR: 1.00e-06
Epoch 167/400: Total Loss: 1.0600 | Generator Loss: 3.3800 | Adversarial Loss: 1.0600 | Valid Loss: 0.5626 (Gen: 3.4270, Adv: 0.5626) | Perplexity: 29.37 (train) / 30.78 (val) | Token Acc: 1.36% (train) / 0.81% (val) | LR: 1.00e-06
Epoch 168/400: Total Loss: 1.0484 | Generator Loss: 3.3791 | Adversarial Loss: 1.0484 | Valid Loss: 0.5299 (Gen: 3.4270, Adv: 0.5299) | Perplexity: 29.35 (train) / 30.78 (val) | Token Acc: 1.43% (train) / 0.81% (val) | LR: 1.00e-06
Epoch 169/400: Total Loss: 1.0717 | Generator Loss: 3.3793 | Adversarial Loss: 1.0717 | Valid Loss: 0.5315 (Gen: 3.4270, Adv: 0.5315) | Perplexity: 29.35 (train) / 30.78 (val) | Token Acc: 1.46% (train) / 0.81% (val) | LR: 1.00e-06
Epoch 170/400: Total Loss: 1.0723 | Generator Loss: 3.3803 | Adversarial Loss: 1.0723 | Valid Loss: 0.5634 (Gen: 3.4270, Adv: 0.5634) | Perplexity: 29.38 (train) / 30.78 (val) | Token Acc: 1.46% (train) / 0.81% (val) | LR: 1.00e-06
Epoch 171/400: Total Loss: 1.0572 | Generator Loss: 3.3795 | Adversarial Loss: 1.0572 | Valid Loss: 0.5439 (Gen: 3.4270, Adv: 0.5439) | Perplexity: 29.36 (train) / 30.78 (val) | Token Acc: 1.46% (train) / 0.81% (val) | LR: 1.00e-06
Epoch 172/400: Total Loss: 1.0470 | Generator Loss: 3.3797 | Adversarial Loss: 1.0470 | Valid Loss: 0.5536 (Gen: 3.4270, Adv: 0.5536) | Perplexity: 29.36 (train) / 30.78 (val) | Token Acc: 1.46% (train) / 0.81% (val) | LR: 1.00e-06
Epoch 173/400: Total Loss: 1.0648 | Generator Loss: 3.3787 | Adversarial Loss: 1.0648 | Valid Loss: 0.5546 (Gen: 3.4270, Adv: 0.5546) | Perplexity: 29.33 (train) / 30.78 (val) | Token Acc: 1.44% (train) / 0.81% (val) | LR: 1.00e-06
Epoch 174/400: Total Loss: 1.0623 | Generator Loss: 3.3791 | Adversarial Loss: 1.0623 | Valid Loss: 0.5390 (Gen: 3.4270, Adv: 0.5390) | Perplexity: 29.34 (train) / 30.78 (val) | Token Acc: 1.47% (train) / 0.81% (val) | LR: 1.00e-06
Epoch 175/400: Total Loss: 1.0521 | Generator Loss: 3.3799 | Adversarial Loss: 1.0521 | Valid Loss: 0.5509 (Gen: 3.4270, Adv: 0.5509) | Perplexity: 29.37 (train) / 30.78 (val) | Token Acc: 1.47% (train) / 0.81% (val) | LR: 1.00e-06
Epoch 176/400: Total Loss: 1.0601 | Generator Loss: 3.3793 | Adversarial Loss: 1.0601 | Valid Loss: 0.5337 (Gen: 3.4270, Adv: 0.5337) | Perplexity: 29.35 (train) / 30.78 (val) | Token Acc: 1.46% (train) / 0.81% (val) | LR: 1.00e-06
Epoch 177/400: Total Loss: 1.0553 | Generator Loss: 3.3789 | Adversarial Loss: 1.0553 | Valid Loss: 0.5405 (Gen: 3.4270, Adv: 0.5405) | Perplexity: 29.34 (train) / 30.78 (val) | Token Acc: 1.51% (train) / 0.81% (val) | LR: 1.00e-06
Epoch 178/400: Total Loss: 1.0504 | Generator Loss: 3.3797 | Adversarial Loss: 1.0504 | Valid Loss: 0.5264 (Gen: 3.4270, Adv: 0.5264) | Perplexity: 29.36 (train) / 30.78 (val) | Token Acc: 1.43% (train) / 0.81% (val) | LR: 1.00e-06
Epoch 179/400: Total Loss: 1.0517 | Generator Loss: 3.3793 | Adversarial Loss: 1.0517 | Valid Loss: 0.5496 (Gen: 3.4270, Adv: 0.5496) | Perplexity: 29.35 (train) / 30.78 (val) | Token Acc: 1.36% (train) / 0.81% (val) | LR: 1.00e-06
Epoch 180/400: Total Loss: 1.0513 | Generator Loss: 3.3791 | Adversarial Loss: 1.0513 | Valid Loss: 0.5667 (Gen: 3.4270, Adv: 0.5667) | Perplexity: 29.35 (train) / 30.78 (val) | Token Acc: 1.45% (train) / 0.81% (val) | LR: 1.00e-06
Epoch 181/400: Total Loss: 1.0657 | Generator Loss: 3.3785 | Adversarial Loss: 1.0657 | Valid Loss: 0.5872 (Gen: 3.4270, Adv: 0.5872) | Perplexity: 29.33 (train) / 30.78 (val) | Token Acc: 1.40% (train) / 0.81% (val) | LR: 1.00e-06
Epoch 182/400: Total Loss: 1.0416 | Generator Loss: 3.3790 | Adversarial Loss: 1.0416 | Valid Loss: 0.5397 (Gen: 3.4270, Adv: 0.5397) | Perplexity: 29.34 (train) / 30.78 (val) | Token Acc: 1.43% (train) / 0.81% (val) | LR: 1.00e-06
Epoch 183/400: Total Loss: 1.0402 | Generator Loss: 3.3789 | Adversarial Loss: 1.0402 | Valid Loss: 0.5590 (Gen: 3.4270, Adv: 0.5590) | Perplexity: 29.34 (train) / 30.78 (val) | Token Acc: 1.42% (train) / 0.81% (val) | LR: 1.00e-06
Epoch 184/400: Total Loss: 1.0913 | Generator Loss: 3.3795 | Adversarial Loss: 1.0913 | Valid Loss: 0.5260 (Gen: 3.4270, Adv: 0.5260) | Perplexity: 29.35 (train) / 30.78 (val) | Token Acc: 1.49% (train) / 0.81% (val) | LR: 1.00e-06
Epoch 185/400: Total Loss: 1.0687 | Generator Loss: 3.3794 | Adversarial Loss: 1.0687 | Valid Loss: 0.5372 (Gen: 3.4270, Adv: 0.5372) | Perplexity: 29.35 (train) / 30.78 (val) | Token Acc: 1.47% (train) / 0.81% (val) | LR: 1.00e-06
Epoch 186/400: Total Loss: 1.0314 | Generator Loss: 3.3781 | Adversarial Loss: 1.0314 | Valid Loss: 0.5435 (Gen: 3.4270, Adv: 0.5435) | Perplexity: 29.31 (train) / 30.78 (val) | Token Acc: 1.44% (train) / 0.81% (val) | LR: 1.00e-06
Epoch 187/400: Total Loss: 1.0775 | Generator Loss: 3.3788 | Adversarial Loss: 1.0775 | Valid Loss: 0.5548 (Gen: 3.4270, Adv: 0.5548) | Perplexity: 29.34 (train) / 30.78 (val) | Token Acc: 1.48% (train) / 0.81% (val) | LR: 1.00e-06
Epoch 188/400: Total Loss: 1.0642 | Generator Loss: 3.3789 | Adversarial Loss: 1.0642 | Valid Loss: 0.5588 (Gen: 3.4270, Adv: 0.5588) | Perplexity: 29.34 (train) / 30.78 (val) | Token Acc: 1.46% (train) / 0.81% (val) | LR: 1.00e-06
Epoch 189/400: Total Loss: 1.0547 | Generator Loss: 3.3792 | Adversarial Loss: 1.0547 | Valid Loss: 0.5651 (Gen: 3.4270, Adv: 0.5651) | Perplexity: 29.35 (train) / 30.78 (val) | Token Acc: 1.41% (train) / 0.81% (val) | LR: 1.00e-06
Epoch 190/400: Total Loss: 1.0653 | Generator Loss: 3.3787 | Adversarial Loss: 1.0653 | Valid Loss: 0.5444 (Gen: 3.4270, Adv: 0.5444) | Perplexity: 29.33 (train) / 30.78 (val) | Token Acc: 1.41% (train) / 0.81% (val) | LR: 1.00e-06
Epoch 191/400: Total Loss: 1.0660 | Generator Loss: 3.3797 | Adversarial Loss: 1.0660 | Valid Loss: 0.5847 (Gen: 3.4270, Adv: 0.5847) | Perplexity: 29.36 (train) / 30.78 (val) | Token Acc: 1.44% (train) / 0.81% (val) | LR: 1.00e-06
Epoch 192/400: Total Loss: 1.0448 | Generator Loss: 3.3783 | Adversarial Loss: 1.0448 | Valid Loss: 0.5587 (Gen: 3.4270, Adv: 0.5587) | Perplexity: 29.32 (train) / 30.78 (val) | Token Acc: 1.48% (train) / 0.81% (val) | LR: 1.00e-06
Epoch 193/400: Total Loss: 1.0625 | Generator Loss: 3.3798 | Adversarial Loss: 1.0625 | Valid Loss: 0.5201 (Gen: 3.4270, Adv: 0.5201) | Perplexity: 29.37 (train) / 30.78 (val) | Token Acc: 1.41% (train) / 0.81% (val) | LR: 1.00e-06
Epoch 194/400: Total Loss: 1.0545 | Generator Loss: 3.3796 | Adversarial Loss: 1.0545 | Valid Loss: 0.5495 (Gen: 3.4270, Adv: 0.5495) | Perplexity: 29.36 (train) / 30.78 (val) | Token Acc: 1.43% (train) / 0.81% (val) | LR: 1.00e-06
Epoch 195/400: Total Loss: 1.0615 | Generator Loss: 3.3796 | Adversarial Loss: 1.0615 | Valid Loss: 0.5369 (Gen: 3.4270, Adv: 0.5369) | Perplexity: 29.36 (train) / 30.78 (val) | Token Acc: 1.47% (train) / 0.81% (val) | LR: 1.00e-06
Epoch 196/400: Total Loss: 1.0467 | Generator Loss: 3.3789 | Adversarial Loss: 1.0467 | Valid Loss: 0.5377 (Gen: 3.4270, Adv: 0.5377) | Perplexity: 29.34 (train) / 30.78 (val) | Token Acc: 1.44% (train) / 0.81% (val) | LR: 1.00e-06
Epoch 197/400: Total Loss: 1.0536 | Generator Loss: 3.3792 | Adversarial Loss: 1.0536 | Valid Loss: 0.5594 (Gen: 3.4270, Adv: 0.5594) | Perplexity: 29.35 (train) / 30.78 (val) | Token Acc: 1.48% (train) / 0.81% (val) | LR: 1.00e-06
Epoch 198/400: Total Loss: 1.0569 | Generator Loss: 3.3799 | Adversarial Loss: 1.0569 | Valid Loss: 0.5242 (Gen: 3.4270, Adv: 0.5242) | Perplexity: 29.37 (train) / 30.78 (val) | Token Acc: 1.46% (train) / 0.81% (val) | LR: 1.00e-06
Epoch 199/400: Total Loss: 1.0576 | Generator Loss: 3.3791 | Adversarial Loss: 1.0576 | Valid Loss: 0.5469 (Gen: 3.4270, Adv: 0.5469) | Perplexity: 29.34 (train) / 30.78 (val) | Token Acc: 1.43% (train) / 0.81% (val) | LR: 1.00e-06
Epoch 200/400: Total Loss: 1.0526 | Generator Loss: 3.3783 | Adversarial Loss: 1.0526 | Valid Loss: 0.5668 (Gen: 3.4270, Adv: 0.5668) | Perplexity: 29.32 (train) / 30.78 (val) | Token Acc: 1.40% (train) / 0.81% (val) | LR: 1.00e-06
Epoch 201/400: Total Loss: 1.0669 | Generator Loss: 3.3795 | Adversarial Loss: 1.0669 | Valid Loss: 0.5565 (Gen: 3.4270, Adv: 0.5565) | Perplexity: 29.36 (train) / 30.78 (val) | Token Acc: 1.46% (train) / 0.81% (val) | LR: 1.00e-06
Epoch 202/400: Total Loss: 1.0617 | Generator Loss: 3.3794 | Adversarial Loss: 1.0617 | Valid Loss: 0.5459 (Gen: 3.4270, Adv: 0.5459) | Perplexity: 29.35 (train) / 30.78 (val) | Token Acc: 1.46% (train) / 0.81% (val) | LR: 1.00e-06
Epoch 203/400: Total Loss: 1.0667 | Generator Loss: 3.3799 | Adversarial Loss: 1.0667 | Valid Loss: 0.5453 (Gen: 3.4270, Adv: 0.5453) | Perplexity: 29.37 (train) / 30.78 (val) | Token Acc: 1.44% (train) / 0.81% (val) | LR: 1.00e-06
Epoch 204/400: Total Loss: 1.0532 | Generator Loss: 3.3784 | Adversarial Loss: 1.0532 | Valid Loss: 0.5565 (Gen: 3.4270, Adv: 0.5565) | Perplexity: 29.32 (train) / 30.78 (val) | Token Acc: 1.45% (train) / 0.81% (val) | LR: 1.00e-06
Epoch 205/400: Total Loss: 1.0494 | Generator Loss: 3.3789 | Adversarial Loss: 1.0494 | Valid Loss: 0.5373 (Gen: 3.4270, Adv: 0.5373) | Perplexity: 29.34 (train) / 30.78 (val) | Token Acc: 1.53% (train) / 0.81% (val) | LR: 1.00e-06
Epoch 206/400: Total Loss: 1.0580 | Generator Loss: 3.3794 | Adversarial Loss: 1.0580 | Valid Loss: 0.5289 (Gen: 3.4270, Adv: 0.5289) | Perplexity: 29.35 (train) / 30.78 (val) | Token Acc: 1.45% (train) / 0.81% (val) | LR: 1.00e-06
Epoch 207/400: Total Loss: 1.0748 | Generator Loss: 3.3790 | Adversarial Loss: 1.0748 | Valid Loss: 0.5580 (Gen: 3.4270, Adv: 0.5580) | Perplexity: 29.34 (train) / 30.78 (val) | Token Acc: 1.46% (train) / 0.81% (val) | LR: 1.00e-06
Epoch 208/400: Total Loss: 1.0521 | Generator Loss: 3.3787 | Adversarial Loss: 1.0521 | Valid Loss: 0.5403 (Gen: 3.4270, Adv: 0.5403) | Perplexity: 29.33 (train) / 30.78 (val) | Token Acc: 1.48% (train) / 0.81% (val) | LR: 1.00e-06
Epoch 209/400: Total Loss: 1.0507 | Generator Loss: 3.3789 | Adversarial Loss: 1.0507 | Valid Loss: 0.5326 (Gen: 3.4270, Adv: 0.5326) | Perplexity: 29.34 (train) / 30.78 (val) | Token Acc: 1.46% (train) / 0.81% (val) | LR: 1.00e-06
Epoch 210/400: Total Loss: 1.0605 | Generator Loss: 3.3796 | Adversarial Loss: 1.0605 | Valid Loss: 0.5436 (Gen: 3.4270, Adv: 0.5436) | Perplexity: 29.36 (train) / 30.78 (val) | Token Acc: 1.35% (train) / 0.81% (val) | LR: 1.00e-06
Epoch 211/400: Total Loss: 1.0488 | Generator Loss: 3.3799 | Adversarial Loss: 1.0488 | Valid Loss: 0.5433 (Gen: 3.4270, Adv: 0.5433) | Perplexity: 29.37 (train) / 30.78 (val) | Token Acc: 1.46% (train) / 0.81% (val) | LR: 1.00e-06
Epoch 212/400: Total Loss: 1.0447 | Generator Loss: 3.3791 | Adversarial Loss: 1.0447 | Valid Loss: 0.5443 (Gen: 3.4270, Adv: 0.5443) | Perplexity: 29.34 (train) / 30.78 (val) | Token Acc: 1.44% (train) / 0.81% (val) | LR: 1.00e-06
Epoch 213/400: Total Loss: 1.0595 | Generator Loss: 3.3790 | Adversarial Loss: 1.0595 | Valid Loss: 0.5686 (Gen: 3.4270, Adv: 0.5686) | Perplexity: 29.34 (train) / 30.78 (val) | Token Acc: 1.53% (train) / 0.81% (val) | LR: 1.00e-06
Epoch 214/400: Total Loss: 1.0904 | Generator Loss: 3.3797 | Adversarial Loss: 1.0904 | Valid Loss: 0.5036 (Gen: 3.4270, Adv: 0.5036) | Perplexity: 29.36 (train) / 30.78 (val) | Token Acc: 1.41% (train) / 0.81% (val) | LR: 1.00e-06
Epoch 215/400: Total Loss: 1.0594 | Generator Loss: 3.3797 | Adversarial Loss: 1.0594 | Valid Loss: 0.5422 (Gen: 3.4270, Adv: 0.5422) | Perplexity: 29.36 (train) / 30.78 (val) | Token Acc: 1.43% (train) / 0.81% (val) | LR: 1.00e-06
Epoch 216/400: Total Loss: 1.0563 | Generator Loss: 3.3789 | Adversarial Loss: 1.0563 | Valid Loss: 0.5234 (Gen: 3.4270, Adv: 0.5234) | Perplexity: 29.34 (train) / 30.78 (val) | Token Acc: 1.49% (train) / 0.81% (val) | LR: 1.00e-06
Epoch 217/400: Total Loss: 1.0596 | Generator Loss: 3.3792 | Adversarial Loss: 1.0596 | Valid Loss: 0.5279 (Gen: 3.4270, Adv: 0.5279) | Perplexity: 29.35 (train) / 30.78 (val) | Token Acc: 1.49% (train) / 0.81% (val) | LR: 1.00e-06
Epoch 218/400: Total Loss: 1.0625 | Generator Loss: 3.3798 | Adversarial Loss: 1.0625 | Valid Loss: 0.5491 (Gen: 3.4270, Adv: 0.5491) | Perplexity: 29.36 (train) / 30.78 (val) | Token Acc: 1.51% (train) / 0.81% (val) | LR: 1.00e-06
Epoch 219/400: Total Loss: 1.0593 | Generator Loss: 3.3794 | Adversarial Loss: 1.0593 | Valid Loss: 0.5446 (Gen: 3.4270, Adv: 0.5446) | Perplexity: 29.35 (train) / 30.78 (val) | Token Acc: 1.42% (train) / 0.81% (val) | LR: 1.00e-06
Epoch 220/400: Total Loss: 1.0731 | Generator Loss: 3.3789 | Adversarial Loss: 1.0731 | Valid Loss: 0.5677 (Gen: 3.4270, Adv: 0.5677) | Perplexity: 29.34 (train) / 30.78 (val) | Token Acc: 1.43% (train) / 0.81% (val) | LR: 1.00e-06
Epoch 221/400: Total Loss: 1.0651 | Generator Loss: 3.3790 | Adversarial Loss: 1.0651 | Valid Loss: 0.5659 (Gen: 3.4270, Adv: 0.5659) | Perplexity: 29.34 (train) / 30.78 (val) | Token Acc: 1.51% (train) / 0.81% (val) | LR: 1.00e-06
Epoch 222/400: Total Loss: 1.0663 | Generator Loss: 3.3797 | Adversarial Loss: 1.0663 | Valid Loss: 0.5270 (Gen: 3.4270, Adv: 0.5270) | Perplexity: 29.36 (train) / 30.78 (val) | Token Acc: 1.46% (train) / 0.81% (val) | LR: 1.00e-06
Epoch 223/400: Total Loss: 1.0510 | Generator Loss: 3.3781 | Adversarial Loss: 1.0510 | Valid Loss: 0.5702 (Gen: 3.4270, Adv: 0.5702) | Perplexity: 29.31 (train) / 30.78 (val) | Token Acc: 1.41% (train) / 0.81% (val) | LR: 1.00e-06
Epoch 224/400: Total Loss: 1.0632 | Generator Loss: 3.3791 | Adversarial Loss: 1.0632 | Valid Loss: 0.5262 (Gen: 3.4270, Adv: 0.5262) | Perplexity: 29.34 (train) / 30.78 (val) | Token Acc: 1.52% (train) / 0.81% (val) | LR: 1.00e-06
Epoch 225/400: Total Loss: 1.0634 | Generator Loss: 3.3794 | Adversarial Loss: 1.0634 | Valid Loss: 0.5370 (Gen: 3.4270, Adv: 0.5370) | Perplexity: 29.35 (train) / 30.78 (val) | Token Acc: 1.41% (train) / 0.81% (val) | LR: 1.00e-06
Epoch 226/400: Total Loss: 1.0725 | Generator Loss: 3.3792 | Adversarial Loss: 1.0725 | Valid Loss: 0.5230 (Gen: 3.4270, Adv: 0.5230) | Perplexity: 29.35 (train) / 30.78 (val) | Token Acc: 1.57% (train) / 0.81% (val) | LR: 1.00e-06
Epoch 227/400: Total Loss: 1.0552 | Generator Loss: 3.3791 | Adversarial Loss: 1.0552 | Valid Loss: 0.5221 (Gen: 3.4270, Adv: 0.5221) | Perplexity: 29.35 (train) / 30.78 (val) | Token Acc: 1.44% (train) / 0.81% (val) | LR: 1.00e-06
Epoch 228/400: Total Loss: 1.0491 | Generator Loss: 3.3805 | Adversarial Loss: 1.0491 | Valid Loss: 0.5686 (Gen: 3.4270, Adv: 0.5686) | Perplexity: 29.39 (train) / 30.78 (val) | Token Acc: 1.47% (train) / 0.81% (val) | LR: 1.00e-06
Epoch 229/400: Total Loss: 1.0408 | Generator Loss: 3.3790 | Adversarial Loss: 1.0408 | Valid Loss: 0.5214 (Gen: 3.4270, Adv: 0.5214) | Perplexity: 29.34 (train) / 30.78 (val) | Token Acc: 1.39% (train) / 0.81% (val) | LR: 1.00e-06
Epoch 230/400: Total Loss: 1.0558 | Generator Loss: 3.3797 | Adversarial Loss: 1.0558 | Valid Loss: 0.5187 (Gen: 3.4270, Adv: 0.5187) | Perplexity: 29.36 (train) / 30.78 (val) | Token Acc: 1.46% (train) / 0.81% (val) | LR: 1.00e-06
Epoch 231/400: Total Loss: 1.0681 | Generator Loss: 3.3786 | Adversarial Loss: 1.0681 | Valid Loss: 0.5802 (Gen: 3.4270, Adv: 0.5802) | Perplexity: 29.33 (train) / 30.78 (val) | Token Acc: 1.49% (train) / 0.81% (val) | LR: 1.00e-06
Epoch 232/400: Total Loss: 1.0567 | Generator Loss: 3.3791 | Adversarial Loss: 1.0567 | Valid Loss: 0.5763 (Gen: 3.4270, Adv: 0.5763) | Perplexity: 29.34 (train) / 30.78 (val) | Token Acc: 1.47% (train) / 0.81% (val) | LR: 1.00e-06
Epoch 233/400: Total Loss: 1.0533 | Generator Loss: 3.3785 | Adversarial Loss: 1.0533 | Valid Loss: 0.5268 (Gen: 3.4270, Adv: 0.5268) | Perplexity: 29.33 (train) / 30.78 (val) | Token Acc: 1.43% (train) / 0.81% (val) | LR: 1.00e-06
Epoch 234/400: Total Loss: 1.0583 | Generator Loss: 3.3786 | Adversarial Loss: 1.0583 | Valid Loss: 0.5395 (Gen: 3.4270, Adv: 0.5395) | Perplexity: 29.33 (train) / 30.78 (val) | Token Acc: 1.45% (train) / 0.81% (val) | LR: 1.00e-06
Epoch 235/400: Total Loss: 1.0716 | Generator Loss: 3.3791 | Adversarial Loss: 1.0716 | Valid Loss: 0.5389 (Gen: 3.4270, Adv: 0.5389) | Perplexity: 29.34 (train) / 30.78 (val) | Token Acc: 1.46% (train) / 0.81% (val) | LR: 1.00e-06
Epoch 236/400: Total Loss: 1.0487 | Generator Loss: 3.3795 | Adversarial Loss: 1.0487 | Valid Loss: 0.5435 (Gen: 3.4270, Adv: 0.5435) | Perplexity: 29.36 (train) / 30.78 (val) | Token Acc: 1.47% (train) / 0.81% (val) | LR: 1.00e-06
Epoch 237/400: Total Loss: 1.0384 | Generator Loss: 3.3793 | Adversarial Loss: 1.0384 | Valid Loss: 0.5267 (Gen: 3.4270, Adv: 0.5267) | Perplexity: 29.35 (train) / 30.78 (val) | Token Acc: 1.45% (train) / 0.81% (val) | LR: 1.00e-06
Epoch 238/400: Total Loss: 1.0485 | Generator Loss: 3.3783 | Adversarial Loss: 1.0485 | Valid Loss: 0.5588 (Gen: 3.4270, Adv: 0.5588) | Perplexity: 29.32 (train) / 30.78 (val) | Token Acc: 1.56% (train) / 0.81% (val) | LR: 1.00e-06
Epoch 239/400: Total Loss: 1.0639 | Generator Loss: 3.3793 | Adversarial Loss: 1.0639 | Valid Loss: 0.5387 (Gen: 3.4270, Adv: 0.5387) | Perplexity: 29.35 (train) / 30.78 (val) | Token Acc: 1.47% (train) / 0.81% (val) | LR: 1.00e-06
Epoch 240/400: Total Loss: 1.0484 | Generator Loss: 3.3805 | Adversarial Loss: 1.0484 | Valid Loss: 0.5672 (Gen: 3.4270, Adv: 0.5672) | Perplexity: 29.39 (train) / 30.78 (val) | Token Acc: 1.51% (train) / 0.81% (val) | LR: 1.00e-06
Epoch 241/400: Total Loss: 1.0739 | Generator Loss: 3.3799 | Adversarial Loss: 1.0739 | Valid Loss: 0.5408 (Gen: 3.4270, Adv: 0.5408) | Perplexity: 29.37 (train) / 30.78 (val) | Token Acc: 1.58% (train) / 0.81% (val) | LR: 1.00e-06
Epoch 242/400: Total Loss: 1.0493 | Generator Loss: 3.3791 | Adversarial Loss: 1.0493 | Valid Loss: 0.5435 (Gen: 3.4270, Adv: 0.5435) | Perplexity: 29.35 (train) / 30.78 (val) | Token Acc: 1.49% (train) / 0.81% (val) | LR: 1.00e-06
Epoch 243/400: Total Loss: 1.0716 | Generator Loss: 3.3796 | Adversarial Loss: 1.0716 | Valid Loss: 0.5558 (Gen: 3.4270, Adv: 0.5558) | Perplexity: 29.36 (train) / 30.78 (val) | Token Acc: 1.36% (train) / 0.81% (val) | LR: 1.00e-06
Epoch 244/400: Total Loss: 1.0703 | Generator Loss: 3.3796 | Adversarial Loss: 1.0703 | Valid Loss: 0.5378 (Gen: 3.4270, Adv: 0.5378) | Perplexity: 29.36 (train) / 30.78 (val) | Token Acc: 1.45% (train) / 0.81% (val) | LR: 1.00e-06
Epoch 245/400: Total Loss: 1.0780 | Generator Loss: 3.3791 | Adversarial Loss: 1.0780 | Valid Loss: 0.5399 (Gen: 3.4270, Adv: 0.5399) | Perplexity: 29.34 (train) / 30.78 (val) | Token Acc: 1.42% (train) / 0.81% (val) | LR: 1.00e-06
Epoch 246/400: Total Loss: 1.0507 | Generator Loss: 3.3796 | Adversarial Loss: 1.0507 | Valid Loss: 0.5398 (Gen: 3.4270, Adv: 0.5398) | Perplexity: 29.36 (train) / 30.78 (val) | Token Acc: 1.43% (train) / 0.81% (val) | LR: 1.00e-06
Epoch 247/400: Total Loss: 1.0620 | Generator Loss: 3.3788 | Adversarial Loss: 1.0620 | Valid Loss: 0.5114 (Gen: 3.4270, Adv: 0.5114) | Perplexity: 29.33 (train) / 30.78 (val) | Token Acc: 1.46% (train) / 0.81% (val) | LR: 1.00e-06
Epoch 248/400: Total Loss: 1.0719 | Generator Loss: 3.3794 | Adversarial Loss: 1.0719 | Valid Loss: 0.5443 (Gen: 3.4270, Adv: 0.5443) | Perplexity: 29.35 (train) / 30.78 (val) | Token Acc: 1.39% (train) / 0.81% (val) | LR: 1.00e-06
Epoch 249/400: Total Loss: 1.0545 | Generator Loss: 3.3791 | Adversarial Loss: 1.0545 | Valid Loss: 0.5655 (Gen: 3.4270, Adv: 0.5655) | Perplexity: 29.34 (train) / 30.78 (val) | Token Acc: 1.49% (train) / 0.81% (val) | LR: 1.00e-06
Epoch 250/400: Total Loss: 1.0588 | Generator Loss: 3.3787 | Adversarial Loss: 1.0588 | Valid Loss: 0.5282 (Gen: 3.4270, Adv: 0.5282) | Perplexity: 29.33 (train) / 30.78 (val) | Token Acc: 1.46% (train) / 0.81% (val) | LR: 1.00e-06
Epoch 251/400: Total Loss: 1.0484 | Generator Loss: 3.3791 | Adversarial Loss: 1.0484 | Valid Loss: 0.5115 (Gen: 3.4270, Adv: 0.5115) | Perplexity: 29.34 (train) / 30.78 (val) | Token Acc: 1.45% (train) / 0.81% (val) | LR: 1.00e-06
Epoch 252/400: Total Loss: 1.0500 | Generator Loss: 3.3790 | Adversarial Loss: 1.0500 | Valid Loss: 0.5498 (Gen: 3.4270, Adv: 0.5498) | Perplexity: 29.34 (train) / 30.78 (val) | Token Acc: 1.42% (train) / 0.81% (val) | LR: 1.00e-06
Epoch 253/400: Total Loss: 1.0595 | Generator Loss: 3.3776 | Adversarial Loss: 1.0595 | Valid Loss: 0.5436 (Gen: 3.4270, Adv: 0.5436) | Perplexity: 29.30 (train) / 30.78 (val) | Token Acc: 1.44% (train) / 0.81% (val) | LR: 1.00e-06
Epoch 254/400: Total Loss: 1.0600 | Generator Loss: 3.3789 | Adversarial Loss: 1.0600 | Valid Loss: 0.5098 (Gen: 3.4270, Adv: 0.5098) | Perplexity: 29.34 (train) / 30.78 (val) | Token Acc: 1.39% (train) / 0.81% (val) | LR: 1.00e-06
Epoch 255/400: Total Loss: 1.0866 | Generator Loss: 3.3789 | Adversarial Loss: 1.0866 | Valid Loss: 0.5391 (Gen: 3.4270, Adv: 0.5391) | Perplexity: 29.34 (train) / 30.78 (val) | Token Acc: 1.48% (train) / 0.81% (val) | LR: 1.00e-06
Epoch 256/400: Total Loss: 1.0577 | Generator Loss: 3.3794 | Adversarial Loss: 1.0577 | Valid Loss: 0.5516 (Gen: 3.4270, Adv: 0.5516) | Perplexity: 29.35 (train) / 30.78 (val) | Token Acc: 1.40% (train) / 0.81% (val) | LR: 1.00e-06
Epoch 257/400: Total Loss: 1.0693 | Generator Loss: 3.3793 | Adversarial Loss: 1.0693 | Valid Loss: 0.5650 (Gen: 3.4270, Adv: 0.5650) | Perplexity: 29.35 (train) / 30.78 (val) | Token Acc: 1.41% (train) / 0.81% (val) | LR: 1.00e-06
Epoch 258/400: Total Loss: 1.0487 | Generator Loss: 3.3794 | Adversarial Loss: 1.0487 | Valid Loss: 0.5408 (Gen: 3.4270, Adv: 0.5408) | Perplexity: 29.35 (train) / 30.78 (val) | Token Acc: 1.42% (train) / 0.81% (val) | LR: 1.00e-06
Epoch 259/400: Total Loss: 1.0495 | Generator Loss: 3.3794 | Adversarial Loss: 1.0495 | Valid Loss: 0.5405 (Gen: 3.4270, Adv: 0.5405) | Perplexity: 29.35 (train) / 30.78 (val) | Token Acc: 1.43% (train) / 0.81% (val) | LR: 1.00e-06
Epoch 260/400: Total Loss: 1.0731 | Generator Loss: 3.3789 | Adversarial Loss: 1.0731 | Valid Loss: 0.5578 (Gen: 3.4270, Adv: 0.5578) | Perplexity: 29.34 (train) / 30.78 (val) | Token Acc: 1.38% (train) / 0.81% (val) | LR: 1.00e-06
Epoch 261/400: Total Loss: 1.0659 | Generator Loss: 3.3796 | Adversarial Loss: 1.0659 | Valid Loss: 0.5416 (Gen: 3.4270, Adv: 0.5416) | Perplexity: 29.36 (train) / 30.78 (val) | Token Acc: 1.37% (train) / 0.81% (val) | LR: 1.00e-06
Epoch 262/400: Total Loss: 1.0657 | Generator Loss: 3.3793 | Adversarial Loss: 1.0657 | Valid Loss: 0.5373 (Gen: 3.4270, Adv: 0.5373) | Perplexity: 29.35 (train) / 30.78 (val) | Token Acc: 1.43% (train) / 0.81% (val) | LR: 1.00e-06
Epoch 263/400: Total Loss: 1.0510 | Generator Loss: 3.3795 | Adversarial Loss: 1.0510 | Valid Loss: 0.5428 (Gen: 3.4270, Adv: 0.5428) | Perplexity: 29.36 (train) / 30.78 (val) | Token Acc: 1.43% (train) / 0.81% (val) | LR: 1.00e-06
Epoch 264/400: Total Loss: 1.0788 | Generator Loss: 3.3783 | Adversarial Loss: 1.0788 | Valid Loss: 0.5393 (Gen: 3.4270, Adv: 0.5393) | Perplexity: 29.32 (train) / 30.78 (val) | Token Acc: 1.39% (train) / 0.81% (val) | LR: 1.00e-06
Epoch 265/400: Total Loss: 1.0654 | Generator Loss: 3.3798 | Adversarial Loss: 1.0654 | Valid Loss: 0.5230 (Gen: 3.4270, Adv: 0.5230) | Perplexity: 29.37 (train) / 30.78 (val) | Token Acc: 1.44% (train) / 0.81% (val) | LR: 1.00e-06
Epoch 266/400: Total Loss: 1.0326 | Generator Loss: 3.3797 | Adversarial Loss: 1.0326 | Valid Loss: 0.5208 (Gen: 3.4270, Adv: 0.5208) | Perplexity: 29.36 (train) / 30.78 (val) | Token Acc: 1.50% (train) / 0.81% (val) | LR: 1.00e-06
Epoch 267/400: Total Loss: 1.0531 | Generator Loss: 3.3785 | Adversarial Loss: 1.0531 | Valid Loss: 0.5294 (Gen: 3.4270, Adv: 0.5294) | Perplexity: 29.33 (train) / 30.78 (val) | Token Acc: 1.48% (train) / 0.81% (val) | LR: 1.00e-06
Epoch 268/400: Total Loss: 1.0496 | Generator Loss: 3.3794 | Adversarial Loss: 1.0496 | Valid Loss: 0.5342 (Gen: 3.4270, Adv: 0.5342) | Perplexity: 29.35 (train) / 30.78 (val) | Token Acc: 1.46% (train) / 0.81% (val) | LR: 1.00e-06
Epoch 269/400: Total Loss: 1.0663 | Generator Loss: 3.3789 | Adversarial Loss: 1.0663 | Valid Loss: 0.6039 (Gen: 3.4270, Adv: 0.6039) | Perplexity: 29.34 (train) / 30.78 (val) | Token Acc: 1.53% (train) / 0.81% (val) | LR: 1.00e-06
Epoch 270/400: Total Loss: 1.0516 | Generator Loss: 3.3795 | Adversarial Loss: 1.0516 | Valid Loss: 0.5218 (Gen: 3.4270, Adv: 0.5218) | Perplexity: 29.36 (train) / 30.78 (val) | Token Acc: 1.47% (train) / 0.81% (val) | LR: 1.00e-06
Epoch 271/400: Total Loss: 1.0690 | Generator Loss: 3.3789 | Adversarial Loss: 1.0690 | Valid Loss: 0.5199 (Gen: 3.4270, Adv: 0.5199) | Perplexity: 29.34 (train) / 30.78 (val) | Token Acc: 1.45% (train) / 0.81% (val) | LR: 1.00e-06
Epoch 272/400: Total Loss: 1.0431 | Generator Loss: 3.3789 | Adversarial Loss: 1.0431 | Valid Loss: 0.5538 (Gen: 3.4270, Adv: 0.5538) | Perplexity: 29.34 (train) / 30.78 (val) | Token Acc: 1.35% (train) / 0.81% (val) | LR: 1.00e-06
Epoch 273/400: Total Loss: 1.0364 | Generator Loss: 3.3791 | Adversarial Loss: 1.0364 | Valid Loss: 0.5390 (Gen: 3.4270, Adv: 0.5390) | Perplexity: 29.34 (train) / 30.78 (val) | Token Acc: 1.42% (train) / 0.81% (val) | LR: 1.00e-06
Epoch 274/400: Total Loss: 1.0605 | Generator Loss: 3.3793 | Adversarial Loss: 1.0605 | Valid Loss: 0.6227 (Gen: 3.4270, Adv: 0.6227) | Perplexity: 29.35 (train) / 30.78 (val) | Token Acc: 1.40% (train) / 0.81% (val) | LR: 1.00e-06
Epoch 275/400: Total Loss: 1.0779 | Generator Loss: 3.3794 | Adversarial Loss: 1.0779 | Valid Loss: 0.5240 (Gen: 3.4270, Adv: 0.5240) | Perplexity: 29.35 (train) / 30.78 (val) | Token Acc: 1.49% (train) / 0.81% (val) | LR: 1.00e-06
Epoch 276/400: Total Loss: 1.0501 | Generator Loss: 3.3789 | Adversarial Loss: 1.0501 | Valid Loss: 0.5172 (Gen: 3.4270, Adv: 0.5172) | Perplexity: 29.34 (train) / 30.78 (val) | Token Acc: 1.44% (train) / 0.81% (val) | LR: 1.00e-06
Epoch 277/400: Total Loss: 1.0676 | Generator Loss: 3.3794 | Adversarial Loss: 1.0676 | Valid Loss: 0.5517 (Gen: 3.4270, Adv: 0.5517) | Perplexity: 29.35 (train) / 30.78 (val) | Token Acc: 1.47% (train) / 0.81% (val) | LR: 1.00e-06
Epoch 278/400: Total Loss: 1.0537 | Generator Loss: 3.3792 | Adversarial Loss: 1.0537 | Valid Loss: 0.5692 (Gen: 3.4270, Adv: 0.5692) | Perplexity: 29.35 (train) / 30.78 (val) | Token Acc: 1.42% (train) / 0.81% (val) | LR: 1.00e-06
Epoch 279/400: Total Loss: 1.0481 | Generator Loss: 3.3799 | Adversarial Loss: 1.0481 | Valid Loss: 0.5739 (Gen: 3.4270, Adv: 0.5739) | Perplexity: 29.37 (train) / 30.78 (val) | Token Acc: 1.43% (train) / 0.81% (val) | LR: 1.00e-06
Epoch 280/400: Total Loss: 1.0724 | Generator Loss: 3.3800 | Adversarial Loss: 1.0724 | Valid Loss: 0.5845 (Gen: 3.4270, Adv: 0.5845) | Perplexity: 29.37 (train) / 30.78 (val) | Token Acc: 1.45% (train) / 0.81% (val) | LR: 1.00e-06
Epoch 281/400: Total Loss: 1.0666 | Generator Loss: 3.3793 | Adversarial Loss: 1.0666 | Valid Loss: 0.5732 (Gen: 3.4270, Adv: 0.5732) | Perplexity: 29.35 (train) / 30.78 (val) | Token Acc: 1.36% (train) / 0.81% (val) | LR: 1.00e-06
Epoch 282/400: Total Loss: 1.0580 | Generator Loss: 3.3792 | Adversarial Loss: 1.0580 | Valid Loss: 0.5084 (Gen: 3.4270, Adv: 0.5084) | Perplexity: 29.35 (train) / 30.78 (val) | Token Acc: 1.48% (train) / 0.81% (val) | LR: 1.00e-06
Epoch 283/400: Total Loss: 1.0568 | Generator Loss: 3.3786 | Adversarial Loss: 1.0568 | Valid Loss: 0.5250 (Gen: 3.4270, Adv: 0.5250) | Perplexity: 29.33 (train) / 30.78 (val) | Token Acc: 1.57% (train) / 0.81% (val) | LR: 1.00e-06
Epoch 284/400: Total Loss: 1.0581 | Generator Loss: 3.3785 | Adversarial Loss: 1.0581 | Valid Loss: 0.5091 (Gen: 3.4270, Adv: 0.5091) | Perplexity: 29.33 (train) / 30.78 (val) | Token Acc: 1.45% (train) / 0.81% (val) | LR: 1.00e-06
Epoch 285/400: Total Loss: 1.0624 | Generator Loss: 3.3801 | Adversarial Loss: 1.0624 | Valid Loss: 0.5307 (Gen: 3.4270, Adv: 0.5307) | Perplexity: 29.37 (train) / 30.78 (val) | Token Acc: 1.48% (train) / 0.81% (val) | LR: 1.00e-06
Epoch 286/400: Total Loss: 1.0552 | Generator Loss: 3.3786 | Adversarial Loss: 1.0552 | Valid Loss: 0.5679 (Gen: 3.4270, Adv: 0.5679) | Perplexity: 29.33 (train) / 30.78 (val) | Token Acc: 1.46% (train) / 0.81% (val) | LR: 1.00e-06
Epoch 287/400: Total Loss: 1.0403 | Generator Loss: 3.3788 | Adversarial Loss: 1.0403 | Valid Loss: 0.5480 (Gen: 3.4270, Adv: 0.5480) | Perplexity: 29.34 (train) / 30.78 (val) | Token Acc: 1.37% (train) / 0.81% (val) | LR: 1.00e-06
Epoch 288/400: Total Loss: 1.0527 | Generator Loss: 3.3788 | Adversarial Loss: 1.0527 | Valid Loss: 0.5379 (Gen: 3.4270, Adv: 0.5379) | Perplexity: 29.34 (train) / 30.78 (val) | Token Acc: 1.38% (train) / 0.81% (val) | LR: 1.00e-06
Epoch 289/400: Total Loss: 1.0539 | Generator Loss: 3.3790 | Adversarial Loss: 1.0539 | Valid Loss: 0.5576 (Gen: 3.4270, Adv: 0.5576) | Perplexity: 29.34 (train) / 30.78 (val) | Token Acc: 1.39% (train) / 0.81% (val) | LR: 1.00e-06
Epoch 290/400: Total Loss: 1.0658 | Generator Loss: 3.3790 | Adversarial Loss: 1.0658 | Valid Loss: 0.5860 (Gen: 3.4270, Adv: 0.5860) | Perplexity: 29.34 (train) / 30.78 (val) | Token Acc: 1.51% (train) / 0.81% (val) | LR: 1.00e-06
Epoch 291/400: Total Loss: 1.0536 | Generator Loss: 3.3790 | Adversarial Loss: 1.0536 | Valid Loss: 0.5174 (Gen: 3.4270, Adv: 0.5174) | Perplexity: 29.34 (train) / 30.78 (val) | Token Acc: 1.48% (train) / 0.81% (val) | LR: 1.00e-06
Epoch 292/400: Total Loss: 1.0633 | Generator Loss: 3.3791 | Adversarial Loss: 1.0633 | Valid Loss: 0.5524 (Gen: 3.4270, Adv: 0.5524) | Perplexity: 29.34 (train) / 30.78 (val) | Token Acc: 1.44% (train) / 0.81% (val) | LR: 1.00e-06
Epoch 293/400: Total Loss: 1.0699 | Generator Loss: 3.3792 | Adversarial Loss: 1.0699 | Valid Loss: 0.5091 (Gen: 3.4270, Adv: 0.5091) | Perplexity: 29.35 (train) / 30.78 (val) | Token Acc: 1.44% (train) / 0.81% (val) | LR: 1.00e-06
Epoch 294/400: Total Loss: 1.0727 | Generator Loss: 3.3788 | Adversarial Loss: 1.0727 | Valid Loss: 0.5584 (Gen: 3.4270, Adv: 0.5584) | Perplexity: 29.33 (train) / 30.78 (val) | Token Acc: 1.37% (train) / 0.81% (val) | LR: 1.00e-06
Epoch 295/400: Total Loss: 1.0509 | Generator Loss: 3.3782 | Adversarial Loss: 1.0509 | Valid Loss: 0.5217 (Gen: 3.4270, Adv: 0.5217) | Perplexity: 29.32 (train) / 30.78 (val) | Token Acc: 1.49% (train) / 0.81% (val) | LR: 1.00e-06
Epoch 296/400: Total Loss: 1.0625 | Generator Loss: 3.3794 | Adversarial Loss: 1.0625 | Valid Loss: 0.5617 (Gen: 3.4270, Adv: 0.5617) | Perplexity: 29.35 (train) / 30.78 (val) | Token Acc: 1.46% (train) / 0.81% (val) | LR: 1.00e-06
Epoch 297/400: Total Loss: 1.0752 | Generator Loss: 3.3796 | Adversarial Loss: 1.0752 | Valid Loss: 0.5285 (Gen: 3.4270, Adv: 0.5285) | Perplexity: 29.36 (train) / 30.78 (val) | Token Acc: 1.47% (train) / 0.81% (val) | LR: 1.00e-06
Epoch 298/400: Total Loss: 1.0472 | Generator Loss: 3.3795 | Adversarial Loss: 1.0472 | Valid Loss: 0.5537 (Gen: 3.4270, Adv: 0.5537) | Perplexity: 29.36 (train) / 30.78 (val) | Token Acc: 1.39% (train) / 0.81% (val) | LR: 1.00e-06
Epoch 299/400: Total Loss: 1.0683 | Generator Loss: 3.3801 | Adversarial Loss: 1.0683 | Valid Loss: 0.5433 (Gen: 3.4270, Adv: 0.5433) | Perplexity: 29.37 (train) / 30.78 (val) | Token Acc: 1.42% (train) / 0.81% (val) | LR: 1.00e-06
Epoch 300/400: Total Loss: 1.0553 | Generator Loss: 3.3792 | Adversarial Loss: 1.0553 | Valid Loss: 0.5149 (Gen: 3.4270, Adv: 0.5149) | Perplexity: 29.35 (train) / 30.78 (val) | Token Acc: 1.49% (train) / 0.81% (val) | LR: 1.00e-06
Epoch 301/400: Total Loss: 1.0662 | Generator Loss: 3.3786 | Adversarial Loss: 1.0662 | Valid Loss: 0.5325 (Gen: 3.4270, Adv: 0.5325) | Perplexity: 29.33 (train) / 30.78 (val) | Token Acc: 1.38% (train) / 0.81% (val) | LR: 1.00e-06
Epoch 302/400: Total Loss: 1.0598 | Generator Loss: 3.3797 | Adversarial Loss: 1.0598 | Valid Loss: 0.5199 (Gen: 3.4270, Adv: 0.5199) | Perplexity: 29.36 (train) / 30.78 (val) | Token Acc: 1.40% (train) / 0.81% (val) | LR: 1.00e-06
Epoch 303/400: Total Loss: 1.0639 | Generator Loss: 3.3796 | Adversarial Loss: 1.0639 | Valid Loss: 0.5532 (Gen: 3.4270, Adv: 0.5532) | Perplexity: 29.36 (train) / 30.78 (val) | Token Acc: 1.50% (train) / 0.81% (val) | LR: 1.00e-06
Epoch 304/400: Total Loss: 1.0695 | Generator Loss: 3.3797 | Adversarial Loss: 1.0695 | Valid Loss: 0.5427 (Gen: 3.4270, Adv: 0.5427) | Perplexity: 29.36 (train) / 30.78 (val) | Token Acc: 1.46% (train) / 0.81% (val) | LR: 1.00e-06
Epoch 305/400: Total Loss: 1.0390 | Generator Loss: 3.3787 | Adversarial Loss: 1.0390 | Valid Loss: 0.5624 (Gen: 3.4270, Adv: 0.5624) | Perplexity: 29.33 (train) / 30.78 (val) | Token Acc: 1.46% (train) / 0.81% (val) | LR: 1.00e-06
Epoch 306/400: Total Loss: 1.0670 | Generator Loss: 3.3787 | Adversarial Loss: 1.0670 | Valid Loss: 0.5198 (Gen: 3.4270, Adv: 0.5198) | Perplexity: 29.33 (train) / 30.78 (val) | Token Acc: 1.45% (train) / 0.81% (val) | LR: 1.00e-06
Epoch 307/400: Total Loss: 1.0529 | Generator Loss: 3.3788 | Adversarial Loss: 1.0529 | Valid Loss: 0.5666 (Gen: 3.4270, Adv: 0.5666) | Perplexity: 29.33 (train) / 30.78 (val) | Token Acc: 1.43% (train) / 0.81% (val) | LR: 1.00e-06
Epoch 308/400: Total Loss: 1.0693 | Generator Loss: 3.3792 | Adversarial Loss: 1.0693 | Valid Loss: 0.5591 (Gen: 3.4270, Adv: 0.5591) | Perplexity: 29.35 (train) / 30.78 (val) | Token Acc: 1.45% (train) / 0.81% (val) | LR: 1.00e-06
Epoch 309/400: Total Loss: 1.0715 | Generator Loss: 3.3802 | Adversarial Loss: 1.0715 | Valid Loss: 0.5554 (Gen: 3.4270, Adv: 0.5554) | Perplexity: 29.38 (train) / 30.78 (val) | Token Acc: 1.50% (train) / 0.81% (val) | LR: 1.00e-06
Epoch 310/400: Total Loss: 1.0580 | Generator Loss: 3.3794 | Adversarial Loss: 1.0580 | Valid Loss: 0.5501 (Gen: 3.4270, Adv: 0.5501) | Perplexity: 29.35 (train) / 30.78 (val) | Token Acc: 1.43% (train) / 0.81% (val) | LR: 1.00e-06
Epoch 311/400: Total Loss: 1.0615 | Generator Loss: 3.3794 | Adversarial Loss: 1.0615 | Valid Loss: 0.5663 (Gen: 3.4270, Adv: 0.5663) | Perplexity: 29.35 (train) / 30.78 (val) | Token Acc: 1.37% (train) / 0.81% (val) | LR: 1.00e-06
Epoch 312/400: Total Loss: 1.0588 | Generator Loss: 3.3795 | Adversarial Loss: 1.0588 | Valid Loss: 0.5300 (Gen: 3.4270, Adv: 0.5300) | Perplexity: 29.36 (train) / 30.78 (val) | Token Acc: 1.43% (train) / 0.81% (val) | LR: 1.00e-06
Epoch 313/400: Total Loss: 1.0743 | Generator Loss: 3.3788 | Adversarial Loss: 1.0743 | Valid Loss: 0.5370 (Gen: 3.4270, Adv: 0.5370) | Perplexity: 29.34 (train) / 30.78 (val) | Token Acc: 1.40% (train) / 0.81% (val) | LR: 1.00e-06
Epoch 314/400: Total Loss: 1.0607 | Generator Loss: 3.3789 | Adversarial Loss: 1.0607 | Valid Loss: 0.5488 (Gen: 3.4270, Adv: 0.5488) | Perplexity: 29.34 (train) / 30.78 (val) | Token Acc: 1.38% (train) / 0.81% (val) | LR: 1.00e-06
Epoch 315/400: Total Loss: 1.0622 | Generator Loss: 3.3785 | Adversarial Loss: 1.0622 | Valid Loss: 0.5463 (Gen: 3.4270, Adv: 0.5463) | Perplexity: 29.33 (train) / 30.78 (val) | Token Acc: 1.40% (train) / 0.81% (val) | LR: 1.00e-06
Epoch 316/400: Total Loss: 1.0645 | Generator Loss: 3.3798 | Adversarial Loss: 1.0645 | Valid Loss: 0.5334 (Gen: 3.4270, Adv: 0.5334) | Perplexity: 29.37 (train) / 30.78 (val) | Token Acc: 1.45% (train) / 0.81% (val) | LR: 1.00e-06
Epoch 317/400: Total Loss: 1.0577 | Generator Loss: 3.3780 | Adversarial Loss: 1.0577 | Valid Loss: 0.5061 (Gen: 3.4270, Adv: 0.5061) | Perplexity: 29.31 (train) / 30.78 (val) | Token Acc: 1.54% (train) / 0.81% (val) | LR: 1.00e-06
Epoch 318/400: Total Loss: 1.0681 | Generator Loss: 3.3794 | Adversarial Loss: 1.0681 | Valid Loss: 0.5638 (Gen: 3.4270, Adv: 0.5638) | Perplexity: 29.35 (train) / 30.78 (val) | Token Acc: 1.42% (train) / 0.81% (val) | LR: 1.00e-06
Epoch 319/400: Total Loss: 1.0588 | Generator Loss: 3.3794 | Adversarial Loss: 1.0588 | Valid Loss: 0.5521 (Gen: 3.4270, Adv: 0.5521) | Perplexity: 29.35 (train) / 30.78 (val) | Token Acc: 1.40% (train) / 0.81% (val) | LR: 1.00e-06
Epoch 320/400: Total Loss: 1.0531 | Generator Loss: 3.3784 | Adversarial Loss: 1.0531 | Valid Loss: 0.5407 (Gen: 3.4270, Adv: 0.5407) | Perplexity: 29.32 (train) / 30.78 (val) | Token Acc: 1.43% (train) / 0.81% (val) | LR: 1.00e-06
Epoch 321/400: Total Loss: 1.0701 | Generator Loss: 3.3802 | Adversarial Loss: 1.0701 | Valid Loss: 0.5401 (Gen: 3.4270, Adv: 0.5401) | Perplexity: 29.38 (train) / 30.78 (val) | Token Acc: 1.46% (train) / 0.81% (val) | LR: 1.00e-06
Epoch 322/400: Total Loss: 1.0589 | Generator Loss: 3.3795 | Adversarial Loss: 1.0589 | Valid Loss: 0.5385 (Gen: 3.4270, Adv: 0.5385) | Perplexity: 29.35 (train) / 30.78 (val) | Token Acc: 1.47% (train) / 0.81% (val) | LR: 1.00e-06
Epoch 323/400: Total Loss: 1.0589 | Generator Loss: 3.3789 | Adversarial Loss: 1.0589 | Valid Loss: 0.5465 (Gen: 3.4270, Adv: 0.5465) | Perplexity: 29.34 (train) / 30.78 (val) | Token Acc: 1.51% (train) / 0.81% (val) | LR: 1.00e-06
Epoch 324/400: Total Loss: 1.0590 | Generator Loss: 3.3797 | Adversarial Loss: 1.0590 | Valid Loss: 0.5573 (Gen: 3.4270, Adv: 0.5573) | Perplexity: 29.36 (train) / 30.78 (val) | Token Acc: 1.43% (train) / 0.81% (val) | LR: 1.00e-06
Epoch 325/400: Total Loss: 1.0626 | Generator Loss: 3.3778 | Adversarial Loss: 1.0626 | Valid Loss: 0.5209 (Gen: 3.4270, Adv: 0.5209) | Perplexity: 29.31 (train) / 30.78 (val) | Token Acc: 1.45% (train) / 0.81% (val) | LR: 1.00e-06
Epoch 326/400: Total Loss: 1.0550 | Generator Loss: 3.3784 | Adversarial Loss: 1.0550 | Valid Loss: 0.5469 (Gen: 3.4270, Adv: 0.5469) | Perplexity: 29.32 (train) / 30.78 (val) | Token Acc: 1.45% (train) / 0.81% (val) | LR: 1.00e-06
Epoch 327/400: Total Loss: 1.0646 | Generator Loss: 3.3788 | Adversarial Loss: 1.0646 | Valid Loss: 0.5120 (Gen: 3.4270, Adv: 0.5120) | Perplexity: 29.33 (train) / 30.78 (val) | Token Acc: 1.55% (train) / 0.81% (val) | LR: 1.00e-06
Epoch 328/400: Total Loss: 1.0552 | Generator Loss: 3.3799 | Adversarial Loss: 1.0552 | Valid Loss: 0.5603 (Gen: 3.4270, Adv: 0.5603) | Perplexity: 29.37 (train) / 30.78 (val) | Token Acc: 1.44% (train) / 0.81% (val) | LR: 1.00e-06
Epoch 329/400: Total Loss: 1.0498 | Generator Loss: 3.3784 | Adversarial Loss: 1.0498 | Valid Loss: 0.5335 (Gen: 3.4270, Adv: 0.5335) | Perplexity: 29.32 (train) / 30.78 (val) | Token Acc: 1.46% (train) / 0.81% (val) | LR: 1.00e-06
Epoch 330/400: Total Loss: 1.0519 | Generator Loss: 3.3791 | Adversarial Loss: 1.0519 | Valid Loss: 0.4991 (Gen: 3.4270, Adv: 0.4991) | Perplexity: 29.34 (train) / 30.78 (val) | Token Acc: 1.38% (train) / 0.81% (val) | LR: 1.00e-06
Epoch 331/400: Total Loss: 1.0537 | Generator Loss: 3.3784 | Adversarial Loss: 1.0537 | Valid Loss: 0.5149 (Gen: 3.4270, Adv: 0.5149) | Perplexity: 29.32 (train) / 30.78 (val) | Token Acc: 1.52% (train) / 0.81% (val) | LR: 1.00e-06
Epoch 332/400: Total Loss: 1.0682 | Generator Loss: 3.3799 | Adversarial Loss: 1.0682 | Valid Loss: 0.5534 (Gen: 3.4270, Adv: 0.5534) | Perplexity: 29.37 (train) / 30.78 (val) | Token Acc: 1.44% (train) / 0.81% (val) | LR: 1.00e-06
Epoch 333/400: Total Loss: 1.0501 | Generator Loss: 3.3791 | Adversarial Loss: 1.0501 | Valid Loss: 0.5489 (Gen: 3.4270, Adv: 0.5489) | Perplexity: 29.34 (train) / 30.78 (val) | Token Acc: 1.43% (train) / 0.81% (val) | LR: 1.00e-06
Epoch 334/400: Total Loss: 1.0683 | Generator Loss: 3.3789 | Adversarial Loss: 1.0683 | Valid Loss: 0.5130 (Gen: 3.4270, Adv: 0.5130) | Perplexity: 29.34 (train) / 30.78 (val) | Token Acc: 1.42% (train) / 0.81% (val) | LR: 1.00e-06
Epoch 335/400: Total Loss: 1.0376 | Generator Loss: 3.3792 | Adversarial Loss: 1.0376 | Valid Loss: 0.5279 (Gen: 3.4270, Adv: 0.5279) | Perplexity: 29.35 (train) / 30.78 (val) | Token Acc: 1.46% (train) / 0.81% (val) | LR: 1.00e-06
Epoch 336/400: Total Loss: 1.0600 | Generator Loss: 3.3789 | Adversarial Loss: 1.0600 | Valid Loss: 0.5422 (Gen: 3.4270, Adv: 0.5422) | Perplexity: 29.34 (train) / 30.78 (val) | Token Acc: 1.40% (train) / 0.81% (val) | LR: 1.00e-06
Epoch 337/400: Total Loss: 1.0517 | Generator Loss: 3.3782 | Adversarial Loss: 1.0517 | Valid Loss: 0.5353 (Gen: 3.4270, Adv: 0.5353) | Perplexity: 29.32 (train) / 30.78 (val) | Token Acc: 1.45% (train) / 0.81% (val) | LR: 1.00e-06
Epoch 338/400: Total Loss: 1.0554 | Generator Loss: 3.3793 | Adversarial Loss: 1.0554 | Valid Loss: 0.5353 (Gen: 3.4270, Adv: 0.5353) | Perplexity: 29.35 (train) / 30.78 (val) | Token Acc: 1.48% (train) / 0.81% (val) | LR: 1.00e-06
Epoch 339/400: Total Loss: 1.0523 | Generator Loss: 3.3778 | Adversarial Loss: 1.0523 | Valid Loss: 0.5133 (Gen: 3.4270, Adv: 0.5133) | Perplexity: 29.31 (train) / 30.78 (val) | Token Acc: 1.42% (train) / 0.81% (val) | LR: 1.00e-06
Epoch 340/400: Total Loss: 1.0727 | Generator Loss: 3.3789 | Adversarial Loss: 1.0727 | Valid Loss: 0.5462 (Gen: 3.4270, Adv: 0.5462) | Perplexity: 29.34 (train) / 30.78 (val) | Token Acc: 1.45% (train) / 0.81% (val) | LR: 1.00e-06
Epoch 341/400: Total Loss: 1.0672 | Generator Loss: 3.3797 | Adversarial Loss: 1.0672 | Valid Loss: 0.5381 (Gen: 3.4270, Adv: 0.5381) | Perplexity: 29.36 (train) / 30.78 (val) | Token Acc: 1.43% (train) / 0.81% (val) | LR: 1.00e-06
Epoch 342/400: Total Loss: 1.0599 | Generator Loss: 3.3792 | Adversarial Loss: 1.0599 | Valid Loss: 0.5653 (Gen: 3.4270, Adv: 0.5653) | Perplexity: 29.35 (train) / 30.78 (val) | Token Acc: 1.42% (train) / 0.81% (val) | LR: 1.00e-06
Epoch 343/400: Total Loss: 1.0512 | Generator Loss: 3.3786 | Adversarial Loss: 1.0512 | Valid Loss: 0.5517 (Gen: 3.4270, Adv: 0.5517) | Perplexity: 29.33 (train) / 30.78 (val) | Token Acc: 1.41% (train) / 0.81% (val) | LR: 1.00e-06
Epoch 344/400: Total Loss: 1.0553 | Generator Loss: 3.3789 | Adversarial Loss: 1.0553 | Valid Loss: 0.5489 (Gen: 3.4270, Adv: 0.5489) | Perplexity: 29.34 (train) / 30.78 (val) | Token Acc: 1.40% (train) / 0.81% (val) | LR: 1.00e-06
Epoch 345/400: Total Loss: 1.0602 | Generator Loss: 3.3790 | Adversarial Loss: 1.0602 | Valid Loss: 0.5752 (Gen: 3.4270, Adv: 0.5752) | Perplexity: 29.34 (train) / 30.78 (val) | Token Acc: 1.51% (train) / 0.81% (val) | LR: 1.00e-06
Epoch 346/400: Total Loss: 1.0646 | Generator Loss: 3.3789 | Adversarial Loss: 1.0646 | Valid Loss: 0.5327 (Gen: 3.4270, Adv: 0.5327) | Perplexity: 29.34 (train) / 30.78 (val) | Token Acc: 1.42% (train) / 0.81% (val) | LR: 1.00e-06
Epoch 347/400: Total Loss: 1.0523 | Generator Loss: 3.3787 | Adversarial Loss: 1.0523 | Valid Loss: 0.5203 (Gen: 3.4270, Adv: 0.5203) | Perplexity: 29.33 (train) / 30.78 (val) | Token Acc: 1.48% (train) / 0.81% (val) | LR: 1.00e-06
Epoch 348/400: Total Loss: 1.0441 | Generator Loss: 3.3789 | Adversarial Loss: 1.0441 | Valid Loss: 0.5288 (Gen: 3.4270, Adv: 0.5288) | Perplexity: 29.34 (train) / 30.78 (val) | Token Acc: 1.44% (train) / 0.81% (val) | LR: 1.00e-06
Epoch 349/400: Total Loss: 1.0449 | Generator Loss: 3.3789 | Adversarial Loss: 1.0449 | Valid Loss: 0.5220 (Gen: 3.4270, Adv: 0.5220) | Perplexity: 29.34 (train) / 30.78 (val) | Token Acc: 1.50% (train) / 0.81% (val) | LR: 1.00e-06
Epoch 350/400: Total Loss: 1.0572 | Generator Loss: 3.3793 | Adversarial Loss: 1.0572 | Valid Loss: 0.5345 (Gen: 3.4270, Adv: 0.5345) | Perplexity: 29.35 (train) / 30.78 (val) | Token Acc: 1.47% (train) / 0.81% (val) | LR: 1.00e-06
Epoch 351/400: Total Loss: 1.0717 | Generator Loss: 3.3798 | Adversarial Loss: 1.0717 | Valid Loss: 0.5406 (Gen: 3.4270, Adv: 0.5406) | Perplexity: 29.37 (train) / 30.78 (val) | Token Acc: 1.41% (train) / 0.81% (val) | LR: 1.00e-06
Epoch 352/400: Total Loss: 1.0574 | Generator Loss: 3.3792 | Adversarial Loss: 1.0574 | Valid Loss: 0.5258 (Gen: 3.4270, Adv: 0.5258) | Perplexity: 29.35 (train) / 30.78 (val) | Token Acc: 1.48% (train) / 0.81% (val) | LR: 1.00e-06
Epoch 353/400: Total Loss: 1.0706 | Generator Loss: 3.3793 | Adversarial Loss: 1.0706 | Valid Loss: 0.5570 (Gen: 3.4270, Adv: 0.5570) | Perplexity: 29.35 (train) / 30.78 (val) | Token Acc: 1.41% (train) / 0.81% (val) | LR: 1.00e-06
Epoch 354/400: Total Loss: 1.0571 | Generator Loss: 3.3800 | Adversarial Loss: 1.0571 | Valid Loss: 0.5103 (Gen: 3.4270, Adv: 0.5103) | Perplexity: 29.37 (train) / 30.78 (val) | Token Acc: 1.40% (train) / 0.81% (val) | LR: 1.00e-06
Epoch 355/400: Total Loss: 1.0452 | Generator Loss: 3.3789 | Adversarial Loss: 1.0452 | Valid Loss: 0.5304 (Gen: 3.4270, Adv: 0.5304) | Perplexity: 29.34 (train) / 30.78 (val) | Token Acc: 1.48% (train) / 0.81% (val) | LR: 1.00e-06
Epoch 356/400: Total Loss: 1.0471 | Generator Loss: 3.3790 | Adversarial Loss: 1.0471 | Valid Loss: 0.5383 (Gen: 3.4270, Adv: 0.5383) | Perplexity: 29.34 (train) / 30.78 (val) | Token Acc: 1.44% (train) / 0.81% (val) | LR: 1.00e-06
Epoch 357/400: Total Loss: 1.0517 | Generator Loss: 3.3787 | Adversarial Loss: 1.0517 | Valid Loss: 0.5125 (Gen: 3.4270, Adv: 0.5125) | Perplexity: 29.33 (train) / 30.78 (val) | Token Acc: 1.49% (train) / 0.81% (val) | LR: 1.00e-06
Epoch 358/400: Total Loss: 1.0791 | Generator Loss: 3.3788 | Adversarial Loss: 1.0791 | Valid Loss: 0.5443 (Gen: 3.4270, Adv: 0.5443) | Perplexity: 29.34 (train) / 30.78 (val) | Token Acc: 1.44% (train) / 0.81% (val) | LR: 1.00e-06
Epoch 359/400: Total Loss: 1.0592 | Generator Loss: 3.3789 | Adversarial Loss: 1.0592 | Valid Loss: 0.5527 (Gen: 3.4270, Adv: 0.5527) | Perplexity: 29.34 (train) / 30.78 (val) | Token Acc: 1.41% (train) / 0.81% (val) | LR: 1.00e-06
Epoch 360/400: Total Loss: 1.0500 | Generator Loss: 3.3795 | Adversarial Loss: 1.0500 | Valid Loss: 0.5125 (Gen: 3.4270, Adv: 0.5125) | Perplexity: 29.36 (train) / 30.78 (val) | Token Acc: 1.44% (train) / 0.81% (val) | LR: 1.00e-06
Epoch 361/400: Total Loss: 1.0749 | Generator Loss: 3.3792 | Adversarial Loss: 1.0749 | Valid Loss: 0.5360 (Gen: 3.4270, Adv: 0.5360) | Perplexity: 29.35 (train) / 30.78 (val) | Token Acc: 1.54% (train) / 0.81% (val) | LR: 1.00e-06
Epoch 362/400: Total Loss: 1.0608 | Generator Loss: 3.3791 | Adversarial Loss: 1.0608 | Valid Loss: 0.5288 (Gen: 3.4270, Adv: 0.5288) | Perplexity: 29.35 (train) / 30.78 (val) | Token Acc: 1.44% (train) / 0.81% (val) | LR: 1.00e-06
Epoch 363/400: Total Loss: 1.0648 | Generator Loss: 3.3788 | Adversarial Loss: 1.0648 | Valid Loss: 0.5278 (Gen: 3.4270, Adv: 0.5278) | Perplexity: 29.34 (train) / 30.78 (val) | Token Acc: 1.44% (train) / 0.81% (val) | LR: 1.00e-06
Epoch 364/400: Total Loss: 1.0644 | Generator Loss: 3.3804 | Adversarial Loss: 1.0644 | Valid Loss: 0.5435 (Gen: 3.4270, Adv: 0.5435) | Perplexity: 29.38 (train) / 30.78 (val) | Token Acc: 1.46% (train) / 0.81% (val) | LR: 1.00e-06
Epoch 365/400: Total Loss: 1.0501 | Generator Loss: 3.3792 | Adversarial Loss: 1.0501 | Valid Loss: 0.5509 (Gen: 3.4270, Adv: 0.5509) | Perplexity: 29.35 (train) / 30.78 (val) | Token Acc: 1.39% (train) / 0.81% (val) | LR: 1.00e-06
Epoch 366/400: Total Loss: 1.0585 | Generator Loss: 3.3786 | Adversarial Loss: 1.0585 | Valid Loss: 0.5354 (Gen: 3.4270, Adv: 0.5354) | Perplexity: 29.33 (train) / 30.78 (val) | Token Acc: 1.44% (train) / 0.81% (val) | LR: 1.00e-06
Epoch 367/400: Total Loss: 1.0692 | Generator Loss: 3.3790 | Adversarial Loss: 1.0692 | Valid Loss: 0.5612 (Gen: 3.4270, Adv: 0.5612) | Perplexity: 29.34 (train) / 30.78 (val) | Token Acc: 1.41% (train) / 0.81% (val) | LR: 1.00e-06
Epoch 368/400: Total Loss: 1.0777 | Generator Loss: 3.3788 | Adversarial Loss: 1.0777 | Valid Loss: 0.5324 (Gen: 3.4270, Adv: 0.5324) | Perplexity: 29.34 (train) / 30.78 (val) | Token Acc: 1.34% (train) / 0.81% (val) | LR: 1.00e-06
Epoch 369/400: Total Loss: 1.0597 | Generator Loss: 3.3791 | Adversarial Loss: 1.0597 | Valid Loss: 0.5751 (Gen: 3.4270, Adv: 0.5751) | Perplexity: 29.34 (train) / 30.78 (val) | Token Acc: 1.43% (train) / 0.81% (val) | LR: 1.00e-06
Epoch 370/400: Total Loss: 1.0677 | Generator Loss: 3.3796 | Adversarial Loss: 1.0677 | Valid Loss: 0.5282 (Gen: 3.4270, Adv: 0.5282) | Perplexity: 29.36 (train) / 30.78 (val) | Token Acc: 1.39% (train) / 0.81% (val) | LR: 1.00e-06
Epoch 371/400: Total Loss: 1.0707 | Generator Loss: 3.3787 | Adversarial Loss: 1.0707 | Valid Loss: 0.5265 (Gen: 3.4270, Adv: 0.5265) | Perplexity: 29.33 (train) / 30.78 (val) | Token Acc: 1.43% (train) / 0.81% (val) | LR: 1.00e-06
Epoch 372/400: Total Loss: 1.0838 | Generator Loss: 3.3791 | Adversarial Loss: 1.0838 | Valid Loss: 0.5638 (Gen: 3.4270, Adv: 0.5638) | Perplexity: 29.34 (train) / 30.78 (val) | Token Acc: 1.55% (train) / 0.81% (val) | LR: 1.00e-06
Epoch 373/400: Total Loss: 1.0669 | Generator Loss: 3.3783 | Adversarial Loss: 1.0669 | Valid Loss: 0.5200 (Gen: 3.4270, Adv: 0.5200) | Perplexity: 29.32 (train) / 30.78 (val) | Token Acc: 1.46% (train) / 0.81% (val) | LR: 1.00e-06
Epoch 374/400: Total Loss: 1.0587 | Generator Loss: 3.3792 | Adversarial Loss: 1.0587 | Valid Loss: 0.5474 (Gen: 3.4270, Adv: 0.5474) | Perplexity: 29.35 (train) / 30.78 (val) | Token Acc: 1.43% (train) / 0.81% (val) | LR: 1.00e-06
Epoch 375/400: Total Loss: 1.0702 | Generator Loss: 3.3793 | Adversarial Loss: 1.0702 | Valid Loss: 0.5520 (Gen: 3.4270, Adv: 0.5520) | Perplexity: 29.35 (train) / 30.78 (val) | Token Acc: 1.45% (train) / 0.81% (val) | LR: 1.00e-06
Epoch 376/400: Total Loss: 1.0430 | Generator Loss: 3.3797 | Adversarial Loss: 1.0430 | Valid Loss: 0.5462 (Gen: 3.4270, Adv: 0.5462) | Perplexity: 29.36 (train) / 30.78 (val) | Token Acc: 1.55% (train) / 0.81% (val) | LR: 1.00e-06
Epoch 377/400: Total Loss: 1.0659 | Generator Loss: 3.3787 | Adversarial Loss: 1.0659 | Valid Loss: 0.5244 (Gen: 3.4270, Adv: 0.5244) | Perplexity: 29.33 (train) / 30.78 (val) | Token Acc: 1.45% (train) / 0.81% (val) | LR: 1.00e-06
Epoch 378/400: Total Loss: 1.0874 | Generator Loss: 3.3790 | Adversarial Loss: 1.0874 | Valid Loss: 0.5538 (Gen: 3.4270, Adv: 0.5538) | Perplexity: 29.34 (train) / 30.78 (val) | Token Acc: 1.44% (train) / 0.81% (val) | LR: 1.00e-06
Epoch 379/400: Total Loss: 1.0787 | Generator Loss: 3.3790 | Adversarial Loss: 1.0787 | Valid Loss: 0.5332 (Gen: 3.4270, Adv: 0.5332) | Perplexity: 29.34 (train) / 30.78 (val) | Token Acc: 1.49% (train) / 0.81% (val) | LR: 1.00e-06
Epoch 380/400: Total Loss: 1.0626 | Generator Loss: 3.3803 | Adversarial Loss: 1.0626 | Valid Loss: 0.5107 (Gen: 3.4270, Adv: 0.5107) | Perplexity: 29.38 (train) / 30.78 (val) | Token Acc: 1.44% (train) / 0.81% (val) | LR: 1.00e-06
Epoch 381/400: Total Loss: 1.0536 | Generator Loss: 3.3788 | Adversarial Loss: 1.0536 | Valid Loss: 0.5740 (Gen: 3.4270, Adv: 0.5740) | Perplexity: 29.34 (train) / 30.78 (val) | Token Acc: 1.47% (train) / 0.81% (val) | LR: 1.00e-06
Epoch 382/400: Total Loss: 1.0434 | Generator Loss: 3.3799 | Adversarial Loss: 1.0434 | Valid Loss: 0.5446 (Gen: 3.4270, Adv: 0.5446) | Perplexity: 29.37 (train) / 30.78 (val) | Token Acc: 1.33% (train) / 0.81% (val) | LR: 1.00e-06
Epoch 383/400: Total Loss: 1.0599 | Generator Loss: 3.3790 | Adversarial Loss: 1.0599 | Valid Loss: 0.5420 (Gen: 3.4270, Adv: 0.5420) | Perplexity: 29.34 (train) / 30.78 (val) | Token Acc: 1.38% (train) / 0.81% (val) | LR: 1.00e-06
Epoch 384/400: Total Loss: 1.0778 | Generator Loss: 3.3789 | Adversarial Loss: 1.0778 | Valid Loss: 0.5162 (Gen: 3.4270, Adv: 0.5162) | Perplexity: 29.34 (train) / 30.78 (val) | Token Acc: 1.48% (train) / 0.81% (val) | LR: 1.00e-06
Epoch 385/400: Total Loss: 1.0458 | Generator Loss: 3.3792 | Adversarial Loss: 1.0458 | Valid Loss: 0.5480 (Gen: 3.4270, Adv: 0.5480) | Perplexity: 29.35 (train) / 30.78 (val) | Token Acc: 1.45% (train) / 0.81% (val) | LR: 1.00e-06
Epoch 386/400: Total Loss: 1.0566 | Generator Loss: 3.3792 | Adversarial Loss: 1.0566 | Valid Loss: 0.5700 (Gen: 3.4270, Adv: 0.5700) | Perplexity: 29.35 (train) / 30.78 (val) | Token Acc: 1.43% (train) / 0.81% (val) | LR: 1.00e-06
Epoch 387/400: Total Loss: 1.0463 | Generator Loss: 3.3794 | Adversarial Loss: 1.0463 | Valid Loss: 0.5307 (Gen: 3.4270, Adv: 0.5307) | Perplexity: 29.35 (train) / 30.78 (val) | Token Acc: 1.46% (train) / 0.81% (val) | LR: 1.00e-06
Epoch 388/400: Total Loss: 1.0562 | Generator Loss: 3.3791 | Adversarial Loss: 1.0562 | Valid Loss: 0.5371 (Gen: 3.4270, Adv: 0.5371) | Perplexity: 29.34 (train) / 30.78 (val) | Token Acc: 1.50% (train) / 0.81% (val) | LR: 1.00e-06
Epoch 389/400: Total Loss: 1.0595 | Generator Loss: 3.3793 | Adversarial Loss: 1.0595 | Valid Loss: 0.5422 (Gen: 3.4270, Adv: 0.5422) | Perplexity: 29.35 (train) / 30.78 (val) | Token Acc: 1.45% (train) / 0.81% (val) | LR: 1.00e-06
Epoch 390/400: Total Loss: 1.0658 | Generator Loss: 3.3793 | Adversarial Loss: 1.0658 | Valid Loss: 0.5404 (Gen: 3.4270, Adv: 0.5404) | Perplexity: 29.35 (train) / 30.78 (val) | Token Acc: 1.50% (train) / 0.81% (val) | LR: 1.00e-06
Epoch 391/400: Total Loss: 1.0564 | Generator Loss: 3.3787 | Adversarial Loss: 1.0564 | Valid Loss: 0.5324 (Gen: 3.4270, Adv: 0.5324) | Perplexity: 29.33 (train) / 30.78 (val) | Token Acc: 1.44% (train) / 0.81% (val) | LR: 1.00e-06
Epoch 392/400: Total Loss: 1.0560 | Generator Loss: 3.3797 | Adversarial Loss: 1.0560 | Valid Loss: 0.5598 (Gen: 3.4270, Adv: 0.5598) | Perplexity: 29.36 (train) / 30.78 (val) | Token Acc: 1.39% (train) / 0.81% (val) | LR: 1.00e-06
Epoch 393/400: Total Loss: 1.0376 | Generator Loss: 3.3778 | Adversarial Loss: 1.0376 | Valid Loss: 0.5495 (Gen: 3.4270, Adv: 0.5495) | Perplexity: 29.31 (train) / 30.78 (val) | Token Acc: 1.44% (train) / 0.81% (val) | LR: 1.00e-06
Epoch 394/400: Total Loss: 1.0576 | Generator Loss: 3.3795 | Adversarial Loss: 1.0576 | Valid Loss: 0.5532 (Gen: 3.4270, Adv: 0.5532) | Perplexity: 29.36 (train) / 30.78 (val) | Token Acc: 1.44% (train) / 0.81% (val) | LR: 1.00e-06
Epoch 395/400: Total Loss: 1.0471 | Generator Loss: 3.3786 | Adversarial Loss: 1.0471 | Valid Loss: 0.5335 (Gen: 3.4270, Adv: 0.5335) | Perplexity: 29.33 (train) / 30.78 (val) | Token Acc: 1.41% (train) / 0.81% (val) | LR: 1.00e-06
Epoch 396/400: Total Loss: 1.0464 | Generator Loss: 3.3790 | Adversarial Loss: 1.0464 | Valid Loss: 0.5450 (Gen: 3.4270, Adv: 0.5450) | Perplexity: 29.34 (train) / 30.78 (val) | Token Acc: 1.50% (train) / 0.81% (val) | LR: 1.00e-06
Epoch 397/400: Total Loss: 1.0625 | Generator Loss: 3.3797 | Adversarial Loss: 1.0625 | Valid Loss: 0.5277 (Gen: 3.4270, Adv: 0.5277) | Perplexity: 29.36 (train) / 30.78 (val) | Token Acc: 1.43% (train) / 0.81% (val) | LR: 1.00e-06
Epoch 398/400: Total Loss: 1.0536 | Generator Loss: 3.3781 | Adversarial Loss: 1.0536 | Valid Loss: 0.5537 (Gen: 3.4270, Adv: 0.5537) | Perplexity: 29.32 (train) / 30.78 (val) | Token Acc: 1.49% (train) / 0.81% (val) | LR: 1.00e-06
Epoch 399/400: Total Loss: 1.0519 | Generator Loss: 3.3789 | Adversarial Loss: 1.0519 | Valid Loss: 0.5433 (Gen: 3.4270, Adv: 0.5433) | Perplexity: 29.34 (train) / 30.78 (val) | Token Acc: 1.42% (train) / 0.81% (val) | LR: 1.00e-06
Epoch 400/400: Total Loss: 1.0639 | Generator Loss: 3.3793 | Adversarial Loss: 1.0639 | Valid Loss: 0.5609 (Gen: 3.4270, Adv: 0.5609) | Perplexity: 29.35 (train) / 30.78 (val) | Token Acc: 1.43% (train) / 0.81% (val) | LR: 1.00e-06

============================================================
Training completed!
Best model from epoch 29/400
Best validation loss: 0.4921 (includes adversarial loss)
Model saved to: /dfs9/tw/yuanmis1/mrsec/ML-MD-Peptide/DL_for_Peptide/ML_dEdge_gen/v1+2/models/ConditionalGenerator_v1v2_lr_0.0005_bs_512.pt
Training metrics saved to: /dfs9/tw/yuanmis1/mrsec/ML-MD-Peptide/DL_for_Peptide/ML_dEdge_gen/v1+2/data/training_metrics_lr0.0005_bs512_lam1.0_ep400_1.csv
============================================================
Training completed with parameters:
Model: ConditionalGenerator
Architecture: d_model=512, d_ff=2048, n_layers=6, n_heads=8
Training: epochs=400, batch_size=512, lr=0.0005, lambda_adv=1.0
Data: Combined iteration1 (v1) and iteration2 (v2)
